================================================
PRUNING EXPERIMENT
================================================
Job ID: 340955
Config: prune_ema_s02_10pct_seed456.json
Starting at: Wed Dec 31 23:47:57 IST 2025
Node: lambda2

environment: line 38: /usr/bin/tclsh8.6: No such file or directory
environment: line 38: /usr/bin/tclsh8.6: No such file or directory
Python: /home/badran.abed/miniconda3/envs/imugr/bin/python
Conda env: imugr

================================================
STARTING PRUNING
================================================
Loading config from: config/pruning/prune_ema_s02_10pct_seed456.json
Using device: cuda:0
Loading data...
Loading dataset...
Applying ema filter to sensor data...
Filter settings: EMA with alpha=0.3
Filtering training data...
Filtering test data...
Low-pass filtering complete.
Removing irrelevant data...
Concatenating samples...
Normalizaing inputs...
Total samples for train: 2213950.
Total samples for test: 282973.
Train samples: 2213950, Test samples: 282973
Loading pretrained model from: outputs/cnn_filter_comparison/ema_a03_s02_a03/model_weights_10.pt

================================================================================
BASELINE EVALUATION (Before Pruning)
================================================================================
Baseline Accuracy: 0.9641
Baseline Recall:   0.9047
Baseline Precision: 0.9512
Baseline Size:     56.36 KB
Baseline Params:   13,897

Target Pruning: 10%
Pruning Schedule: 2 iterations

================================================================================
ITERATION 1/2: Prune 5%, Fine-tune 3 epochs
================================================================================

Applying pruning...
Pruned FC Layer 1: 64 → 61 neurons (3 removed, 4.7%)

Evaluating after pruning (before fine-tuning)...
After Pruning: Accuracy = 0.9386 (drop: 0.0254)

Fine-tuning for 3 epochs with LRs: [0.0001, 1e-05, 1e-05]...
  Epoch 1/3: Train Loss = 0.1011, Test Acc = 0.9602, LR = 1.00e-04
  Epoch 2/3: Train Loss = 0.0967, Test Acc = 0.9610, LR = 1.00e-05
  Epoch 3/3: Train Loss = 0.0964, Test Acc = 0.9628, LR = 1.00e-05

Iteration 1 Summary:
  Accuracy:   0.9628
  Recall:     0.8986
  Precision:  0.9534
  Model Size: 106.36 KB
  Parameters: 13,897
  Saved: outputs/pruning/ema_s02_prune10pct_seed456/pruned_iter1.pt

================================================================================
ITERATION 2/2: Prune 5%, Fine-tune 3 epochs
================================================================================

Applying pruning...
Pruned FC Layer 1: 64 → 58 neurons (6 removed, 9.4%)

Evaluating after pruning (before fine-tuning)...
After Pruning: Accuracy = 0.9451 (drop: 0.0189)

Fine-tuning for 3 epochs with LRs: [0.0001, 1e-05, 1e-05]...
  Epoch 1/3: Train Loss = 0.0994, Test Acc = 0.9619, LR = 1.00e-04
  Epoch 2/3: Train Loss = 0.0958, Test Acc = 0.9634, LR = 1.00e-05
  Epoch 3/3: Train Loss = 0.0952, Test Acc = 0.9601, LR = 1.00e-05

Iteration 2 Summary:
  Accuracy:   0.9601
  Recall:     0.8894
  Precision:  0.9472
  Model Size: 106.36 KB
  Parameters: 13,897
  Saved: outputs/pruning/ema_s02_prune10pct_seed456/pruned_iter2.pt

================================================================================
FINALIZING: Making pruning permanent
================================================================================
Made pruning permanent: 106.36 KB → 56.36 KB (50.00 KB saved)
Parameters: 13897 → 13897 (0 removed)

================================================================================
FINAL EVALUATION
================================================================================
Final Accuracy:   0.9601 (baseline: 0.9641)
Accuracy Drop:    0.0040
Final Recall:     0.8894
Final Precision:  0.9472
Final Size:       56.36 KB (baseline: 56.36 KB)
Size Reduction:   0.00 KB (0.0%)
Final Parameters: 13,897 (baseline: 13,897)
Compression Ratio: 1.00×

Saved final model: outputs/pruning/ema_s02_prune10pct_seed456/pruned_final.pt

All results saved to: outputs/pruning/ema_s02_prune10pct_seed456
================================================================================
PRUNING COMPLETE!
================================================================================

================================================
EXPERIMENT COMPLETE
================================================
Exit code: 0
Finished at: Thu Jan  1 02:32:40 IST 2026
✓ Success
