================================================
PRUNING EXPERIMENT
================================================
Job ID: 341196
Config: prune_ema_s03_20pct_seed123.json
Starting at: Fri 02 Jan 2026 03:04:50 AM IST
Node: lambda1

Python: /home/zina.assi/miniconda3/envs/imugr/bin/python
Conda env: imugr

================================================
STARTING PRUNING
================================================
Loading config from: config/pruning/prune_ema_s03_20pct_seed123.json
Using device: cuda:0
Loading data...
Loading dataset...
Applying ema filter to sensor data...
Filter settings: EMA with alpha=0.3
Filtering training data...
Filtering test data...
Low-pass filtering complete.
Removing irrelevant data...
Concatenating samples...
Normalizaing inputs...
Total samples for train: 2280081.
Total samples for test: 216842.
Train samples: 2280081, Test samples: 216842
Loading pretrained model from: outputs/cnn_filter_comparison/ema_a03_s03_a03/model_weights_10.pt

================================================================================
BASELINE EVALUATION (Before Pruning)
================================================================================
Baseline Accuracy: 0.9645
Baseline Recall:   0.8969
Baseline Precision: 0.9512
Baseline Size:     56.36 KB
Baseline Params:   13,897

Target Pruning: 20%
Pruning Schedule: 2 iterations

================================================================================
ITERATION 1/2: Prune 10%, Fine-tune 3 epochs
================================================================================

Applying pruning...
Pruned FC Layer 1: 64 → 58 neurons (6 removed, 9.4%)

Evaluating after pruning (before fine-tuning)...
After Pruning: Accuracy = 0.9235 (drop: 0.0410)

Fine-tuning for 3 epochs with LRs: [0.0001, 1e-05, 1e-05]...
  Epoch 1/3: Train Loss = 0.0995, Test Acc = 0.9627, LR = 1.00e-04
  Epoch 2/3: Train Loss = 0.0952, Test Acc = 0.9613, LR = 1.00e-05
  Epoch 3/3: Train Loss = 0.0945, Test Acc = 0.9635, LR = 1.00e-05

Iteration 1 Summary:
  Accuracy:   0.9635
  Recall:     0.8913
  Precision:  0.9509
  Model Size: 106.36 KB
  Parameters: 13,897
  Saved: outputs/pruning/ema_s03_prune20pct_seed123/pruned_iter1.pt

================================================================================
ITERATION 2/2: Prune 10%, Fine-tune 4 epochs
================================================================================

Applying pruning...
Pruned FC Layer 1: 64 → 52 neurons (12 removed, 18.8%)

Evaluating after pruning (before fine-tuning)...
After Pruning: Accuracy = 0.8937 (drop: 0.0708)

Fine-tuning for 4 epochs with LRs: [0.0001, 1e-05, 1e-05, 1e-06]...
  Epoch 1/4: Train Loss = 0.0988, Test Acc = 0.9614, LR = 1.00e-04
  Epoch 2/4: Train Loss = 0.0950, Test Acc = 0.9630, LR = 1.00e-05
  Epoch 3/4: Train Loss = 0.0942, Test Acc = 0.9641, LR = 1.00e-05
  Epoch 4/4: Train Loss = 0.0939, Test Acc = 0.9642, LR = 1.00e-06

Iteration 2 Summary:
  Accuracy:   0.9642
  Recall:     0.8965
  Precision:  0.9504
  Model Size: 106.36 KB
  Parameters: 13,897
  Saved: outputs/pruning/ema_s03_prune20pct_seed123/pruned_iter2.pt

================================================================================
FINALIZING: Making pruning permanent
================================================================================
Made pruning permanent: 106.36 KB → 56.36 KB (50.00 KB saved)
Parameters: 13897 → 13897 (0 removed)

================================================================================
FINAL EVALUATION
================================================================================
Final Accuracy:   0.9642 (baseline: 0.9645)
Accuracy Drop:    0.0003
Final Recall:     0.8965
Final Precision:  0.9504
Final Size:       56.36 KB (baseline: 56.36 KB)
Size Reduction:   0.00 KB (0.0%)
Final Parameters: 13,897 (baseline: 13,897)
Compression Ratio: 1.00×

Saved final model: outputs/pruning/ema_s03_prune20pct_seed123/pruned_final.pt

All results saved to: outputs/pruning/ema_s03_prune20pct_seed123
================================================================================
PRUNING COMPLETE!
================================================================================

================================================
EXPERIMENT COMPLETE
================================================
Exit code: 0
Finished at: Fri 02 Jan 2026 06:34:56 AM IST
✓ Success
