================================================
PRUNING EXPERIMENT
================================================
Job ID: 341104
Config: prune_ema_s06_30pct_seed42.json
Starting at: Thu 01 Jan 2026 05:31:59 PM IST
Node: lambda1

environment: line 38: /usr/bin/tclsh8.6: No such file or directory
environment: line 38: /usr/bin/tclsh8.6: No such file or directory
Python: /home/zina.assi/miniconda3/envs/imugr/bin/python
Conda env: imugr

================================================
STARTING PRUNING
================================================
Loading config from: config/pruning/prune_ema_s06_30pct_seed42.json
Using device: cuda:0
Loading data...
Loading dataset...
Applying ema filter to sensor data...
Filter settings: EMA with alpha=0.3
Filtering training data...
Filtering test data...
Low-pass filtering complete.
Removing irrelevant data...
Concatenating samples...
Normalizaing inputs...
Total samples for train: 2237782.
Total samples for test: 259141.
Train samples: 2237782, Test samples: 259141
Loading pretrained model from: outputs/cnn_filter_comparison/ema_a03_s06_a03/model_weights_10.pt

================================================================================
BASELINE EVALUATION (Before Pruning)
================================================================================
Baseline Accuracy: 0.9600
Baseline Recall:   0.8934
Baseline Precision: 0.9216
Baseline Size:     56.36 KB
Baseline Params:   13,897

Target Pruning: 30%
Pruning Schedule: 3 iterations

================================================================================
ITERATION 1/3: Prune 10%, Fine-tune 3 epochs
================================================================================

Applying pruning...
Pruned FC Layer 1: 64 → 58 neurons (6 removed, 9.4%)

Evaluating after pruning (before fine-tuning)...
After Pruning: Accuracy = 0.9481 (drop: 0.0119)

Fine-tuning for 3 epochs with LRs: [0.0001, 1e-05, 1e-05]...
  Epoch 1/3: Train Loss = 0.0961, Test Acc = 0.9595, LR = 1.00e-04
  Epoch 2/3: Train Loss = 0.0919, Test Acc = 0.9610, LR = 1.00e-05
  Epoch 3/3: Train Loss = 0.0910, Test Acc = 0.9607, LR = 1.00e-05

Iteration 1 Summary:
  Accuracy:   0.9607
  Recall:     0.8917
  Precision:  0.9248
  Model Size: 106.36 KB
  Parameters: 13,897
  Saved: outputs/pruning/ema_s06_prune30pct_seed42/pruned_iter1.pt

================================================================================
ITERATION 2/3: Prune 10%, Fine-tune 3 epochs
================================================================================

Applying pruning...
Pruned FC Layer 1: 64 → 52 neurons (12 removed, 18.8%)

Evaluating after pruning (before fine-tuning)...
After Pruning: Accuracy = 0.9496 (drop: 0.0104)

Fine-tuning for 3 epochs with LRs: [0.0001, 1e-05, 1e-05]...
  Epoch 1/3: Train Loss = 0.0957, Test Acc = 0.9599, LR = 1.00e-04
  Epoch 2/3: Train Loss = 0.0919, Test Acc = 0.9613, LR = 1.00e-05
  Epoch 3/3: Train Loss = 0.0912, Test Acc = 0.9609, LR = 1.00e-05

Iteration 2 Summary:
  Accuracy:   0.9609
  Recall:     0.8920
  Precision:  0.9259
  Model Size: 106.36 KB
  Parameters: 13,897
  Saved: outputs/pruning/ema_s06_prune30pct_seed42/pruned_iter2.pt

================================================================================
ITERATION 3/3: Prune 10%, Fine-tune 4 epochs
================================================================================

Applying pruning...
Pruned FC Layer 1: 64 → 47 neurons (17 removed, 26.6%)

Evaluating after pruning (before fine-tuning)...
After Pruning: Accuracy = 0.9480 (drop: 0.0120)

Fine-tuning for 4 epochs with LRs: [1e-05, 1e-05, 1e-06, 1e-06]...
  Epoch 1/4: Train Loss = 0.0973, Test Acc = 0.9591, LR = 1.00e-05
  Epoch 2/4: Train Loss = 0.0948, Test Acc = 0.9585, LR = 1.00e-05
  Epoch 3/4: Train Loss = 0.0942, Test Acc = 0.9588, LR = 1.00e-06
  Epoch 4/4: Train Loss = 0.0942, Test Acc = 0.9590, LR = 1.00e-06

Iteration 3 Summary:
  Accuracy:   0.9590
  Recall:     0.8845
  Precision:  0.9247
  Model Size: 106.36 KB
  Parameters: 13,897
  Saved: outputs/pruning/ema_s06_prune30pct_seed42/pruned_iter3.pt

================================================================================
FINALIZING: Making pruning permanent
================================================================================
Made pruning permanent: 106.36 KB → 56.36 KB (50.00 KB saved)
Parameters: 13897 → 13897 (0 removed)

================================================================================
FINAL EVALUATION
================================================================================
Final Accuracy:   0.9590 (baseline: 0.9600)
Accuracy Drop:    0.0010
Final Recall:     0.8845
Final Precision:  0.9247
Final Size:       56.36 KB (baseline: 56.36 KB)
Size Reduction:   0.00 KB (0.0%)
Final Parameters: 13,897 (baseline: 13,897)
Compression Ratio: 1.00×

Saved final model: outputs/pruning/ema_s06_prune30pct_seed42/pruned_final.pt

All results saved to: outputs/pruning/ema_s06_prune30pct_seed42
================================================================================
PRUNING COMPLETE!
================================================================================

================================================
EXPERIMENT COMPLETE
================================================
Exit code: 0
Finished at: Thu 01 Jan 2026 09:45:52 PM IST
✓ Success
