================================================
PRUNING EXPERIMENT
================================================
Job ID: 339996
Config: prune_kalman_s03_40pct_seed42.json
Starting at: Mon Dec 29 10:29:18 IST 2025
Node: lambda2

Python: /home/zina.assi/miniconda3/envs/imugr/bin/python
Conda env: imugr

================================================
STARTING PRUNING
================================================
Loading config from: config/pruning/prune_kalman_s03_40pct_seed42.json
Using device: cuda:0
Loading data...
Loading dataset...
Applying butterworth filter to sensor data...
Filter settings: Butterworth 15Hz Order=4
Filtering training data...
Filtering test data...
Low-pass filtering complete.
Removing irrelevant data...
Concatenating samples...
Normalizaing inputs...
Total samples for train: 2280081.
Total samples for test: 216842.
Train samples: 2280081, Test samples: 216842
Loading pretrained model from: outputs_organized/05_archived_old_tests/filter_loo_kalman_s03_kalman/model_weights_10.pt

================================================================================
BASELINE EVALUATION (Before Pruning)
================================================================================
Baseline Accuracy: 0.9639
Baseline Recall:   0.8965
Baseline Precision: 0.9501
Baseline Size:     56.36 KB
Baseline Params:   13,897

Target Pruning: 40%
Pruning Schedule: 4 iterations

================================================================================
ITERATION 1/4: Prune 10%, Fine-tune 3 epochs
================================================================================

Applying pruning...
Pruned FC Layer 1: 64 → 58 neurons (6 removed, 9.4%)

Evaluating after pruning (before fine-tuning)...
After Pruning: Accuracy = 0.9325 (drop: 0.0315)

Fine-tuning for 3 epochs with LRs: [0.0001, 1e-05, 1e-05]...
  Epoch 1/3: Train Loss = 0.1000, Test Acc = 0.9616, LR = 1.00e-04
  Epoch 2/3: Train Loss = 0.0954, Test Acc = 0.9623, LR = 1.00e-05
  Epoch 3/3: Train Loss = 0.0949, Test Acc = 0.9628, LR = 1.00e-05

Iteration 1 Summary:
  Accuracy:   0.9628
  Recall:     0.8907
  Precision:  0.9523
  Model Size: 106.36 KB
  Parameters: 13,897
  Saved: outputs/pruning/kalman_s03_prune40pct_seed42/pruned_iter1.pt

================================================================================
ITERATION 2/4: Prune 10%, Fine-tune 3 epochs
================================================================================

Applying pruning...
Pruned FC Layer 1: 64 → 52 neurons (12 removed, 18.8%)

Evaluating after pruning (before fine-tuning)...
After Pruning: Accuracy = 0.9182 (drop: 0.0457)

Fine-tuning for 3 epochs with LRs: [1e-05, 1e-05, 1e-06]...
