================================================
PRUNING EXPERIMENT
================================================
Job ID: 340969
Config: prune_ema_s03_50pct_seed456.json
Starting at: Wed 31 Dec 2025 11:57:46 PM IST
Node: lambda1

environment: line 38: /usr/bin/tclsh8.6: No such file or directory
environment: line 38: /usr/bin/tclsh8.6: No such file or directory
Python: /home/zina.assi/miniconda3/envs/imugr/bin/python
Conda env: imugr

================================================
STARTING PRUNING
================================================
Loading config from: config/pruning/prune_ema_s03_50pct_seed456.json
Using device: cuda:0
Loading data...
Loading dataset...
Applying ema filter to sensor data...
Filter settings: EMA with alpha=0.3
Filtering training data...
Filtering test data...
Low-pass filtering complete.
Removing irrelevant data...
Concatenating samples...
Normalizaing inputs...
Total samples for train: 2280081.
Total samples for test: 216842.
Train samples: 2280081, Test samples: 216842
Loading pretrained model from: outputs/cnn_filter_comparison/ema_a03_s03_a03/model_weights_10.pt

================================================================================
BASELINE EVALUATION (Before Pruning)
================================================================================
Baseline Accuracy: 0.9645
Baseline Recall:   0.8969
Baseline Precision: 0.9512
Baseline Size:     56.36 KB
Baseline Params:   13,897

Target Pruning: 50%
Pruning Schedule: 5 iterations

================================================================================
ITERATION 1/5: Prune 10%, Fine-tune 3 epochs
================================================================================

Applying pruning...
Pruned FC Layer 1: 64 → 58 neurons (6 removed, 9.4%)

Evaluating after pruning (before fine-tuning)...
After Pruning: Accuracy = 0.9235 (drop: 0.0410)

Fine-tuning for 3 epochs with LRs: [0.0001, 1e-05, 1e-05]...
  Epoch 1/3: Train Loss = 0.0995, Test Acc = 0.9612, LR = 1.00e-04
  Epoch 2/3: Train Loss = 0.0952, Test Acc = 0.9636, LR = 1.00e-05
  Epoch 3/3: Train Loss = 0.0943, Test Acc = 0.9623, LR = 1.00e-05

Iteration 1 Summary:
  Accuracy:   0.9623
  Recall:     0.8861
  Precision:  0.9497
  Model Size: 106.36 KB
  Parameters: 13,897
  Saved: outputs/pruning/ema_s03_prune50pct_seed456/pruned_iter1.pt

================================================================================
ITERATION 2/5: Prune 10%, Fine-tune 3 epochs
================================================================================

Applying pruning...
Pruned FC Layer 1: 64 → 52 neurons (12 removed, 18.8%)

Evaluating after pruning (before fine-tuning)...
After Pruning: Accuracy = 0.8870 (drop: 0.0775)

Fine-tuning for 3 epochs with LRs: [1e-05, 1e-05, 1e-06]...
  Epoch 1/3: Train Loss = 0.0984, Test Acc = 0.9629, LR = 1.00e-05
  Epoch 2/3: Train Loss = 0.0970, Test Acc = 0.9635, LR = 1.00e-05
  Epoch 3/3: Train Loss = 0.0963, Test Acc = 0.9614, LR = 1.00e-06

Iteration 2 Summary:
  Accuracy:   0.9614
  Recall:     0.8841
  Precision:  0.9492
  Model Size: 106.36 KB
  Parameters: 13,897
  Saved: outputs/pruning/ema_s03_prune50pct_seed456/pruned_iter2.pt

================================================================================
ITERATION 3/5: Prune 10%, Fine-tune 3 epochs
================================================================================

Applying pruning...
Pruned FC Layer 1: 64 → 47 neurons (17 removed, 26.6%)

Evaluating after pruning (before fine-tuning)...
After Pruning: Accuracy = 0.9472 (drop: 0.0173)

Fine-tuning for 3 epochs with LRs: [1e-05, 1e-06, 1e-06]...
  Epoch 1/3: Train Loss = 0.1018, Test Acc = 0.9611, LR = 1.00e-05
  Epoch 2/3: Train Loss = 0.1001, Test Acc = 0.9628, LR = 1.00e-06
  Epoch 3/3: Train Loss = 0.1000, Test Acc = 0.9620, LR = 1.00e-06

Iteration 3 Summary:
  Accuracy:   0.9620
  Recall:     0.8855
  Precision:  0.9497
  Model Size: 106.36 KB
  Parameters: 13,897
  Saved: outputs/pruning/ema_s03_prune50pct_seed456/pruned_iter3.pt

================================================================================
ITERATION 4/5: Prune 10%, Fine-tune 3 epochs
================================================================================

Applying pruning...
Pruned FC Layer 1: 64 → 42 neurons (22 removed, 34.4%)

Evaluating after pruning (before fine-tuning)...
After Pruning: Accuracy = 0.9258 (drop: 0.0387)

Fine-tuning for 3 epochs with LRs: [1e-06, 1e-06, 1e-06]...
  Epoch 1/3: Train Loss = 0.1100, Test Acc = 0.9579, LR = 1.00e-06
  Epoch 2/3: Train Loss = 0.1065, Test Acc = 0.9584, LR = 1.00e-06
  Epoch 3/3: Train Loss = 0.1056, Test Acc = 0.9600, LR = 1.00e-06

Iteration 4 Summary:
  Accuracy:   0.9600
  Recall:     0.8777
  Precision:  0.9473
  Model Size: 106.36 KB
  Parameters: 13,897
  Saved: outputs/pruning/ema_s03_prune50pct_seed456/pruned_iter4.pt

================================================================================
ITERATION 5/5: Prune 10%, Fine-tune 4 epochs
================================================================================

Applying pruning...
Pruned FC Layer 1: 64 → 38 neurons (26 removed, 40.6%)

Evaluating after pruning (before fine-tuning)...
After Pruning: Accuracy = 0.9339 (drop: 0.0306)

Fine-tuning for 4 epochs with LRs: [1e-06, 1e-06, 1e-06, 1e-06]...
  Epoch 1/4: Train Loss = 0.1187, Test Acc = 0.9535, LR = 1.00e-06
  Epoch 2/4: Train Loss = 0.1133, Test Acc = 0.9521, LR = 1.00e-06
  Epoch 3/4: Train Loss = 0.1120, Test Acc = 0.9563, LR = 1.00e-06
  Epoch 4/4: Train Loss = 0.1110, Test Acc = 0.9551, LR = 1.00e-06

Iteration 5 Summary:
  Accuracy:   0.9551
  Recall:     0.8568
  Precision:  0.9390
  Model Size: 106.36 KB
  Parameters: 13,897
  Saved: outputs/pruning/ema_s03_prune50pct_seed456/pruned_iter5.pt

================================================================================
FINALIZING: Making pruning permanent
================================================================================
Made pruning permanent: 106.36 KB → 56.36 KB (50.00 KB saved)
Parameters: 13897 → 13897 (0 removed)

================================================================================
FINAL EVALUATION
================================================================================
Final Accuracy:   0.9551 (baseline: 0.9645)
Accuracy Drop:    0.0094
Final Recall:     0.8568
Final Precision:  0.9390
Final Size:       56.36 KB (baseline: 56.36 KB)
Size Reduction:   0.00 KB (0.0%)
Final Parameters: 13,897 (baseline: 13,897)
Compression Ratio: 1.00×

Saved final model: outputs/pruning/ema_s03_prune50pct_seed456/pruned_final.pt

All results saved to: outputs/pruning/ema_s03_prune50pct_seed456
================================================================================
PRUNING COMPLETE!
================================================================================

================================================
EXPERIMENT COMPLETE
================================================
Exit code: 0
Finished at: Thu 01 Jan 2026 06:47:11 AM IST
✓ Success
