================================================
PRUNING EXPERIMENT
================================================
Job ID: 339900
Config: prune_kalman_s03_40pct_seed123.json
Starting at: Sun Dec 28 23:31:13 IST 2025
Node: lambda2

Python: /home/zina.assi/miniconda3/envs/imugr/bin/python
Conda env: imugr

================================================
STARTING PRUNING
================================================
Loading config from: config/pruning/prune_kalman_s03_40pct_seed123.json
Using device: cuda:0
Loading data...
Loading dataset...
Applying butterworth filter to sensor data...
Filter settings: Butterworth 15Hz Order=4
Filtering training data...
Filtering test data...
Low-pass filtering complete.
Removing irrelevant data...
Concatenating samples...
Normalizaing inputs...
Total samples for train: 2280081.
Total samples for test: 216842.
Train samples: 2280081, Test samples: 216842
Loading pretrained model from: outputs_organized/05_archived_old_tests/filter_loo_kalman_s03_kalman/model_weights_10.pt

================================================================================
BASELINE EVALUATION (Before Pruning)
================================================================================
Baseline Accuracy: 0.9639
Baseline Recall:   0.8965
Baseline Precision: 0.9501
Baseline Size:     56.36 KB
Baseline Params:   13,897

================================================
EXPERIMENT COMPLETE
================================================
Exit code: 1
Finished at: Mon Dec 29 00:07:09 IST 2025
✗ Failed with exit code 1
