================================================
PRUNING EXPERIMENT
================================================
Job ID: 340005
Config: prune_kalman_s02_10pct_seed123.json
Starting at: Mon 29 Dec 2025 10:31:58 AM IST
Node: lambda1

environment: line 38: /usr/bin/tclsh8.6: No such file or directory
environment: line 38: /usr/bin/tclsh8.6: No such file or directory
Python: /home/badran.abed/miniconda3/envs/imugr/bin/python
Conda env: imugr

================================================
STARTING PRUNING
================================================
Loading config from: config/pruning/prune_kalman_s02_10pct_seed123.json
Using device: cuda:0
Loading data...
Loading dataset...
Applying butterworth filter to sensor data...
Filter settings: Butterworth 15Hz Order=4
Filtering training data...
Filtering test data...
Low-pass filtering complete.
Removing irrelevant data...
Concatenating samples...
Normalizaing inputs...
Total samples for train: 2213950.
Total samples for test: 282973.
Train samples: 2213950, Test samples: 282973
Loading pretrained model from: outputs_organized/05_archived_old_tests/filter_loo_kalman_s02_kalman/model_weights_10.pt

================================================================================
BASELINE EVALUATION (Before Pruning)
================================================================================
Baseline Accuracy: 0.9648
Baseline Recall:   0.9082
Baseline Precision: 0.9506
Baseline Size:     56.36 KB
Baseline Params:   13,897

Target Pruning: 10%
Pruning Schedule: 2 iterations

================================================================================
ITERATION 1/2: Prune 5%, Fine-tune 3 epochs
================================================================================

Applying pruning...
Pruned FC Layer 1: 64 → 61 neurons (3 removed, 4.7%)

Evaluating after pruning (before fine-tuning)...
After Pruning: Accuracy = 0.9539 (drop: 0.0109)

Fine-tuning for 3 epochs with LRs: [0.0001, 1e-05, 1e-05]...
  Epoch 1/3: Train Loss = 0.1006, Test Acc = 0.9609, LR = 1.00e-04
