================================================
PRUNING EXPERIMENT
================================================
Job ID: 339947
Config: prune_kalman_s03_50pct_seed42.json
Starting at: Mon 29 Dec 2025 02:23:29 AM IST
Node: lambda1

Python: /home/zina.assi/miniconda3/envs/imugr/bin/python
Conda env: imugr

================================================
STARTING PRUNING
================================================
Loading config from: config/pruning/prune_kalman_s03_50pct_seed42.json
Using device: cuda:0
Loading data...
Loading dataset...
Applying butterworth filter to sensor data...
Filter settings: Butterworth 15Hz Order=4
Filtering training data...
Filtering test data...
Low-pass filtering complete.
Removing irrelevant data...
Concatenating samples...
Normalizaing inputs...
Total samples for train: 2280081.
Total samples for test: 216842.
Train samples: 2280081, Test samples: 216842
Loading pretrained model from: outputs_organized/05_archived_old_tests/filter_loo_kalman_s03_kalman/model_weights_10.pt

================================================================================
BASELINE EVALUATION (Before Pruning)
================================================================================
Baseline Accuracy: 0.9639
Baseline Recall:   0.8965
Baseline Precision: 0.9501
Baseline Size:     56.36 KB
Baseline Params:   13,897

Target Pruning: 50%
Pruning Schedule: 5 iterations

================================================================================
ITERATION 1/5: Prune 10%, Fine-tune 3 epochs
================================================================================

Applying pruning...

================================================
EXPERIMENT COMPLETE
================================================
Exit code: 1
Finished at: Mon 29 Dec 2025 02:55:24 AM IST
✗ Failed with exit code 1
