================================================
PRUNING EXPERIMENT
================================================
Job ID: 341100
Config: prune_ema_s02_50pct_seed456.json
Starting at: Thu 01 Jan 2026 10:42:38 PM IST
Node: lambda1

Python: /home/badran.abed/miniconda3/envs/imugr/bin/python
Conda env: imugr

================================================
STARTING PRUNING
================================================
Loading config from: config/pruning/prune_ema_s02_50pct_seed456.json
Using device: cuda:0
Loading data...
Loading dataset...
Applying ema filter to sensor data...
Filter settings: EMA with alpha=0.3
Filtering training data...
Filtering test data...
Low-pass filtering complete.
Removing irrelevant data...
Concatenating samples...
Normalizaing inputs...
Total samples for train: 2213950.
Total samples for test: 282973.
Train samples: 2213950, Test samples: 282973
Loading pretrained model from: outputs/cnn_filter_comparison/ema_a03_s02_a03/model_weights_10.pt

================================================================================
BASELINE EVALUATION (Before Pruning)
================================================================================
Baseline Accuracy: 0.9641
Baseline Recall:   0.9047
Baseline Precision: 0.9512
Baseline Size:     56.36 KB
Baseline Params:   13,897

Target Pruning: 50%
Pruning Schedule: 5 iterations

================================================================================
ITERATION 1/5: Prune 10%, Fine-tune 3 epochs
================================================================================

Applying pruning...
Pruned FC Layer 1: 64 → 58 neurons (6 removed, 9.4%)

Evaluating after pruning (before fine-tuning)...
After Pruning: Accuracy = 0.9159 (drop: 0.0482)

Fine-tuning for 3 epochs with LRs: [0.0001, 1e-05, 1e-05]...
  Epoch 1/3: Train Loss = 0.1026, Test Acc = 0.9601, LR = 1.00e-04
  Epoch 2/3: Train Loss = 0.0980, Test Acc = 0.9598, LR = 1.00e-05
  Epoch 3/3: Train Loss = 0.0977, Test Acc = 0.9619, LR = 1.00e-05

Iteration 1 Summary:
  Accuracy:   0.9619
  Recall:     0.8966
  Precision:  0.9518
  Model Size: 106.36 KB
  Parameters: 13,897
  Saved: outputs/pruning/ema_s02_prune50pct_seed456/pruned_iter1.pt

================================================================================
ITERATION 2/5: Prune 10%, Fine-tune 3 epochs
================================================================================

Applying pruning...
Pruned FC Layer 1: 64 → 52 neurons (12 removed, 18.8%)

Evaluating after pruning (before fine-tuning)...
After Pruning: Accuracy = 0.9160 (drop: 0.0481)

Fine-tuning for 3 epochs with LRs: [1e-05, 1e-05, 1e-06]...
  Epoch 1/3: Train Loss = 0.1019, Test Acc = 0.9611, LR = 1.00e-05
  Epoch 2/3: Train Loss = 0.1000, Test Acc = 0.9620, LR = 1.00e-05
  Epoch 3/3: Train Loss = 0.0994, Test Acc = 0.9580, LR = 1.00e-06

Iteration 2 Summary:
  Accuracy:   0.9580
  Recall:     0.8852
  Precision:  0.9440
  Model Size: 106.36 KB
  Parameters: 13,897
  Saved: outputs/pruning/ema_s02_prune50pct_seed456/pruned_iter2.pt

================================================================================
ITERATION 3/5: Prune 10%, Fine-tune 3 epochs
================================================================================

Applying pruning...
Pruned FC Layer 1: 64 → 47 neurons (17 removed, 26.6%)

Evaluating after pruning (before fine-tuning)...
After Pruning: Accuracy = 0.9330 (drop: 0.0310)

Fine-tuning for 3 epochs with LRs: [1e-05, 1e-06, 1e-06]...
  Epoch 1/3: Train Loss = 0.1045, Test Acc = 0.9597, LR = 1.00e-05
  Epoch 2/3: Train Loss = 0.1025, Test Acc = 0.9594, LR = 1.00e-06
  Epoch 3/3: Train Loss = 0.1026, Test Acc = 0.9608, LR = 1.00e-06

Iteration 3 Summary:
  Accuracy:   0.9608
  Recall:     0.8925
  Precision:  0.9534
  Model Size: 106.36 KB
  Parameters: 13,897
  Saved: outputs/pruning/ema_s02_prune50pct_seed456/pruned_iter3.pt

================================================================================
ITERATION 4/5: Prune 10%, Fine-tune 3 epochs
================================================================================

Applying pruning...
Pruned FC Layer 1: 64 → 42 neurons (22 removed, 34.4%)

Evaluating after pruning (before fine-tuning)...
After Pruning: Accuracy = 0.9286 (drop: 0.0355)

Fine-tuning for 3 epochs with LRs: [1e-06, 1e-06, 1e-06]...
  Epoch 1/3: Train Loss = 0.1199, Test Acc = 0.9561, LR = 1.00e-06
  Epoch 2/3: Train Loss = 0.1126, Test Acc = 0.9565, LR = 1.00e-06
  Epoch 3/3: Train Loss = 0.1108, Test Acc = 0.9573, LR = 1.00e-06

Iteration 4 Summary:
  Accuracy:   0.9573
  Recall:     0.8831
  Precision:  0.9465
  Model Size: 106.36 KB
  Parameters: 13,897
  Saved: outputs/pruning/ema_s02_prune50pct_seed456/pruned_iter4.pt

================================================================================
ITERATION 5/5: Prune 10%, Fine-tune 4 epochs
================================================================================

Applying pruning...
Pruned FC Layer 1: 64 → 38 neurons (26 removed, 40.6%)

Evaluating after pruning (before fine-tuning)...
After Pruning: Accuracy = 0.9411 (drop: 0.0230)

Fine-tuning for 4 epochs with LRs: [1e-06, 1e-06, 1e-06, 1e-06]...
  Epoch 1/4: Train Loss = 0.1224, Test Acc = 0.9557, LR = 1.00e-06
  Epoch 2/4: Train Loss = 0.1172, Test Acc = 0.9561, LR = 1.00e-06
  Epoch 3/4: Train Loss = 0.1156, Test Acc = 0.9561, LR = 1.00e-06
