================================================
PRUNING SWEEP - PART 1 (Sequential Submission)
================================================
Total experiments: 23
Subjects: 2 (all), 3 (partial)

Submitting initial batch (3 parallel jobs)...
  Job 1: prune_kalman_s02_10pct_seed42.json -> 339707
  Job 2: prune_kalman_s02_10pct_seed123.json -> 339708
  Job 3: prune_kalman_s02_10pct_seed456.json -> 339709

Submitting remaining Subject 2 experiments (chained)...
  Job 4: prune_kalman_s02_20pct_seed42.json -> 339710 (after 339710)
  Job 5: prune_kalman_s02_20pct_seed123.json -> 339711 (after 339711)
  Job 6: prune_kalman_s02_20pct_seed456.json -> 339712 (after 339712)
  Job 7: prune_kalman_s02_30pct_seed42.json -> 339713 (after 339713)
  Job 8: prune_kalman_s02_30pct_seed123.json -> 339714 (after 339714)
  Job 9: prune_kalman_s02_30pct_seed456.json -> 339715 (after 339715)
sbatch: error: QOSMaxSubmitJobPerUserLimit
sbatch: error: Batch job submission failed: Job violates accounting/QOS policy (job submit limit, user's size and/or time limits)
  Job 10: prune_kalman_s02_40pct_seed42.json ->  (after )
sbatch: error: QOSMaxSubmitJobPerUserLimit
sbatch: error: Batch job submission failed: Job violates accounting/QOS policy (job submit limit, user's size and/or time limits)
  Job 11: prune_kalman_s02_40pct_seed123.json ->  (after )
sbatch: error: QOSMaxSubmitJobPerUserLimit
sbatch: error: Batch job submission failed: Job violates accounting/QOS policy (job submit limit, user's size and/or time limits)
  Job 12: prune_kalman_s02_40pct_seed456.json ->  (after )
sbatch: error: QOSMaxSubmitJobPerUserLimit
sbatch: error: Batch job submission failed: Job violates accounting/QOS policy (job submit limit, user's size and/or time limits)
  Job 13: prune_kalman_s02_50pct_seed42.json ->  (after )
sbatch: error: QOSMaxSubmitJobPerUserLimit
sbatch: error: Batch job submission failed: Job violates accounting/QOS policy (job submit limit, user's size and/or time limits)
  Job 14: prune_kalman_s02_50pct_seed123.json ->  (after )
sbatch: error: QOSMaxSubmitJobPerUserLimit
sbatch: error: Batch job submission failed: Job violates accounting/QOS policy (job submit limit, user's size and/or time limits)
  Job 15: prune_kalman_s02_50pct_seed456.json ->  (after )

Submitting Subject 3 experiments (chained)...
sbatch: error: QOSMaxSubmitJobPerUserLimit
sbatch: error: Batch job submission failed: Job violates accounting/QOS policy (job submit limit, user's size and/or time limits)
  Job 16: prune_kalman_s03_10pct_seed42.json ->  (after )
sbatch: error: QOSMaxSubmitJobPerUserLimit
sbatch: error: Batch job submission failed: Job violates accounting/QOS policy (job submit limit, user's size and/or time limits)
  Job 17: prune_kalman_s03_10pct_seed123.json ->  (after )
sbatch: error: QOSMaxSubmitJobPerUserLimit
sbatch: error: Batch job submission failed: Job violates accounting/QOS policy (job submit limit, user's size and/or time limits)
  Job 18: prune_kalman_s03_10pct_seed456.json ->  (after )
sbatch: error: QOSMaxSubmitJobPerUserLimit
sbatch: error: Batch job submission failed: Job violates accounting/QOS policy (job submit limit, user's size and/or time limits)
  Job 19: prune_kalman_s03_20pct_seed42.json ->  (after )
sbatch: error: QOSMaxSubmitJobPerUserLimit
sbatch: error: Batch job submission failed: Job violates accounting/QOS policy (job submit limit, user's size and/or time limits)
  Job 20: prune_kalman_s03_20pct_seed123.json ->  (after )
sbatch: error: QOSMaxSubmitJobPerUserLimit
sbatch: error: Batch job submission failed: Job violates accounting/QOS policy (job submit limit, user's size and/or time limits)
  Job 21: prune_kalman_s03_20pct_seed456.json ->  (after )
sbatch: error: QOSMaxSubmitJobPerUserLimit
sbatch: error: Batch job submission failed: Job violates accounting/QOS policy (job submit limit, user's size and/or time limits)
  Job 22: prune_kalman_s03_30pct_seed42.json ->  (after )
sbatch: error: QOSMaxSubmitJobPerUserLimit
sbatch: error: Batch job submission failed: Job violates accounting/QOS policy (job submit limit, user's size and/or time limits)
  Job 23: prune_kalman_s03_30pct_seed123.json ->  (after )

================================================
SUBMISSION COMPLETE
================================================
Total jobs submitted: 23
First 3 jobs running in parallel
Remaining 20 jobs queued with dependencies

Monitor with: squeue -u $USER
================================================
