================================================
PART 2 - WAVE 1: First 9 Experiments
================================================
Subject 3: 30%, 40%, 50%
Subject 6: 10% (partial)

Submitting parallel batch (3 jobs)...
sbatch: error: Unable to open file scripts/06_model_compression/run_single_pruning.sh
sbatch: error: Unable to open file scripts/06_model_compression/run_single_pruning.sh
sbatch: error: Unable to open file scripts/06_model_compression/run_single_pruning.sh
  Jobs: , , 
Chaining remaining jobs...
sbatch: error: Unable to open file scripts/06_model_compression/run_single_pruning.sh
sbatch: error: Unable to open file scripts/06_model_compression/run_single_pruning.sh
sbatch: error: Unable to open file scripts/06_model_compression/run_single_pruning.sh
sbatch: error: Unable to open file scripts/06_model_compression/run_single_pruning.sh
sbatch: error: Unable to open file scripts/06_model_compression/run_single_pruning.sh
sbatch: error: Unable to open file scripts/06_model_compression/run_single_pruning.sh
  Jobs: , , , , , 

Wave 1 submitted: 9 jobs
Last job ID: 

After these finish, run: bash scripts/06_model_compression/run_pruning_part2_wave2.sh
================================================
