================================================
EMA PRUNING WAVE 5 - ACCOUNT 2 (FINAL)
================================================
Subject 6: 30%, 40%, 50%

Submitting parallel batch (3 jobs)...
sbatch: error: QOSMaxSubmitJobPerUserLimit
sbatch: error: Batch job submission failed: Job violates accounting/QOS policy (job submit limit, user's size and/or time limits)
sbatch: error: QOSMaxSubmitJobPerUserLimit
sbatch: error: Batch job submission failed: Job violates accounting/QOS policy (job submit limit, user's size and/or time limits)
  30% seeds: 341597, , 
Chaining remaining jobs...
sbatch: error: QOSMaxSubmitJobPerUserLimit
sbatch: error: Batch job submission failed: Job violates accounting/QOS policy (job submit limit, user's size and/or time limits)
sbatch: error: QOSMaxSubmitJobPerUserLimit
sbatch: error: Batch job submission failed: Job violates accounting/QOS policy (job submit limit, user's size and/or time limits)
sbatch: error: QOSMaxSubmitJobPerUserLimit
sbatch: error: Batch job submission failed: Job violates accounting/QOS policy (job submit limit, user's size and/or time limits)
  40% seeds: , , 
sbatch: error: QOSMaxSubmitJobPerUserLimit
sbatch: error: Batch job submission failed: Job violates accounting/QOS policy (job submit limit, user's size and/or time limits)
sbatch: error: QOSMaxSubmitJobPerUserLimit
sbatch: error: Batch job submission failed: Job violates accounting/QOS policy (job submit limit, user's size and/or time limits)
sbatch: error: QOSMaxSubmitJobPerUserLimit
sbatch: error: Batch job submission failed: Job violates accounting/QOS policy (job submit limit, user's size and/or time limits)
  50% seeds: , , 

Wave 5 submitted: 9 jobs
Last job ID: 

================================================
ALL EMA PRUNING EXPERIMENTS COMPLETE!
================================================
Total experiments: 45
  Account 1: 27 experiments (Waves 1-3)
  Account 2: 18 experiments (Waves 4-5)

Check results in: outputs/ema_pruning/
================================================
