Traceback (most recent call last):
  File "/home/badran.abed/ankleband/scripts/07_quantization/quantize_qat.py", line 569, in <module>
    main()
  File "/home/badran.abed/ankleband/scripts/07_quantization/quantize_qat.py", line 535, in main
    quantized_metrics = evaluate_model(quantized_model, val_loader, 'cpu', cfg.data.classes)
  File "/home/badran.abed/ankleband/scripts/07_quantization/evaluate_model_helper.py", line 46, in evaluate_model
    outputs = model(inputs)
  File "/home/badran.abed/miniconda3/envs/imugr/lib/python3.9/site-packages/torch/nn/modules/module.py", line 1739, in _wrapped_call_impl
    return self._call_impl(*args, **kwargs)
  File "/home/badran.abed/miniconda3/envs/imugr/lib/python3.9/site-packages/torch/nn/modules/module.py", line 1750, in _call_impl
    return forward_call(*args, **kwargs)
  File "/home/badran.abed/ankleband/trainer/models/conv1d_model.py", line 46, in forward
    conv_features = self.extract_features(x_input)
  File "/home/badran.abed/ankleband/trainer/models/conv1d_model.py", line 38, in extract_features
    y_conv = self.conv1d_1(x_input)
  File "/home/badran.abed/miniconda3/envs/imugr/lib/python3.9/site-packages/torch/nn/modules/module.py", line 1739, in _wrapped_call_impl
    return self._call_impl(*args, **kwargs)
  File "/home/badran.abed/miniconda3/envs/imugr/lib/python3.9/site-packages/torch/nn/modules/module.py", line 1750, in _call_impl
    return forward_call(*args, **kwargs)
  File "/home/badran.abed/miniconda3/envs/imugr/lib/python3.9/site-packages/torch/ao/nn/quantized/modules/conv.py", line 465, in forward
    return ops.quantized.conv1d(
  File "/home/badran.abed/miniconda3/envs/imugr/lib/python3.9/site-packages/torch/_ops.py", line 1123, in __call__
    return self._op(*args, **(kwargs or {}))
NotImplementedError: Could not run 'quantized::conv1d' with arguments from the 'CPU' backend. This could be because the operator doesn't exist for this backend, or was omitted during the selective/custom build process (if using custom build). If you are a Facebook employee using PyTorch on mobile, please visit https://fburl.com/ptmfixes for possible resolutions. 'quantized::conv1d' is only available for these backends: [Meta, QuantizedCPU, QuantizedCUDA, BackendSelect, Python, FuncTorchDynamicLayerBackMode, Functionalize, Named, Conjugate, Negative, ZeroTensor, ADInplaceOrView, AutogradOther, AutogradCPU, AutogradCUDA, AutogradXLA, AutogradMPS, AutogradXPU, AutogradHPU, AutogradLazy, AutogradMTIA, AutogradMeta, Tracer, AutocastCPU, AutocastXPU, AutocastMPS, AutocastCUDA, FuncTorchBatched, BatchedNestedTensor, FuncTorchVmapMode, Batched, VmapMode, FuncTorchGradWrapper, PythonTLSSnapshot, FuncTorchDynamicLayerFrontMode, PreDispatch, PythonDispatcher].

Meta: registered at /pytorch/aten/src/ATen/core/MetaFallbackKernel.cpp:23 [backend fallback]
QuantizedCPU: registered at /pytorch/aten/src/ATen/native/quantized/cpu/qconv.cpp:2045 [kernel]
QuantizedCUDA: registered at /pytorch/aten/src/ATen/native/quantized/cudnn/Conv.cpp:391 [kernel]
BackendSelect: fallthrough registered at /pytorch/aten/src/ATen/core/BackendSelectFallbackKernel.cpp:3 [backend fallback]
Python: registered at /pytorch/aten/src/ATen/core/PythonFallbackKernel.cpp:194 [backend fallback]
FuncTorchDynamicLayerBackMode: registered at /pytorch/aten/src/ATen/functorch/DynamicLayer.cpp:503 [backend fallback]
Functionalize: registered at /pytorch/aten/src/ATen/FunctionalizeFallbackKernel.cpp:349 [backend fallback]
Named: registered at /pytorch/aten/src/ATen/core/NamedRegistrations.cpp:7 [backend fallback]
Conjugate: registered at /pytorch/aten/src/ATen/ConjugateFallback.cpp:17 [backend fallback]
Negative: registered at /pytorch/aten/src/ATen/native/NegateFallback.cpp:18 [backend fallback]
ZeroTensor: registered at /pytorch/aten/src/ATen/ZeroTensorFallback.cpp:86 [backend fallback]
ADInplaceOrView: fallthrough registered at /pytorch/aten/src/ATen/core/VariableFallbackKernel.cpp:100 [backend fallback]
AutogradOther: registered at /pytorch/aten/src/ATen/core/VariableFallbackKernel.cpp:63 [backend fallback]
AutogradCPU: registered at /pytorch/aten/src/ATen/core/VariableFallbackKernel.cpp:67 [backend fallback]
AutogradCUDA: registered at /pytorch/aten/src/ATen/core/VariableFallbackKernel.cpp:75 [backend fallback]
AutogradXLA: registered at /pytorch/aten/src/ATen/core/VariableFallbackKernel.cpp:83 [backend fallback]
AutogradMPS: registered at /pytorch/aten/src/ATen/core/VariableFallbackKernel.cpp:91 [backend fallback]
AutogradXPU: registered at /pytorch/aten/src/ATen/core/VariableFallbackKernel.cpp:71 [backend fallback]
AutogradHPU: registered at /pytorch/aten/src/ATen/core/VariableFallbackKernel.cpp:104 [backend fallback]
AutogradLazy: registered at /pytorch/aten/src/ATen/core/VariableFallbackKernel.cpp:87 [backend fallback]
AutogradMTIA: registered at /pytorch/aten/src/ATen/core/VariableFallbackKernel.cpp:79 [backend fallback]
AutogradMeta: registered at /pytorch/aten/src/ATen/core/VariableFallbackKernel.cpp:95 [backend fallback]
Tracer: registered at /pytorch/torch/csrc/autograd/TraceTypeManual.cpp:294 [backend fallback]
AutocastCPU: fallthrough registered at /pytorch/aten/src/ATen/autocast_mode.cpp:322 [backend fallback]
AutocastXPU: fallthrough registered at /pytorch/aten/src/ATen/autocast_mode.cpp:465 [backend fallback]
AutocastMPS: fallthrough registered at /pytorch/aten/src/ATen/autocast_mode.cpp:209 [backend fallback]
AutocastCUDA: fallthrough registered at /pytorch/aten/src/ATen/autocast_mode.cpp:165 [backend fallback]
FuncTorchBatched: registered at /pytorch/aten/src/ATen/functorch/LegacyBatchingRegistrations.cpp:731 [backend fallback]
BatchedNestedTensor: registered at /pytorch/aten/src/ATen/functorch/LegacyBatchingRegistrations.cpp:758 [backend fallback]
FuncTorchVmapMode: fallthrough registered at /pytorch/aten/src/ATen/functorch/VmapModeRegistrations.cpp:27 [backend fallback]
Batched: registered at /pytorch/aten/src/ATen/LegacyBatchingRegistrations.cpp:1075 [backend fallback]
VmapMode: fallthrough registered at /pytorch/aten/src/ATen/VmapModeRegistrations.cpp:33 [backend fallback]
FuncTorchGradWrapper: registered at /pytorch/aten/src/ATen/functorch/TensorWrapper.cpp:207 [backend fallback]
PythonTLSSnapshot: registered at /pytorch/aten/src/ATen/core/PythonFallbackKernel.cpp:202 [backend fallback]
FuncTorchDynamicLayerFrontMode: registered at /pytorch/aten/src/ATen/functorch/DynamicLayer.cpp:499 [backend fallback]
PreDispatch: registered at /pytorch/aten/src/ATen/core/PythonFallbackKernel.cpp:206 [backend fallback]
PythonDispatcher: registered at /pytorch/aten/src/ATen/core/PythonFallbackKernel.cpp:198 [backend fallback]

