Config: filter_comparison_kalman.json
Leave-out Subject: 2
Starting at: Sun Dec 21 00:14:06 IST 2025
Python: /home/badran.abed/miniconda3/envs/imugr/bin/python
Conda env: imugr
Loading dataset...
Applying butterworth filter to sensor data...
Filter settings: Butterworth 15Hz Order=4
Filtering training data...
Filtering test data...
Low-pass filtering complete.
Removing irrelevant data...
Concatenating samples...
Normalizaing inputs...
Total samples for train: 2213950.
Total samples for test: 282973.
Started training...
Epoch: 1, Loss: 0.516, Test Loss: 0.217, Accuracy: 0.927, Recall: 0.830, Precision: 0.886.
Epoch: 2, Loss: 0.182, Test Loss: 0.172, Accuracy: 0.942, Recall: 0.853, Precision: 0.927.
Epoch: 3, Loss: 0.148, Test Loss: 0.151, Accuracy: 0.951, Recall: 0.871, Precision: 0.940.
Epoch: 4, Loss: 0.131, Test Loss: 0.143, Accuracy: 0.954, Recall: 0.877, Precision: 0.946.
Epoch: 5, Loss: 0.122, Test Loss: 0.138, Accuracy: 0.956, Recall: 0.884, Precision: 0.948.
Saving weights to outputs/filter_loo_kalman_s02_kalman
Epoch: 6, Loss: 0.115, Test Loss: 0.131, Accuracy: 0.960, Recall: 0.895, Precision: 0.949.
Epoch: 7, Loss: 0.110, Test Loss: 0.125, Accuracy: 0.961, Recall: 0.899, Precision: 0.948.
Epoch: 8, Loss: 0.106, Test Loss: 0.124, Accuracy: 0.961, Recall: 0.895, Precision: 0.952.
Epoch: 9, Loss: 0.103, Test Loss: 0.128, Accuracy: 0.960, Recall: 0.895, Precision: 0.943.
Epoch: 10, Loss: 0.101, Test Loss: 0.112, Accuracy: 0.965, Recall: 0.908, Precision: 0.951.
Saving weights to outputs/filter_loo_kalman_s02_kalman
Finished at: Sun Dec 21 04:43:42 IST 2025
