Config: filter_comparison_kalman_light.json
Leave-out Subject: 3
Starting at: Sun 21 Dec 2025 05:57:16 PM IST
Python: /home/badran.abed/miniconda3/envs/imugr/bin/python
Conda env: imugr
Loading dataset...
Applying butterworth filter to sensor data...
Filter settings: Butterworth 15Hz Order=4
Filtering training data...
Filtering test data...
Low-pass filtering complete.
Removing irrelevant data...
Concatenating samples...
Normalizaing inputs...
Total samples for train: 2280081.
Total samples for test: 216842.
Started training...
Epoch: 1, Loss: 0.500, Test Loss: 0.241, Accuracy: 0.913, Recall: 0.695, Precision: 0.915.
Epoch: 2, Loss: 0.179, Test Loss: 0.163, Accuracy: 0.944, Recall: 0.812, Precision: 0.945.
Epoch: 3, Loss: 0.145, Test Loss: 0.136, Accuracy: 0.954, Recall: 0.852, Precision: 0.946.
Epoch: 4, Loss: 0.130, Test Loss: 0.130, Accuracy: 0.957, Recall: 0.868, Precision: 0.946.
Epoch: 5, Loss: 0.120, Test Loss: 0.125, Accuracy: 0.958, Recall: 0.870, Precision: 0.950.
Saving weights to outputs/filter_loo_kalman_light_s03_light
Epoch: 6, Loss: 0.114, Test Loss: 0.122, Accuracy: 0.960, Recall: 0.878, Precision: 0.949.
Epoch: 7, Loss: 0.110, Test Loss: 0.122, Accuracy: 0.960, Recall: 0.877, Precision: 0.950.
Epoch: 8, Loss: 0.106, Test Loss: 0.129, Accuracy: 0.958, Recall: 0.869, Precision: 0.948.
Epoch: 9, Loss: 0.103, Test Loss: 0.124, Accuracy: 0.960, Recall: 0.880, Precision: 0.948.
Epoch: 10, Loss: 0.100, Test Loss: 0.130, Accuracy: 0.958, Recall: 0.867, Precision: 0.949.
Saving weights to outputs/filter_loo_kalman_light_s03_light
Finished at: Sun 21 Dec 2025 10:14:37 PM IST
