Config: filter_comparison_baseline.json
Leave-out Subject: 3
Starting at: Fri 19 Dec 2025 03:21:51 PM IST
Python: /home/badran.abed/miniconda3/envs/imugr/bin/python
Conda env: imugr
Loading dataset...
Removing irrelevant data...
Concatenating samples...
Normalizaing inputs...
Total samples for train: 2280081.
Total samples for test: 216842.
Started training...
Epoch: 1, Loss: 0.529, Test Loss: 0.270, Accuracy: 0.908, Recall: 0.677, Precision: 0.903.
Epoch: 2, Loss: 0.193, Test Loss: 0.191, Accuracy: 0.935, Recall: 0.778, Precision: 0.937.
Epoch: 3, Loss: 0.151, Test Loss: 0.157, Accuracy: 0.947, Recall: 0.820, Precision: 0.949.
Epoch: 4, Loss: 0.132, Test Loss: 0.148, Accuracy: 0.950, Recall: 0.835, Precision: 0.948.
Epoch: 5, Loss: 0.121, Test Loss: 0.134, Accuracy: 0.954, Recall: 0.852, Precision: 0.950.
Saving weights to outputs/filter_loo_baseline_s03_baseline
Epoch: 6, Loss: 0.114, Test Loss: 0.134, Accuracy: 0.956, Recall: 0.855, Precision: 0.953.
Epoch: 7, Loss: 0.109, Test Loss: 0.128, Accuracy: 0.960, Recall: 0.880, Precision: 0.945.
Epoch: 8, Loss: 0.105, Test Loss: 0.131, Accuracy: 0.959, Recall: 0.869, Precision: 0.952.
Epoch: 9, Loss: 0.103, Test Loss: 0.131, Accuracy: 0.960, Recall: 0.875, Precision: 0.950.
Epoch: 10, Loss: 0.100, Test Loss: 0.133, Accuracy: 0.959, Recall: 0.869, Precision: 0.954.
Saving weights to outputs/filter_loo_baseline_s03_baseline
Finished at: Fri 19 Dec 2025 07:52:37 PM IST
