Config: filter_comparison_baseline.json
Leave-out Subject: 5
Starting at: Thu 18 Dec 2025 06:57:44 AM IST
environment: line 38: /usr/bin/tclsh8.6: No such file or directory
environment: line 38: /usr/bin/tclsh8.6: No such file or directory
Python: /home/badran.abed/miniconda3/envs/imugr/bin/python
Conda env: imugr
Loading dataset...
Removing irrelevant data...
Concatenating samples...
Normalizaing inputs...
Total samples for train: 2241316.
Total samples for test: 255607.
Started training...
Epoch: 1, Loss: 0.516, Test Loss: 0.222, Accuracy: 0.922, Recall: 0.752, Precision: 0.900.
Epoch: 2, Loss: 0.191, Test Loss: 0.144, Accuracy: 0.949, Recall: 0.848, Precision: 0.925.
Epoch: 3, Loss: 0.154, Test Loss: 0.131, Accuracy: 0.952, Recall: 0.860, Precision: 0.920.
Epoch: 4, Loss: 0.138, Test Loss: 0.131, Accuracy: 0.952, Recall: 0.859, Precision: 0.921.
Epoch: 5, Loss: 0.127, Test Loss: 0.114, Accuracy: 0.960, Recall: 0.885, Precision: 0.934.
Saving weights to outputs/filter_loo_baseline_s05_baseline
Epoch: 6, Loss: 0.120, Test Loss: 0.123, Accuracy: 0.957, Recall: 0.872, Precision: 0.930.
Epoch: 7, Loss: 0.114, Test Loss: 0.110, Accuracy: 0.963, Recall: 0.897, Precision: 0.934.
Epoch: 8, Loss: 0.110, Test Loss: 0.104, Accuracy: 0.964, Recall: 0.901, Precision: 0.938.
Epoch: 9, Loss: 0.107, Test Loss: 0.100, Accuracy: 0.967, Recall: 0.913, Precision: 0.943.
Epoch: 10, Loss: 0.105, Test Loss: 0.106, Accuracy: 0.966, Recall: 0.909, Precision: 0.939.
Saving weights to outputs/filter_loo_baseline_s05_baseline
Finished at: Thu 18 Dec 2025 10:59:53 AM IST
