Config: filter_comparison_butterworth.json
Leave-out Subject: 2
Starting at: Fri 19 Dec 2025 07:46:53 PM IST
Python: /home/badran.abed/miniconda3/envs/imugr/bin/python
Conda env: imugr
Loading dataset...
Applying butterworth filter to sensor data...
Filter settings: Butterworth 40Hz Order=2
Filtering training data...
Filtering test data...
Low-pass filtering complete.
Removing irrelevant data...
Concatenating samples...
Normalizaing inputs...
Total samples for train: 2213950.
Total samples for test: 282973.
Started training...
Epoch: 1, Loss: 0.606, Test Loss: 0.233, Accuracy: 0.922, Recall: 0.772, Precision: 0.899.
Epoch: 2, Loss: 0.191, Test Loss: 0.178, Accuracy: 0.938, Recall: 0.847, Precision: 0.902.
Epoch: 3, Loss: 0.151, Test Loss: 0.153, Accuracy: 0.949, Recall: 0.865, Precision: 0.925.
Epoch: 4, Loss: 0.132, Test Loss: 0.139, Accuracy: 0.953, Recall: 0.876, Precision: 0.932.
Epoch: 5, Loss: 0.122, Test Loss: 0.140, Accuracy: 0.954, Recall: 0.879, Precision: 0.932.
Saving weights to outputs/filter_loo_butterworth_s02_butterworth
Epoch: 6, Loss: 0.114, Test Loss: 0.142, Accuracy: 0.953, Recall: 0.876, Precision: 0.935.
Epoch: 7, Loss: 0.109, Test Loss: 0.130, Accuracy: 0.959, Recall: 0.890, Precision: 0.941.
Epoch: 8, Loss: 0.105, Test Loss: 0.137, Accuracy: 0.957, Recall: 0.889, Precision: 0.936.
Epoch: 9, Loss: 0.102, Test Loss: 0.140, Accuracy: 0.958, Recall: 0.884, Precision: 0.947.
Epoch: 10, Loss: 0.100, Test Loss: 0.123, Accuracy: 0.962, Recall: 0.903, Precision: 0.942.
Saving weights to outputs/filter_loo_butterworth_s02_butterworth
Finished at: Sat 20 Dec 2025 12:08:49 AM IST
