Config: filter_comparison_baseline.json
Leave-out Subject: 6
Starting at: Fri 19 Dec 2025 03:21:51 PM IST
Python: /home/badran.abed/miniconda3/envs/imugr/bin/python
Conda env: imugr
Loading dataset...
Removing irrelevant data...
Concatenating samples...
Normalizaing inputs...
Total samples for train: 2237782.
Total samples for test: 259141.
Started training...
Epoch: 1, Loss: 0.519, Test Loss: 0.207, Accuracy: 0.945, Recall: 0.809, Precision: 0.922.
Epoch: 2, Loss: 0.187, Test Loss: 0.165, Accuracy: 0.955, Recall: 0.863, Precision: 0.923.
Epoch: 3, Loss: 0.144, Test Loss: 0.155, Accuracy: 0.957, Recall: 0.874, Precision: 0.926.
Epoch: 4, Loss: 0.126, Test Loss: 0.154, Accuracy: 0.956, Recall: 0.878, Precision: 0.919.
Epoch: 5, Loss: 0.116, Test Loss: 0.153, Accuracy: 0.958, Recall: 0.877, Precision: 0.929.
Saving weights to outputs/filter_loo_baseline_s06_baseline
Epoch: 6, Loss: 0.110, Test Loss: 0.147, Accuracy: 0.960, Recall: 0.878, Precision: 0.931.
Epoch: 7, Loss: 0.105, Test Loss: 0.148, Accuracy: 0.959, Recall: 0.885, Precision: 0.922.
Epoch: 8, Loss: 0.101, Test Loss: 0.139, Accuracy: 0.960, Recall: 0.885, Precision: 0.928.
Epoch: 9, Loss: 0.098, Test Loss: 0.145, Accuracy: 0.959, Recall: 0.882, Precision: 0.926.
Epoch: 10, Loss: 0.096, Test Loss: 0.148, Accuracy: 0.959, Recall: 0.877, Precision: 0.931.
Saving weights to outputs/filter_loo_baseline_s06_baseline
Finished at: Fri 19 Dec 2025 07:46:53 PM IST
