Config: filter_comparison_kalman_light.json
Leave-out Subject: 2
Starting at: Sun Dec 21 13:38:22 IST 2025
Python: /home/badran.abed/miniconda3/envs/imugr/bin/python
Conda env: imugr
Loading dataset...
Applying butterworth filter to sensor data...
Filter settings: Butterworth 15Hz Order=4
Filtering training data...
Filtering test data...
Low-pass filtering complete.
Removing irrelevant data...
Concatenating samples...
Normalizaing inputs...
Total samples for train: 2213950.
Total samples for test: 282973.
Started training...
Epoch: 1, Loss: 0.470, Test Loss: 0.239, Accuracy: 0.917, Recall: 0.781, Precision: 0.879.
Epoch: 2, Loss: 0.191, Test Loss: 0.182, Accuracy: 0.938, Recall: 0.836, Precision: 0.919.
Epoch: 3, Loss: 0.151, Test Loss: 0.155, Accuracy: 0.949, Recall: 0.860, Precision: 0.940.
Epoch: 4, Loss: 0.133, Test Loss: 0.137, Accuracy: 0.955, Recall: 0.875, Precision: 0.951.
Epoch: 5, Loss: 0.124, Test Loss: 0.141, Accuracy: 0.955, Recall: 0.876, Precision: 0.946.
Saving weights to outputs/filter_loo_kalman_light_s02_light
Epoch: 6, Loss: 0.117, Test Loss: 0.135, Accuracy: 0.957, Recall: 0.880, Precision: 0.953.
Epoch: 7, Loss: 0.112, Test Loss: 0.138, Accuracy: 0.956, Recall: 0.880, Precision: 0.945.
Epoch: 8, Loss: 0.108, Test Loss: 0.131, Accuracy: 0.960, Recall: 0.892, Precision: 0.949.
Epoch: 9, Loss: 0.105, Test Loss: 0.125, Accuracy: 0.961, Recall: 0.897, Precision: 0.946.
Epoch: 10, Loss: 0.102, Test Loss: 0.132, Accuracy: 0.959, Recall: 0.888, Precision: 0.949.
Saving weights to outputs/filter_loo_kalman_light_s02_light
Finished at: Sun Dec 21 17:58:06 IST 2025
