Config: filter_comparison_butterworth.json
Leave-out Subject: 6
Starting at: Sat Dec 20 04:26:09 IST 2025
Python: /home/badran.abed/miniconda3/envs/imugr/bin/python
Conda env: imugr
Loading dataset...
Applying butterworth filter to sensor data...
Filter settings: Butterworth 40Hz Order=2
Filtering training data...
Filtering test data...
Low-pass filtering complete.
Removing irrelevant data...
Concatenating samples...
Normalizaing inputs...
Total samples for train: 2237782.
Total samples for test: 259141.
Started training...
Epoch: 1, Loss: 0.550, Test Loss: 0.206, Accuracy: 0.944, Recall: 0.816, Precision: 0.901.
Epoch: 2, Loss: 0.184, Test Loss: 0.175, Accuracy: 0.952, Recall: 0.869, Precision: 0.906.
Epoch: 3, Loss: 0.142, Test Loss: 0.164, Accuracy: 0.955, Recall: 0.883, Precision: 0.908.
Epoch: 4, Loss: 0.126, Test Loss: 0.156, Accuracy: 0.957, Recall: 0.878, Precision: 0.920.
Epoch: 5, Loss: 0.117, Test Loss: 0.148, Accuracy: 0.958, Recall: 0.881, Precision: 0.922.
Saving weights to outputs/filter_loo_butterworth_s06_butterworth
Epoch: 6, Loss: 0.110, Test Loss: 0.151, Accuracy: 0.958, Recall: 0.886, Precision: 0.920.
Epoch: 7, Loss: 0.105, Test Loss: 0.148, Accuracy: 0.959, Recall: 0.884, Precision: 0.926.
Epoch: 8, Loss: 0.101, Test Loss: 0.155, Accuracy: 0.958, Recall: 0.884, Precision: 0.921.
Epoch: 9, Loss: 0.099, Test Loss: 0.150, Accuracy: 0.960, Recall: 0.884, Precision: 0.930.
Epoch: 10, Loss: 0.096, Test Loss: 0.148, Accuracy: 0.961, Recall: 0.883, Precision: 0.932.
Saving weights to outputs/filter_loo_butterworth_s06_butterworth
Finished at: Sat Dec 20 08:46:21 IST 2025
