Config: filter_comparison_baseline.json
Leave-out Subject: 2
Starting at: Wed 17 Dec 2025 06:21:59 PM IST
environment: line 38: /usr/bin/tclsh8.6: No such file or directory
environment: line 38: /usr/bin/tclsh8.6: No such file or directory
Python: /home/badran.abed/miniconda3/envs/imugr/bin/python
Conda env: imugr
Loading dataset...
Removing irrelevant data...
Concatenating samples...
Normalizaing inputs...
Total samples for train: 2213950.
Total samples for test: 282973.
Started training...
Epoch: 1, Loss: 0.534, Test Loss: 0.273, Accuracy: 0.904, Recall: 0.715, Precision: 0.883.
Epoch: 2, Loss: 0.190, Test Loss: 0.197, Accuracy: 0.930, Recall: 0.819, Precision: 0.905.
Epoch: 3, Loss: 0.151, Test Loss: 0.179, Accuracy: 0.939, Recall: 0.847, Precision: 0.910.
Epoch: 4, Loss: 0.134, Test Loss: 0.166, Accuracy: 0.944, Recall: 0.855, Precision: 0.927.
Epoch: 5, Loss: 0.123, Test Loss: 0.164, Accuracy: 0.944, Recall: 0.850, Precision: 0.924.
Saving weights to outputs/filter_loo_baseline_s02_baseline
Epoch: 6, Loss: 0.116, Test Loss: 0.157, Accuracy: 0.947, Recall: 0.855, Precision: 0.933.
Epoch: 7, Loss: 0.111, Test Loss: 0.148, Accuracy: 0.953, Recall: 0.870, Precision: 0.936.
Epoch: 8, Loss: 0.107, Test Loss: 0.154, Accuracy: 0.951, Recall: 0.862, Precision: 0.935.
Epoch: 9, Loss: 0.104, Test Loss: 0.151, Accuracy: 0.951, Recall: 0.865, Precision: 0.934.
Epoch: 10, Loss: 0.101, Test Loss: 0.151, Accuracy: 0.951, Recall: 0.866, Precision: 0.931.
Saving weights to outputs/filter_loo_baseline_s02_baseline
Finished at: Wed 17 Dec 2025 10:41:03 PM IST
