Config: filter_comparison_ema.json
Leave-out Subject: 6
Starting at: Sat Dec 20 03:54:20 IST 2025
environment: line 38: /usr/bin/tclsh8.6: No such file or directory
environment: line 38: /usr/bin/tclsh8.6: No such file or directory
Python: /home/zina.assi/miniconda3/envs/imugr/bin/python
Conda env: imugr
Loading dataset...
Applying butterworth filter to sensor data...
Filter settings: Butterworth 15Hz Order=4
Filtering training data...
Filtering test data...
Low-pass filtering complete.
Removing irrelevant data...
Concatenating samples...
Normalizaing inputs...
Total samples for train: 2237782.
Total samples for test: 259141.
Started training...
Epoch: 1, Loss: 0.491, Test Loss: 0.195, Accuracy: 0.946, Recall: 0.839, Precision: 0.901.
Epoch: 2, Loss: 0.180, Test Loss: 0.172, Accuracy: 0.954, Recall: 0.871, Precision: 0.914.
Epoch: 3, Loss: 0.143, Test Loss: 0.160, Accuracy: 0.956, Recall: 0.875, Precision: 0.922.
Epoch: 4, Loss: 0.127, Test Loss: 0.151, Accuracy: 0.958, Recall: 0.884, Precision: 0.922.
Epoch: 5, Loss: 0.117, Test Loss: 0.147, Accuracy: 0.958, Recall: 0.888, Precision: 0.920.
Saving weights to outputs/filter_loo_ema_s06_ema
Epoch: 6, Loss: 0.110, Test Loss: 0.149, Accuracy: 0.959, Recall: 0.891, Precision: 0.918.
Epoch: 7, Loss: 0.105, Test Loss: 0.145, Accuracy: 0.960, Recall: 0.892, Precision: 0.921.
Epoch: 8, Loss: 0.102, Test Loss: 0.146, Accuracy: 0.959, Recall: 0.889, Precision: 0.920.
Epoch: 9, Loss: 0.099, Test Loss: 0.150, Accuracy: 0.959, Recall: 0.892, Precision: 0.919.
Epoch: 10, Loss: 0.096, Test Loss: 0.145, Accuracy: 0.960, Recall: 0.887, Precision: 0.926.
Saving weights to outputs/filter_loo_ema_s06_ema
Finished at: Sat Dec 20 08:14:17 IST 2025
