Config: filter_comparison_kalman.json
Leave-out Subject: 3
Starting at: Sun Dec 21 00:16:03 IST 2025
Python: /home/badran.abed/miniconda3/envs/imugr/bin/python
Conda env: imugr
Loading dataset...
Applying butterworth filter to sensor data...
Filter settings: Butterworth 15Hz Order=4
Filtering training data...
Filtering test data...
Low-pass filtering complete.
Removing irrelevant data...
Concatenating samples...
Normalizaing inputs...
Total samples for train: 2280081.
Total samples for test: 216842.
Started training...
Epoch: 1, Loss: 0.524, Test Loss: 0.246, Accuracy: 0.914, Recall: 0.711, Precision: 0.895.
Epoch: 2, Loss: 0.186, Test Loss: 0.151, Accuracy: 0.951, Recall: 0.848, Precision: 0.940.
Epoch: 3, Loss: 0.146, Test Loss: 0.131, Accuracy: 0.957, Recall: 0.871, Precision: 0.946.
Epoch: 4, Loss: 0.129, Test Loss: 0.123, Accuracy: 0.958, Recall: 0.873, Precision: 0.948.
Epoch: 5, Loss: 0.119, Test Loss: 0.123, Accuracy: 0.960, Recall: 0.875, Precision: 0.954.
Saving weights to outputs/filter_loo_kalman_s03_kalman
Epoch: 6, Loss: 0.113, Test Loss: 0.121, Accuracy: 0.961, Recall: 0.881, Precision: 0.951.
Epoch: 7, Loss: 0.108, Test Loss: 0.117, Accuracy: 0.963, Recall: 0.888, Precision: 0.953.
Epoch: 8, Loss: 0.104, Test Loss: 0.124, Accuracy: 0.962, Recall: 0.887, Precision: 0.953.
Epoch: 9, Loss: 0.101, Test Loss: 0.121, Accuracy: 0.963, Recall: 0.890, Precision: 0.952.
Epoch: 10, Loss: 0.098, Test Loss: 0.119, Accuracy: 0.964, Recall: 0.897, Precision: 0.950.
Saving weights to outputs/filter_loo_kalman_s03_kalman
Finished at: Sun Dec 21 04:47:36 IST 2025
