Config: filter_comparison_ema.json
Leave-out Subject: 5
Starting at: Wed 17 Dec 2025 08:51:56 AM IST
Python: /home/badran.abed/miniconda3/envs/imugr/bin/python
Conda env: imugr
Loading dataset...
Applying butterworth filter to sensor data...
Filter settings: Butterworth 15Hz Order=4
Filtering training data...
Filtering test data...
Low-pass filtering complete.
Removing irrelevant data...
Concatenating samples...
Normalizaing inputs...
Total samples for train: 2241316.
Total samples for test: 255607.
Started training...
Epoch: 1, Loss: 0.510, Test Loss: 0.226, Accuracy: 0.918, Recall: 0.738, Precision: 0.904.
Epoch: 2, Loss: 0.196, Test Loss: 0.161, Accuracy: 0.941, Recall: 0.829, Precision: 0.905.
Epoch: 3, Loss: 0.156, Test Loss: 0.133, Accuracy: 0.954, Recall: 0.868, Precision: 0.920.
Epoch: 4, Loss: 0.137, Test Loss: 0.133, Accuracy: 0.953, Recall: 0.861, Precision: 0.925.
Epoch: 5, Loss: 0.125, Test Loss: 0.107, Accuracy: 0.965, Recall: 0.903, Precision: 0.940.
Saving weights to outputs/filter_loo_ema_s05_ema
Epoch: 6, Loss: 0.117, Test Loss: 0.113, Accuracy: 0.963, Recall: 0.894, Precision: 0.936.
Epoch: 7, Loss: 0.112, Test Loss: 0.104, Accuracy: 0.965, Recall: 0.906, Precision: 0.938.
Epoch: 8, Loss: 0.108, Test Loss: 0.107, Accuracy: 0.963, Recall: 0.895, Precision: 0.940.
Epoch: 9, Loss: 0.105, Test Loss: 0.095, Accuracy: 0.969, Recall: 0.914, Precision: 0.951.
Epoch: 10, Loss: 0.103, Test Loss: 0.099, Accuracy: 0.969, Recall: 0.915, Precision: 0.955.
Saving weights to outputs/filter_loo_ema_s05_ema
Finished at: Wed 17 Dec 2025 01:09:00 PM IST
