Config: filter_comparison_kalman_light.json
Leave-out Subject: 6
Starting at: Sun 21 Dec 2025 10:14:48 PM IST
Python: /home/badran.abed/miniconda3/envs/imugr/bin/python
Conda env: imugr
Loading dataset...
Applying butterworth filter to sensor data...
Filter settings: Butterworth 15Hz Order=4
Filtering training data...
Filtering test data...
Low-pass filtering complete.
Removing irrelevant data...
Concatenating samples...
Normalizaing inputs...
Total samples for train: 2237782.
Total samples for test: 259141.
Started training...
Epoch: 1, Loss: 0.496, Test Loss: 0.205, Accuracy: 0.945, Recall: 0.831, Precision: 0.903.
Epoch: 2, Loss: 0.182, Test Loss: 0.173, Accuracy: 0.952, Recall: 0.868, Precision: 0.909.
Epoch: 3, Loss: 0.142, Test Loss: 0.162, Accuracy: 0.956, Recall: 0.874, Precision: 0.921.
Epoch: 4, Loss: 0.126, Test Loss: 0.159, Accuracy: 0.957, Recall: 0.880, Precision: 0.921.
Epoch: 5, Loss: 0.117, Test Loss: 0.159, Accuracy: 0.957, Recall: 0.879, Precision: 0.921.
Saving weights to outputs/filter_loo_kalman_light_s06_light
Epoch: 6, Loss: 0.111, Test Loss: 0.157, Accuracy: 0.958, Recall: 0.876, Precision: 0.929.
Epoch: 7, Loss: 0.106, Test Loss: 0.153, Accuracy: 0.959, Recall: 0.879, Precision: 0.928.
Epoch: 8, Loss: 0.103, Test Loss: 0.154, Accuracy: 0.960, Recall: 0.875, Precision: 0.936.
Epoch: 9, Loss: 0.100, Test Loss: 0.143, Accuracy: 0.961, Recall: 0.885, Precision: 0.930.
Epoch: 10, Loss: 0.098, Test Loss: 0.150, Accuracy: 0.960, Recall: 0.879, Precision: 0.934.
Saving weights to outputs/filter_loo_kalman_light_s06_light
Finished at: Mon 22 Dec 2025 02:28:35 AM IST
