Config: filter_comparison_kalman_smooth.json
Leave-out Subject: 2
Starting at: Sun Dec 21 13:40:22 IST 2025
Python: /home/badran.abed/miniconda3/envs/imugr/bin/python
Conda env: imugr
Loading dataset...
Applying butterworth filter to sensor data...
Filter settings: Butterworth 15Hz Order=4
Filtering training data...
Filtering test data...
Low-pass filtering complete.
Removing irrelevant data...
Concatenating samples...
Normalizaing inputs...
Total samples for train: 2213950.
Total samples for test: 282973.
Started training...
Epoch: 1, Loss: 0.500, Test Loss: 0.231, Accuracy: 0.926, Recall: 0.796, Precision: 0.894.
Epoch: 2, Loss: 0.187, Test Loss: 0.187, Accuracy: 0.938, Recall: 0.826, Precision: 0.924.
Epoch: 3, Loss: 0.151, Test Loss: 0.175, Accuracy: 0.943, Recall: 0.844, Precision: 0.928.
Epoch: 4, Loss: 0.136, Test Loss: 0.158, Accuracy: 0.951, Recall: 0.866, Precision: 0.939.
Epoch: 5, Loss: 0.125, Test Loss: 0.158, Accuracy: 0.952, Recall: 0.872, Precision: 0.936.
Saving weights to outputs/filter_loo_kalman_s02_mooth
Epoch: 6, Loss: 0.118, Test Loss: 0.143, Accuracy: 0.956, Recall: 0.882, Precision: 0.941.
Epoch: 7, Loss: 0.112, Test Loss: 0.138, Accuracy: 0.957, Recall: 0.885, Precision: 0.939.
Epoch: 8, Loss: 0.108, Test Loss: 0.134, Accuracy: 0.956, Recall: 0.882, Precision: 0.938.
Epoch: 9, Loss: 0.105, Test Loss: 0.135, Accuracy: 0.959, Recall: 0.895, Precision: 0.935.
Epoch: 10, Loss: 0.102, Test Loss: 0.139, Accuracy: 0.959, Recall: 0.888, Precision: 0.941.
Saving weights to outputs/filter_loo_kalman_s02_mooth
Finished at: Sun Dec 21 18:00:44 IST 2025
