Config: filter_comparison_butterworth.json
Leave-out Subject: 3
Starting at: Sat 20 Dec 2025 12:08:49 AM IST
Python: /home/badran.abed/miniconda3/envs/imugr/bin/python
Conda env: imugr
Loading dataset...
Applying butterworth filter to sensor data...
Filter settings: Butterworth 40Hz Order=2
Filtering training data...
Filtering test data...
Low-pass filtering complete.
Removing irrelevant data...
Concatenating samples...
Normalizaing inputs...
Total samples for train: 2280081.
Total samples for test: 216842.
Started training...
Epoch: 1, Loss: 0.524, Test Loss: 0.250, Accuracy: 0.914, Recall: 0.710, Precision: 0.898.
Epoch: 2, Loss: 0.187, Test Loss: 0.175, Accuracy: 0.941, Recall: 0.802, Precision: 0.941.
Epoch: 3, Loss: 0.148, Test Loss: 0.142, Accuracy: 0.953, Recall: 0.847, Precision: 0.951.
Epoch: 4, Loss: 0.130, Test Loss: 0.130, Accuracy: 0.957, Recall: 0.865, Precision: 0.953.
Epoch: 5, Loss: 0.120, Test Loss: 0.122, Accuracy: 0.960, Recall: 0.876, Precision: 0.953.
Saving weights to outputs/filter_loo_butterworth_s03_butterworth
Epoch: 6, Loss: 0.112, Test Loss: 0.123, Accuracy: 0.959, Recall: 0.872, Precision: 0.954.
Epoch: 7, Loss: 0.107, Test Loss: 0.115, Accuracy: 0.964, Recall: 0.895, Precision: 0.950.
Epoch: 8, Loss: 0.104, Test Loss: 0.117, Accuracy: 0.963, Recall: 0.890, Precision: 0.953.
Epoch: 9, Loss: 0.100, Test Loss: 0.122, Accuracy: 0.962, Recall: 0.883, Precision: 0.955.
Epoch: 10, Loss: 0.098, Test Loss: 0.120, Accuracy: 0.964, Recall: 0.893, Precision: 0.953.
Saving weights to outputs/filter_loo_butterworth_s03_butterworth
Finished at: Sat 20 Dec 2025 04:25:18 AM IST
