Config: filter_comparison_biquad.json
Leave-out Subject: 2
Starting at: Fri 19 Dec 2025 03:24:53 PM IST
environment: line 38: /usr/bin/tclsh8.6: No such file or directory
environment: line 38: /usr/bin/tclsh8.6: No such file or directory
Python: /home/zina.assi/miniconda3/envs/imugr/bin/python
Conda env: imugr
Loading dataset...
Applying butterworth filter to sensor data...
Filter settings: Butterworth 30Hz Order=4
Filtering training data...
Filtering test data...
Low-pass filtering complete.
Removing irrelevant data...
Concatenating samples...
Normalizaing inputs...
Total samples for train: 2213950.
Total samples for test: 282973.
Started training...
Epoch: 1, Loss: 0.497, Test Loss: 0.270, Accuracy: 0.905, Recall: 0.744, Precision: 0.872.
Epoch: 2, Loss: 0.189, Test Loss: 0.197, Accuracy: 0.927, Recall: 0.821, Precision: 0.902.
Epoch: 3, Loss: 0.147, Test Loss: 0.171, Accuracy: 0.938, Recall: 0.845, Precision: 0.919.
Epoch: 4, Loss: 0.130, Test Loss: 0.142, Accuracy: 0.952, Recall: 0.871, Precision: 0.941.
Epoch: 5, Loss: 0.120, Test Loss: 0.141, Accuracy: 0.952, Recall: 0.877, Precision: 0.930.
Saving weights to outputs/filter_loo_biquad_s02_biquad
Epoch: 6, Loss: 0.113, Test Loss: 0.135, Accuracy: 0.956, Recall: 0.883, Precision: 0.946.
Epoch: 7, Loss: 0.109, Test Loss: 0.132, Accuracy: 0.956, Recall: 0.884, Precision: 0.941.
Epoch: 8, Loss: 0.105, Test Loss: 0.135, Accuracy: 0.955, Recall: 0.881, Precision: 0.939.
Epoch: 9, Loss: 0.102, Test Loss: 0.124, Accuracy: 0.961, Recall: 0.897, Precision: 0.946.
Epoch: 10, Loss: 0.100, Test Loss: 0.133, Accuracy: 0.957, Recall: 0.881, Precision: 0.943.
Saving weights to outputs/filter_loo_biquad_s02_biquad
Finished at: Fri 19 Dec 2025 07:57:11 PM IST
