Config: filter_comparison_ema.json
Leave-out Subject: 3
Starting at: Fri Dec 19 23:38:40 IST 2025
environment: line 38: /usr/bin/tclsh8.6: No such file or directory
environment: line 38: /usr/bin/tclsh8.6: No such file or directory
Python: /home/zina.assi/miniconda3/envs/imugr/bin/python
Conda env: imugr
Loading dataset...
Applying butterworth filter to sensor data...
Filter settings: Butterworth 15Hz Order=4
Filtering training data...
Filtering test data...
Low-pass filtering complete.
Removing irrelevant data...
Concatenating samples...
Normalizaing inputs...
Total samples for train: 2280081.
Total samples for test: 216842.
Started training...
Epoch: 1, Loss: 0.477, Test Loss: 0.243, Accuracy: 0.915, Recall: 0.704, Precision: 0.888.
Epoch: 2, Loss: 0.180, Test Loss: 0.173, Accuracy: 0.942, Recall: 0.803, Precision: 0.931.
Epoch: 3, Loss: 0.146, Test Loss: 0.143, Accuracy: 0.953, Recall: 0.842, Precision: 0.950.
Epoch: 4, Loss: 0.130, Test Loss: 0.133, Accuracy: 0.956, Recall: 0.852, Precision: 0.953.
Epoch: 5, Loss: 0.121, Test Loss: 0.123, Accuracy: 0.960, Recall: 0.874, Precision: 0.952.
Saving weights to outputs/filter_loo_ema_s03_ema
Epoch: 6, Loss: 0.114, Test Loss: 0.118, Accuracy: 0.962, Recall: 0.878, Precision: 0.957.
Epoch: 7, Loss: 0.110, Test Loss: 0.116, Accuracy: 0.963, Recall: 0.885, Precision: 0.954.
Epoch: 8, Loss: 0.107, Test Loss: 0.116, Accuracy: 0.963, Recall: 0.885, Precision: 0.956.
Epoch: 9, Loss: 0.104, Test Loss: 0.120, Accuracy: 0.961, Recall: 0.877, Precision: 0.957.
Epoch: 10, Loss: 0.101, Test Loss: 0.121, Accuracy: 0.962, Recall: 0.884, Precision: 0.955.
Saving weights to outputs/filter_loo_ema_s03_ema
Finished at: Sat Dec 20 03:54:19 IST 2025
