Config: cnn_kalman_q0001.json
Leave-out Subject: 3
Starting at: Tue 30 Dec 2025 09:51:16 PM IST
Python: /home/badran.abed/miniconda3/envs/imugr/bin/python
Conda env: imugr
Loading dataset...
Applying kalman filter to sensor data...
Filter settings: Kalman Q=0.0001 R=0.0001
Filtering training data...
Filtering test data...
Low-pass filtering complete.
Removing irrelevant data...
Concatenating samples...
Normalizaing inputs...
Total samples for train: 2280081.
Total samples for test: 216842.
Started training...
Epoch: 1, Loss: 0.534, Test Loss: 0.251, Accuracy: 0.914, Recall: 0.699, Precision: 0.907.
Epoch: 2, Loss: 0.186, Test Loss: 0.158, Accuracy: 0.947, Recall: 0.821, Precision: 0.948.
Epoch: 3, Loss: 0.146, Test Loss: 0.134, Accuracy: 0.956, Recall: 0.858, Precision: 0.952.
Epoch: 4, Loss: 0.129, Test Loss: 0.127, Accuracy: 0.959, Recall: 0.870, Precision: 0.953.
Epoch: 5, Loss: 0.120, Test Loss: 0.121, Accuracy: 0.961, Recall: 0.881, Precision: 0.954.
Saving weights to outputs/cnn_filter_comparison/kalman_q0001_s03_q0001
Epoch: 6, Loss: 0.113, Test Loss: 0.119, Accuracy: 0.963, Recall: 0.893, Precision: 0.951.
Epoch: 7, Loss: 0.109, Test Loss: 0.117, Accuracy: 0.963, Recall: 0.894, Precision: 0.947.
Epoch: 8, Loss: 0.105, Test Loss: 0.137, Accuracy: 0.957, Recall: 0.860, Precision: 0.958.
Epoch: 9, Loss: 0.102, Test Loss: 0.117, Accuracy: 0.964, Recall: 0.894, Precision: 0.953.
Epoch: 10, Loss: 0.099, Test Loss: 0.118, Accuracy: 0.963, Recall: 0.887, Precision: 0.956.
Saving weights to outputs/cnn_filter_comparison/kalman_q0001_s03_q0001
Finished at: Wed 31 Dec 2025 02:13:16 AM IST
