Config: filter_comparison_biquad.json
Leave-out Subject: 6
Starting at: Fri 19 Dec 2025 03:23:57 PM IST
environment: line 38: /usr/bin/tclsh8.6: No such file or directory
environment: line 38: /usr/bin/tclsh8.6: No such file or directory
Python: /home/zina.assi/miniconda3/envs/imugr/bin/python
Conda env: imugr
Loading dataset...
Applying butterworth filter to sensor data...
Filter settings: Butterworth 30Hz Order=4
Filtering training data...
Filtering test data...
Low-pass filtering complete.
Removing irrelevant data...
Concatenating samples...
Normalizaing inputs...
Total samples for train: 2237782.
Total samples for test: 259141.
Started training...
Epoch: 1, Loss: 0.485, Test Loss: 0.197, Accuracy: 0.947, Recall: 0.823, Precision: 0.917.
Epoch: 2, Loss: 0.178, Test Loss: 0.173, Accuracy: 0.953, Recall: 0.869, Precision: 0.910.
Epoch: 3, Loss: 0.142, Test Loss: 0.164, Accuracy: 0.955, Recall: 0.877, Precision: 0.914.
Epoch: 4, Loss: 0.127, Test Loss: 0.157, Accuracy: 0.957, Recall: 0.880, Precision: 0.918.
Epoch: 5, Loss: 0.117, Test Loss: 0.152, Accuracy: 0.958, Recall: 0.882, Precision: 0.924.
Saving weights to outputs/filter_loo_biquad_s06_biquad
Epoch: 6, Loss: 0.110, Test Loss: 0.150, Accuracy: 0.960, Recall: 0.882, Precision: 0.930.
Epoch: 7, Loss: 0.106, Test Loss: 0.147, Accuracy: 0.959, Recall: 0.884, Precision: 0.925.
Epoch: 8, Loss: 0.102, Test Loss: 0.147, Accuracy: 0.959, Recall: 0.887, Precision: 0.924.
Epoch: 9, Loss: 0.099, Test Loss: 0.146, Accuracy: 0.960, Recall: 0.892, Precision: 0.925.
Epoch: 10, Loss: 0.097, Test Loss: 0.144, Accuracy: 0.961, Recall: 0.889, Precision: 0.928.
Saving weights to outputs/filter_loo_biquad_s06_biquad
Finished at: Fri 19 Dec 2025 07:39:43 PM IST
