Config: filter_comparison_kalman.json
Leave-out Subject: 6
Starting at: Sun 21 Dec 2025 12:14:18 AM IST
Python: /home/badran.abed/miniconda3/envs/imugr/bin/python
Conda env: imugr
Loading dataset...
Applying butterworth filter to sensor data...
Filter settings: Butterworth 15Hz Order=4
Filtering training data...
Filtering test data...
Low-pass filtering complete.
Removing irrelevant data...
Concatenating samples...
Normalizaing inputs...
Total samples for train: 2237782.
Total samples for test: 259141.
Started training...
Epoch: 1, Loss: 0.499, Test Loss: 0.209, Accuracy: 0.943, Recall: 0.832, Precision: 0.881.
Epoch: 2, Loss: 0.185, Test Loss: 0.173, Accuracy: 0.951, Recall: 0.862, Precision: 0.908.
Epoch: 3, Loss: 0.145, Test Loss: 0.166, Accuracy: 0.953, Recall: 0.876, Precision: 0.907.
Epoch: 4, Loss: 0.128, Test Loss: 0.156, Accuracy: 0.957, Recall: 0.879, Precision: 0.922.
Epoch: 5, Loss: 0.119, Test Loss: 0.159, Accuracy: 0.957, Recall: 0.878, Precision: 0.920.
Saving weights to outputs/filter_loo_kalman_s06_kalman
Epoch: 6, Loss: 0.112, Test Loss: 0.158, Accuracy: 0.956, Recall: 0.886, Precision: 0.914.
Epoch: 7, Loss: 0.107, Test Loss: 0.155, Accuracy: 0.957, Recall: 0.884, Precision: 0.918.
Epoch: 8, Loss: 0.103, Test Loss: 0.155, Accuracy: 0.958, Recall: 0.882, Precision: 0.924.
Epoch: 9, Loss: 0.100, Test Loss: 0.148, Accuracy: 0.959, Recall: 0.887, Precision: 0.923.
Epoch: 10, Loss: 0.097, Test Loss: 0.152, Accuracy: 0.959, Recall: 0.889, Precision: 0.922.
Saving weights to outputs/filter_loo_kalman_s06_kalman
Finished at: Sun 21 Dec 2025 04:13:38 AM IST
