Config: filter_comparison_baseline.json
Leave-out Subject: 4
Starting at: Thu 18 Dec 2025 02:57:51 AM IST
environment: line 38: /usr/bin/tclsh8.6: No such file or directory
environment: line 38: /usr/bin/tclsh8.6: No such file or directory
Python: /home/badran.abed/miniconda3/envs/imugr/bin/python
Conda env: imugr
Loading dataset...
Removing irrelevant data...
Concatenating samples...
Normalizaing inputs...
Total samples for train: 2217032.
Total samples for test: 279891.
Started training...
Epoch: 1, Loss: 0.552, Test Loss: 0.154, Accuracy: 0.955, Recall: 0.784, Precision: 0.897.
Epoch: 2, Loss: 0.202, Test Loss: 0.099, Accuracy: 0.969, Recall: 0.868, Precision: 0.931.
Epoch: 3, Loss: 0.157, Test Loss: 0.090, Accuracy: 0.972, Recall: 0.874, Precision: 0.947.
Epoch: 4, Loss: 0.139, Test Loss: 0.085, Accuracy: 0.974, Recall: 0.896, Precision: 0.936.
Epoch: 5, Loss: 0.127, Test Loss: 0.093, Accuracy: 0.969, Recall: 0.869, Precision: 0.931.
Saving weights to outputs/filter_loo_baseline_s04_baseline
Epoch: 6, Loss: 0.120, Test Loss: 0.091, Accuracy: 0.970, Recall: 0.875, Precision: 0.935.
Epoch: 7, Loss: 0.114, Test Loss: 0.094, Accuracy: 0.967, Recall: 0.847, Precision: 0.938.
Epoch: 8, Loss: 0.111, Test Loss: 0.114, Accuracy: 0.960, Recall: 0.809, Precision: 0.921.
Epoch: 9, Loss: 0.108, Test Loss: 0.103, Accuracy: 0.965, Recall: 0.838, Precision: 0.933.
Epoch: 10, Loss: 0.105, Test Loss: 0.102, Accuracy: 0.965, Recall: 0.847, Precision: 0.927.
Saving weights to outputs/filter_loo_baseline_s04_baseline
Finished at: Thu 18 Dec 2025 06:57:43 AM IST
