Config: filter_comparison_baseline.json
Leave-out Subject: 7
Starting at: Thu Dec 18 15:18:35 IST 2025
environment: line 38: /usr/bin/tclsh8.6: No such file or directory
environment: line 38: /usr/bin/tclsh8.6: No such file or directory
Python: /home/badran.abed/miniconda3/envs/imugr/bin/python
Conda env: imugr
Loading dataset...
Removing irrelevant data...
Concatenating samples...
Normalizaing inputs...
Total samples for train: 2282749.
Total samples for test: 214174.
Started training...
Epoch: 1, Loss: 0.568, Test Loss: 0.321, Accuracy: 0.916, Recall: 0.725, Precision: 0.925.
Epoch: 2, Loss: 0.197, Test Loss: 0.265, Accuracy: 0.938, Recall: 0.808, Precision: 0.951.
Epoch: 3, Loss: 0.146, Test Loss: 0.252, Accuracy: 0.943, Recall: 0.822, Precision: 0.956.
Epoch: 4, Loss: 0.126, Test Loss: 0.249, Accuracy: 0.945, Recall: 0.831, Precision: 0.957.
Epoch: 5, Loss: 0.115, Test Loss: 0.231, Accuracy: 0.949, Recall: 0.847, Precision: 0.953.
Saving weights to outputs/filter_loo_baseline_s07_baseline
Epoch: 6, Loss: 0.108, Test Loss: 0.235, Accuracy: 0.948, Recall: 0.859, Precision: 0.938.
Epoch: 7, Loss: 0.103, Test Loss: 0.243, Accuracy: 0.946, Recall: 0.859, Precision: 0.932.
Epoch: 8, Loss: 0.099, Test Loss: 0.246, Accuracy: 0.948, Recall: 0.861, Precision: 0.935.
Epoch: 9, Loss: 0.096, Test Loss: 0.240, Accuracy: 0.950, Recall: 0.854, Precision: 0.950.
Epoch: 10, Loss: 0.094, Test Loss: 0.252, Accuracy: 0.948, Recall: 0.857, Precision: 0.939.
Saving weights to outputs/filter_loo_baseline_s07_baseline
Finished at: Thu Dec 18 19:34:35 IST 2025
