Config: filter_comparison_ema.json
Leave-out Subject: 2
Starting at: Fri 19 Dec 2025 07:39:44 PM IST
environment: line 38: /usr/bin/tclsh8.6: No such file or directory
environment: line 38: /usr/bin/tclsh8.6: No such file or directory
Python: /home/zina.assi/miniconda3/envs/imugr/bin/python
Conda env: imugr
Loading dataset...
Applying butterworth filter to sensor data...
Filter settings: Butterworth 15Hz Order=4
Filtering training data...
Filtering test data...
Low-pass filtering complete.
Removing irrelevant data...
Concatenating samples...
Normalizaing inputs...
Total samples for train: 2213950.
Total samples for test: 282973.
Started training...
Epoch: 1, Loss: 0.504, Test Loss: 0.248, Accuracy: 0.919, Recall: 0.783, Precision: 0.891.
Epoch: 2, Loss: 0.185, Test Loss: 0.183, Accuracy: 0.937, Recall: 0.845, Precision: 0.911.
Epoch: 3, Loss: 0.148, Test Loss: 0.145, Accuracy: 0.952, Recall: 0.877, Precision: 0.933.
Epoch: 4, Loss: 0.131, Test Loss: 0.135, Accuracy: 0.956, Recall: 0.883, Precision: 0.946.
Epoch: 5, Loss: 0.121, Test Loss: 0.136, Accuracy: 0.957, Recall: 0.884, Precision: 0.947.
Saving weights to outputs/filter_loo_ema_s02_ema
Epoch: 6, Loss: 0.115, Test Loss: 0.122, Accuracy: 0.963, Recall: 0.899, Precision: 0.954.
Epoch: 7, Loss: 0.110, Test Loss: 0.126, Accuracy: 0.961, Recall: 0.894, Precision: 0.949.
Epoch: 8, Loss: 0.106, Test Loss: 0.117, Accuracy: 0.963, Recall: 0.901, Precision: 0.951.
Epoch: 9, Loss: 0.103, Test Loss: 0.116, Accuracy: 0.963, Recall: 0.903, Precision: 0.947.
Epoch: 10, Loss: 0.101, Test Loss: 0.124, Accuracy: 0.962, Recall: 0.891, Precision: 0.952.
Saving weights to outputs/filter_loo_ema_s02_ema
Finished at: Fri 19 Dec 2025 11:36:52 PM IST
