Config: filter_comparison_baseline.json
Leave-out Subject: 9
Starting at: Thu 18 Dec 2025 07:35:25 PM IST
Python: /home/zina.assi/miniconda3/envs/imugr/bin/python
Conda env: imugr
Loading dataset...
Removing irrelevant data...
Concatenating samples...
Normalizaing inputs...
Total samples for train: 2232546.
Total samples for test: 264377.
Started training...
Epoch: 1, Loss: 0.562, Test Loss: 0.532, Accuracy: 0.835, Recall: 0.470, Precision: 0.833.
Epoch: 2, Loss: 0.169, Test Loss: 0.473, Accuracy: 0.857, Recall: 0.537, Precision: 0.905.
Epoch: 3, Loss: 0.134, Test Loss: 0.406, Accuracy: 0.877, Recall: 0.610, Precision: 0.914.
Epoch: 4, Loss: 0.117, Test Loss: 0.440, Accuracy: 0.868, Recall: 0.569, Precision: 0.922.
Epoch: 5, Loss: 0.106, Test Loss: 0.397, Accuracy: 0.879, Recall: 0.612, Precision: 0.919.
Saving weights to outputs/filter_loo_baseline_s09_baseline
Epoch: 6, Loss: 0.099, Test Loss: 0.389, Accuracy: 0.886, Recall: 0.642, Precision: 0.911.
Epoch: 7, Loss: 0.095, Test Loss: 0.392, Accuracy: 0.886, Recall: 0.637, Precision: 0.923.
Epoch: 8, Loss: 0.091, Test Loss: 0.399, Accuracy: 0.885, Recall: 0.638, Precision: 0.917.
Epoch: 9, Loss: 0.089, Test Loss: 0.406, Accuracy: 0.884, Recall: 0.637, Precision: 0.914.
Epoch: 10, Loss: 0.086, Test Loss: 0.379, Accuracy: 0.893, Recall: 0.674, Precision: 0.908.
Saving weights to outputs/filter_loo_baseline_s09_baseline
Finished at: Thu 18 Dec 2025 11:52:23 PM IST
