Config: filter_comparison_baseline.json
Leave-out Subject: 8
Starting at: Thu Dec 18 15:15:27 IST 2025
Python: /home/zina.assi/miniconda3/envs/imugr/bin/python
Conda env: imugr
Loading dataset...
Removing irrelevant data...
Concatenating samples...
Normalizaing inputs...
Total samples for train: 2254149.
Total samples for test: 242774.
Started training...
Epoch: 1, Loss: 0.560, Test Loss: 0.167, Accuracy: 0.951, Recall: 0.821, Precision: 0.818.
Epoch: 2, Loss: 0.193, Test Loss: 0.124, Accuracy: 0.961, Recall: 0.869, Precision: 0.851.
Epoch: 3, Loss: 0.149, Test Loss: 0.138, Accuracy: 0.963, Recall: 0.925, Precision: 0.832.
Epoch: 4, Loss: 0.130, Test Loss: 0.131, Accuracy: 0.965, Recall: 0.922, Precision: 0.842.
Epoch: 5, Loss: 0.120, Test Loss: 0.135, Accuracy: 0.966, Recall: 0.927, Precision: 0.845.
Saving weights to outputs/filter_loo_baseline_s08_baseline
Epoch: 6, Loss: 0.113, Test Loss: 0.126, Accuracy: 0.965, Recall: 0.913, Precision: 0.849.
Epoch: 7, Loss: 0.108, Test Loss: 0.149, Accuracy: 0.965, Recall: 0.938, Precision: 0.835.
Epoch: 8, Loss: 0.104, Test Loss: 0.143, Accuracy: 0.965, Recall: 0.936, Precision: 0.838.
Epoch: 9, Loss: 0.102, Test Loss: 0.145, Accuracy: 0.965, Recall: 0.934, Precision: 0.840.
Epoch: 10, Loss: 0.099, Test Loss: 0.147, Accuracy: 0.964, Recall: 0.925, Precision: 0.837.
Saving weights to outputs/filter_loo_baseline_s08_baseline
Finished at: Thu Dec 18 19:36:15 IST 2025
