Config: filter_comparison_kalman_smooth.json
Leave-out Subject: 3
Starting at: Sun Dec 21 18:00:44 IST 2025
Python: /home/badran.abed/miniconda3/envs/imugr/bin/python
Conda env: imugr
Loading dataset...
Applying butterworth filter to sensor data...
Filter settings: Butterworth 15Hz Order=4
Filtering training data...
Filtering test data...
Low-pass filtering complete.
Removing irrelevant data...
Concatenating samples...
Normalizaing inputs...
Total samples for train: 2280081.
Total samples for test: 216842.
Started training...
Epoch: 1, Loss: 0.529, Test Loss: 0.251, Accuracy: 0.913, Recall: 0.694, Precision: 0.894.
Epoch: 2, Loss: 0.183, Test Loss: 0.170, Accuracy: 0.941, Recall: 0.798, Precision: 0.940.
Epoch: 3, Loss: 0.148, Test Loss: 0.150, Accuracy: 0.950, Recall: 0.831, Precision: 0.947.
Epoch: 4, Loss: 0.131, Test Loss: 0.136, Accuracy: 0.956, Recall: 0.856, Precision: 0.953.
Epoch: 5, Loss: 0.121, Test Loss: 0.132, Accuracy: 0.957, Recall: 0.861, Precision: 0.953.
Saving weights to outputs/filter_loo_kalman_s03_mooth
Epoch: 6, Loss: 0.114, Test Loss: 0.126, Accuracy: 0.959, Recall: 0.870, Precision: 0.952.
Epoch: 7, Loss: 0.109, Test Loss: 0.125, Accuracy: 0.960, Recall: 0.871, Precision: 0.955.
Epoch: 8, Loss: 0.105, Test Loss: 0.116, Accuracy: 0.963, Recall: 0.893, Precision: 0.947.
Epoch: 9, Loss: 0.102, Test Loss: 0.119, Accuracy: 0.961, Recall: 0.878, Precision: 0.952.
Epoch: 10, Loss: 0.100, Test Loss: 0.115, Accuracy: 0.963, Recall: 0.890, Precision: 0.951.
Saving weights to outputs/filter_loo_kalman_s03_mooth
Finished at: Sun Dec 21 22:19:47 IST 2025
