================================================
PRUNING EXPERIMENT
================================================
Job ID: 340933
Config: prune_ema_s06_10pct_seed42.json
Starting at: Wed Dec 31 23:18:50 IST 2025
Node: lambda2

environment: line 38: /usr/bin/tclsh8.6: No such file or directory
environment: line 38: /usr/bin/tclsh8.6: No such file or directory
Python: /home/zina.assi/miniconda3/envs/imugr/bin/python
Conda env: imugr

================================================
STARTING PRUNING
================================================
Loading config from: config/pruning/prune_ema_s06_10pct_seed42.json
Using device: cuda:0
Loading data...
Loading dataset...
Applying ema filter to sensor data...
Filter settings: EMA with alpha=0.3
Filtering training data...
Filtering test data...
Low-pass filtering complete.
Removing irrelevant data...
Concatenating samples...
Normalizaing inputs...
Total samples for train: 2237782.
Total samples for test: 259141.
Train samples: 2237782, Test samples: 259141
Loading pretrained model from: outputs/cnn_filter_comparison/ema_a03_s06_a03/model_weights_10.pt

================================================================================
BASELINE EVALUATION (Before Pruning)
================================================================================

================================================
EXPERIMENT COMPLETE
================================================
Exit code: 1
Finished at: Wed Dec 31 23:47:55 IST 2025
✗ Failed with exit code 1
