================================================
PRUNING EXPERIMENT
================================================
Job ID: 340989
Config: prune_ema_s02_30pct_seed42.json
Starting at: Thu Jan  1 08:35:55 IST 2026
Node: lambda2

Python: /home/badran.abed/miniconda3/envs/imugr/bin/python
Conda env: imugr

================================================
STARTING PRUNING
================================================
Loading config from: config/pruning/prune_ema_s02_30pct_seed42.json
Using device: cuda:0
Loading data...
Loading dataset...
Applying ema filter to sensor data...
Filter settings: EMA with alpha=0.3
Filtering training data...
Filtering test data...
Low-pass filtering complete.
Removing irrelevant data...
Concatenating samples...
Normalizaing inputs...
Total samples for train: 2213950.
Total samples for test: 282973.
Train samples: 2213950, Test samples: 282973
Loading pretrained model from: outputs/cnn_filter_comparison/ema_a03_s02_a03/model_weights_10.pt

================================================================================
BASELINE EVALUATION (Before Pruning)
================================================================================
Baseline Accuracy: 0.9641
Baseline Recall:   0.9047
Baseline Precision: 0.9512
Baseline Size:     56.36 KB
Baseline Params:   13,897

Target Pruning: 30%
Pruning Schedule: 3 iterations

================================================================================
ITERATION 1/3: Prune 10%, Fine-tune 3 epochs
================================================================================

Applying pruning...
Pruned FC Layer 1: 64 → 58 neurons (6 removed, 9.4%)

Evaluating after pruning (before fine-tuning)...
After Pruning: Accuracy = 0.9159 (drop: 0.0482)

Fine-tuning for 3 epochs with LRs: [0.0001, 1e-05, 1e-05]...
  Epoch 1/3: Train Loss = 0.1026, Test Acc = 0.9617, LR = 1.00e-04
  Epoch 2/3: Train Loss = 0.0983, Test Acc = 0.9606, LR = 1.00e-05
  Epoch 3/3: Train Loss = 0.0976, Test Acc = 0.9619, LR = 1.00e-05

Iteration 1 Summary:
  Accuracy:   0.9619
  Recall:     0.8952
  Precision:  0.9536
  Model Size: 106.36 KB
  Parameters: 13,897
  Saved: outputs/pruning/ema_s02_prune30pct_seed42/pruned_iter1.pt

================================================================================
ITERATION 2/3: Prune 10%, Fine-tune 3 epochs
================================================================================

Applying pruning...
Pruned FC Layer 1: 64 → 52 neurons (12 removed, 18.8%)

Evaluating after pruning (before fine-tuning)...
After Pruning: Accuracy = 0.9253 (drop: 0.0388)

Fine-tuning for 3 epochs with LRs: [0.0001, 1e-05, 1e-05]...
  Epoch 1/3: Train Loss = 0.1014, Test Acc = 0.9632, LR = 1.00e-04
  Epoch 2/3: Train Loss = 0.0976, Test Acc = 0.9596, LR = 1.00e-05
  Epoch 3/3: Train Loss = 0.0971, Test Acc = 0.9629, LR = 1.00e-05

Iteration 2 Summary:
  Accuracy:   0.9629
  Recall:     0.9006
  Precision:  0.9505
  Model Size: 106.36 KB
  Parameters: 13,897
  Saved: outputs/pruning/ema_s02_prune30pct_seed42/pruned_iter2.pt

================================================================================
ITERATION 3/3: Prune 10%, Fine-tune 4 epochs
================================================================================

Applying pruning...
Pruned FC Layer 1: 64 → 47 neurons (17 removed, 26.6%)

Evaluating after pruning (before fine-tuning)...
After Pruning: Accuracy = 0.9008 (drop: 0.0633)

Fine-tuning for 4 epochs with LRs: [1e-05, 1e-05, 1e-06, 1e-06]...
  Epoch 1/4: Train Loss = 0.1024, Test Acc = 0.9597, LR = 1.00e-05
  Epoch 2/4: Train Loss = 0.1002, Test Acc = 0.9577, LR = 1.00e-05
  Epoch 3/4: Train Loss = 0.0998, Test Acc = 0.9590, LR = 1.00e-06
  Epoch 4/4: Train Loss = 0.0998, Test Acc = 0.9595, LR = 1.00e-06

Iteration 3 Summary:
  Accuracy:   0.9595
  Recall:     0.8904
  Precision:  0.9492
  Model Size: 106.36 KB
  Parameters: 13,897
  Saved: outputs/pruning/ema_s02_prune30pct_seed42/pruned_iter3.pt

================================================================================
FINALIZING: Making pruning permanent
================================================================================
Made pruning permanent: 106.36 KB → 56.36 KB (50.00 KB saved)
Parameters: 13897 → 13897 (0 removed)

================================================================================
FINAL EVALUATION
================================================================================
Final Accuracy:   0.9595 (baseline: 0.9641)
Accuracy Drop:    0.0046
Final Recall:     0.8904
Final Precision:  0.9492
Final Size:       56.36 KB (baseline: 56.36 KB)
Size Reduction:   0.00 KB (0.0%)
Final Parameters: 13,897 (baseline: 13,897)
Compression Ratio: 1.00×

Saved final model: outputs/pruning/ema_s02_prune30pct_seed42/pruned_final.pt

All results saved to: outputs/pruning/ema_s02_prune30pct_seed42
================================================================================
PRUNING COMPLETE!
================================================================================

================================================
EXPERIMENT COMPLETE
================================================
Exit code: 0
Finished at: Thu Jan  1 12:44:55 IST 2026
✓ Success
