================================================
PRUNING EXPERIMENT
================================================
Job ID: 341108
Config: prune_ema_s06_40pct_seed123.json
Starting at: Thu Jan  1 21:42:20 IST 2026
Node: lambda2

environment: line 38: /usr/bin/tclsh8.6: No such file or directory
environment: line 38: /usr/bin/tclsh8.6: No such file or directory
Python: /home/zina.assi/miniconda3/envs/imugr/bin/python
Conda env: imugr

================================================
STARTING PRUNING
================================================
Loading config from: config/pruning/prune_ema_s06_40pct_seed123.json
Using device: cuda:0
Loading data...
Loading dataset...
Applying ema filter to sensor data...
Filter settings: EMA with alpha=0.3
Filtering training data...
Filtering test data...
Low-pass filtering complete.
Removing irrelevant data...
Concatenating samples...
Normalizaing inputs...
Total samples for train: 2237782.
Total samples for test: 259141.
Train samples: 2237782, Test samples: 259141
Loading pretrained model from: outputs/cnn_filter_comparison/ema_a03_s06_a03/model_weights_10.pt

================================================================================
BASELINE EVALUATION (Before Pruning)
================================================================================
Baseline Accuracy: 0.9600
Baseline Recall:   0.8934
Baseline Precision: 0.9216
Baseline Size:     56.36 KB
Baseline Params:   13,897

Target Pruning: 40%
Pruning Schedule: 4 iterations

================================================================================
ITERATION 1/4: Prune 10%, Fine-tune 3 epochs
================================================================================

Applying pruning...
Pruned FC Layer 1: 64 → 58 neurons (6 removed, 9.4%)

Evaluating after pruning (before fine-tuning)...
After Pruning: Accuracy = 0.9481 (drop: 0.0119)

Fine-tuning for 3 epochs with LRs: [0.0001, 1e-05, 1e-05]...
  Epoch 1/3: Train Loss = 0.0962, Test Acc = 0.9616, LR = 1.00e-04
  Epoch 2/3: Train Loss = 0.0918, Test Acc = 0.9601, LR = 1.00e-05
  Epoch 3/3: Train Loss = 0.0910, Test Acc = 0.9605, LR = 1.00e-05

Iteration 1 Summary:
  Accuracy:   0.9605
  Recall:     0.8900
  Precision:  0.9262
  Model Size: 106.36 KB
  Parameters: 13,897
  Saved: outputs/pruning/ema_s06_prune40pct_seed123/pruned_iter1.pt

================================================================================
ITERATION 2/4: Prune 10%, Fine-tune 3 epochs
================================================================================

Applying pruning...
Pruned FC Layer 1: 64 → 52 neurons (12 removed, 18.8%)

Evaluating after pruning (before fine-tuning)...
After Pruning: Accuracy = 0.9549 (drop: 0.0050)

Fine-tuning for 3 epochs with LRs: [1e-05, 1e-05, 1e-06]...
  Epoch 1/3: Train Loss = 0.0964, Test Acc = 0.9597, LR = 1.00e-05
  Epoch 2/3: Train Loss = 0.0944, Test Acc = 0.9598, LR = 1.00e-05
  Epoch 3/3: Train Loss = 0.0939, Test Acc = 0.9602, LR = 1.00e-06

Iteration 2 Summary:
  Accuracy:   0.9602
  Recall:     0.8879
  Precision:  0.9271
  Model Size: 106.36 KB
  Parameters: 13,897
  Saved: outputs/pruning/ema_s06_prune40pct_seed123/pruned_iter2.pt

================================================================================
ITERATION 3/4: Prune 10%, Fine-tune 3 epochs
================================================================================

Applying pruning...
Pruned FC Layer 1: 64 → 47 neurons (17 removed, 26.6%)

Evaluating after pruning (before fine-tuning)...
After Pruning: Accuracy = 0.9536 (drop: 0.0064)

Fine-tuning for 3 epochs with LRs: [1e-05, 1e-05, 1e-06]...
  Epoch 1/3: Train Loss = 0.0988, Test Acc = 0.9592, LR = 1.00e-05
  Epoch 2/3: Train Loss = 0.0969, Test Acc = 0.9590, LR = 1.00e-05
  Epoch 3/3: Train Loss = 0.0962, Test Acc = 0.9594, LR = 1.00e-06

Iteration 3 Summary:
  Accuracy:   0.9594
  Recall:     0.8831
  Precision:  0.9274
  Model Size: 106.36 KB
  Parameters: 13,897
  Saved: outputs/pruning/ema_s06_prune40pct_seed123/pruned_iter3.pt

================================================================================
ITERATION 4/4: Prune 10%, Fine-tune 4 epochs
================================================================================

Applying pruning...
Pruned FC Layer 1: 64 → 42 neurons (22 removed, 34.4%)

Evaluating after pruning (before fine-tuning)...
After Pruning: Accuracy = 0.9555 (drop: 0.0045)

Fine-tuning for 4 epochs with LRs: [1e-05, 1e-06, 1e-06, 1e-06]...
  Epoch 1/4: Train Loss = 0.1031, Test Acc = 0.9583, LR = 1.00e-05
  Epoch 2/4: Train Loss = 0.1007, Test Acc = 0.9577, LR = 1.00e-06
  Epoch 3/4: Train Loss = 0.1008, Test Acc = 0.9589, LR = 1.00e-06
  Epoch 4/4: Train Loss = 0.1005, Test Acc = 0.9580, LR = 1.00e-06

Iteration 4 Summary:
  Accuracy:   0.9580
  Recall:     0.8806
  Precision:  0.9240
  Model Size: 106.36 KB
  Parameters: 13,897
  Saved: outputs/pruning/ema_s06_prune40pct_seed123/pruned_iter4.pt

================================================================================
FINALIZING: Making pruning permanent
================================================================================
Made pruning permanent: 106.36 KB → 56.36 KB (50.00 KB saved)
Parameters: 13897 → 13897 (0 removed)

================================================================================
FINAL EVALUATION
================================================================================
Final Accuracy:   0.9580 (baseline: 0.9600)
Accuracy Drop:    0.0020
Final Recall:     0.8806
Final Precision:  0.9240
Final Size:       56.36 KB (baseline: 56.36 KB)
Size Reduction:   0.00 KB (0.0%)
Final Parameters: 13,897 (baseline: 13,897)
Compression Ratio: 1.00×

Saved final model: outputs/pruning/ema_s06_prune40pct_seed123/pruned_final.pt

All results saved to: outputs/pruning/ema_s06_prune40pct_seed123
================================================================================
PRUNING COMPLETE!
================================================================================

================================================
EXPERIMENT COMPLETE
================================================
Exit code: 0
Finished at: Fri Jan  2 03:05:39 IST 2026
✓ Success
