================================================
PRUNING EXPERIMENT
================================================
Job ID: 341111
Config: prune_ema_s06_50pct_seed123.json
Starting at: Fri 02 Jan 2026 07:08:24 AM IST
Node: lambda1

environment: line 38: /usr/bin/tclsh8.6: No such file or directory
environment: line 38: /usr/bin/tclsh8.6: No such file or directory
Python: /home/zina.assi/miniconda3/envs/imugr/bin/python
Conda env: imugr

================================================
STARTING PRUNING
================================================
Loading config from: config/pruning/prune_ema_s06_50pct_seed123.json
Using device: cuda:0
Loading data...
Loading dataset...
Applying ema filter to sensor data...
Filter settings: EMA with alpha=0.3
Filtering training data...
Filtering test data...
Low-pass filtering complete.
Removing irrelevant data...
Concatenating samples...
Normalizaing inputs...
Total samples for train: 2237782.
Total samples for test: 259141.
Train samples: 2237782, Test samples: 259141
Loading pretrained model from: outputs/cnn_filter_comparison/ema_a03_s06_a03/model_weights_10.pt

================================================================================
BASELINE EVALUATION (Before Pruning)
================================================================================
Baseline Accuracy: 0.9600
Baseline Recall:   0.8934
Baseline Precision: 0.9216
Baseline Size:     56.36 KB
Baseline Params:   13,897

Target Pruning: 50%
Pruning Schedule: 5 iterations

================================================================================
ITERATION 1/5: Prune 10%, Fine-tune 3 epochs
================================================================================

Applying pruning...
Pruned FC Layer 1: 64 → 58 neurons (6 removed, 9.4%)

Evaluating after pruning (before fine-tuning)...
After Pruning: Accuracy = 0.9481 (drop: 0.0119)

Fine-tuning for 3 epochs with LRs: [0.0001, 1e-05, 1e-05]...
  Epoch 1/3: Train Loss = 0.0962, Test Acc = 0.9617, LR = 1.00e-04
  Epoch 2/3: Train Loss = 0.0918, Test Acc = 0.9602, LR = 1.00e-05
  Epoch 3/3: Train Loss = 0.0910, Test Acc = 0.9604, LR = 1.00e-05

Iteration 1 Summary:
  Accuracy:   0.9604
  Recall:     0.8899
  Precision:  0.9261
  Model Size: 106.36 KB
  Parameters: 13,897
  Saved: outputs/pruning/ema_s06_prune50pct_seed123/pruned_iter1.pt

================================================================================
ITERATION 2/5: Prune 10%, Fine-tune 3 epochs
================================================================================

Applying pruning...
Pruned FC Layer 1: 64 → 52 neurons (12 removed, 18.8%)

Evaluating after pruning (before fine-tuning)...
After Pruning: Accuracy = 0.9551 (drop: 0.0049)

Fine-tuning for 3 epochs with LRs: [1e-05, 1e-05, 1e-06]...
  Epoch 1/3: Train Loss = 0.0964, Test Acc = 0.9598, LR = 1.00e-05
  Epoch 2/3: Train Loss = 0.0944, Test Acc = 0.9598, LR = 1.00e-05
  Epoch 3/3: Train Loss = 0.0939, Test Acc = 0.9603, LR = 1.00e-06

Iteration 2 Summary:
  Accuracy:   0.9603
  Recall:     0.8881
  Precision:  0.9273
  Model Size: 106.36 KB
  Parameters: 13,897
  Saved: outputs/pruning/ema_s06_prune50pct_seed123/pruned_iter2.pt

================================================================================
ITERATION 3/5: Prune 10%, Fine-tune 3 epochs
================================================================================

Applying pruning...
Pruned FC Layer 1: 64 → 47 neurons (17 removed, 26.6%)

Evaluating after pruning (before fine-tuning)...
After Pruning: Accuracy = 0.9538 (drop: 0.0062)

Fine-tuning for 3 epochs with LRs: [1e-05, 1e-06, 1e-06]...
  Epoch 1/3: Train Loss = 0.0988, Test Acc = 0.9592, LR = 1.00e-05
  Epoch 2/3: Train Loss = 0.0971, Test Acc = 0.9590, LR = 1.00e-06
  Epoch 3/3: Train Loss = 0.0969, Test Acc = 0.9594, LR = 1.00e-06

Iteration 3 Summary:
  Accuracy:   0.9594
  Recall:     0.8831
  Precision:  0.9275
  Model Size: 106.36 KB
  Parameters: 13,897
  Saved: outputs/pruning/ema_s06_prune50pct_seed123/pruned_iter3.pt

================================================================================
ITERATION 4/5: Prune 10%, Fine-tune 3 epochs
================================================================================

Applying pruning...
Pruned FC Layer 1: 64 → 42 neurons (22 removed, 34.4%)

Evaluating after pruning (before fine-tuning)...
After Pruning: Accuracy = 0.9554 (drop: 0.0046)

Fine-tuning for 3 epochs with LRs: [1e-06, 1e-06, 1e-06]...
  Epoch 1/3: Train Loss = 0.1103, Test Acc = 0.9579, LR = 1.00e-06
  Epoch 2/3: Train Loss = 0.1057, Test Acc = 0.9571, LR = 1.00e-06
  Epoch 3/3: Train Loss = 0.1044, Test Acc = 0.9586, LR = 1.00e-06

Iteration 4 Summary:
  Accuracy:   0.9586
  Recall:     0.8805
  Precision:  0.9269
  Model Size: 106.36 KB
  Parameters: 13,897
  Saved: outputs/pruning/ema_s06_prune50pct_seed123/pruned_iter4.pt

================================================================================
ITERATION 5/5: Prune 10%, Fine-tune 4 epochs
================================================================================

Applying pruning...
Pruned FC Layer 1: 64 → 38 neurons (26 removed, 40.6%)

Evaluating after pruning (before fine-tuning)...
After Pruning: Accuracy = 0.9261 (drop: 0.0339)

Fine-tuning for 4 epochs with LRs: [1e-06, 1e-06, 1e-06, 1e-06]...
  Epoch 1/4: Train Loss = 0.1131, Test Acc = 0.9568, LR = 1.00e-06
  Epoch 2/4: Train Loss = 0.1095, Test Acc = 0.9564, LR = 1.00e-06
  Epoch 3/4: Train Loss = 0.1082, Test Acc = 0.9561, LR = 1.00e-06
