================================================
PRUNING EXPERIMENT
================================================
Job ID: 341099
Config: prune_ema_s02_50pct_seed123.json
Starting at: Thu 01 Jan 2026 10:38:17 PM IST
Node: lambda1

Python: /home/badran.abed/miniconda3/envs/imugr/bin/python
Conda env: imugr

================================================
STARTING PRUNING
================================================
Loading config from: config/pruning/prune_ema_s02_50pct_seed123.json
Using device: cuda:0
Loading data...
Loading dataset...
Applying ema filter to sensor data...
Filter settings: EMA with alpha=0.3
Filtering training data...
Filtering test data...
Low-pass filtering complete.
Removing irrelevant data...
Concatenating samples...
Normalizaing inputs...
Total samples for train: 2213950.
Total samples for test: 282973.
Train samples: 2213950, Test samples: 282973
Loading pretrained model from: outputs/cnn_filter_comparison/ema_a03_s02_a03/model_weights_10.pt

================================================================================
BASELINE EVALUATION (Before Pruning)
================================================================================
Baseline Accuracy: 0.9641
Baseline Recall:   0.9047
Baseline Precision: 0.9512
Baseline Size:     56.36 KB
Baseline Params:   13,897

Target Pruning: 50%
Pruning Schedule: 5 iterations

================================================================================
ITERATION 1/5: Prune 10%, Fine-tune 3 epochs
================================================================================

Applying pruning...
Pruned FC Layer 1: 64 → 58 neurons (6 removed, 9.4%)

Evaluating after pruning (before fine-tuning)...
After Pruning: Accuracy = 0.9159 (drop: 0.0482)

Fine-tuning for 3 epochs with LRs: [0.0001, 1e-05, 1e-05]...
  Epoch 1/3: Train Loss = 0.1025, Test Acc = 0.9575, LR = 1.00e-04
  Epoch 2/3: Train Loss = 0.0984, Test Acc = 0.9617, LR = 1.00e-05
  Epoch 3/3: Train Loss = 0.0977, Test Acc = 0.9612, LR = 1.00e-05

Iteration 1 Summary:
  Accuracy:   0.9612
  Recall:     0.8941
  Precision:  0.9494
  Model Size: 106.36 KB
  Parameters: 13,897
  Saved: outputs/pruning/ema_s02_prune50pct_seed123/pruned_iter1.pt

================================================================================
ITERATION 2/5: Prune 10%, Fine-tune 3 epochs
================================================================================

Applying pruning...
Pruned FC Layer 1: 64 → 52 neurons (12 removed, 18.8%)

Evaluating after pruning (before fine-tuning)...
After Pruning: Accuracy = 0.9125 (drop: 0.0515)

Fine-tuning for 3 epochs with LRs: [1e-05, 1e-05, 1e-06]...
  Epoch 1/3: Train Loss = 0.1011, Test Acc = 0.9607, LR = 1.00e-05
  Epoch 2/3: Train Loss = 0.0994, Test Acc = 0.9624, LR = 1.00e-05
  Epoch 3/3: Train Loss = 0.0988, Test Acc = 0.9603, LR = 1.00e-06

Iteration 2 Summary:
  Accuracy:   0.9603
  Recall:     0.8941
  Precision:  0.9441
  Model Size: 106.36 KB
  Parameters: 13,897
  Saved: outputs/pruning/ema_s02_prune50pct_seed123/pruned_iter2.pt

================================================================================
ITERATION 3/5: Prune 10%, Fine-tune 3 epochs
================================================================================

Applying pruning...
Pruned FC Layer 1: 64 → 47 neurons (17 removed, 26.6%)

Evaluating after pruning (before fine-tuning)...
After Pruning: Accuracy = 0.9289 (drop: 0.0352)

Fine-tuning for 3 epochs with LRs: [1e-05, 1e-06, 1e-06]...
  Epoch 1/3: Train Loss = 0.1062, Test Acc = 0.9596, LR = 1.00e-05
  Epoch 2/3: Train Loss = 0.1036, Test Acc = 0.9600, LR = 1.00e-06
  Epoch 3/3: Train Loss = 0.1032, Test Acc = 0.9589, LR = 1.00e-06

Iteration 3 Summary:
  Accuracy:   0.9589
  Recall:     0.8879
  Precision:  0.9477
  Model Size: 106.36 KB
  Parameters: 13,897
  Saved: outputs/pruning/ema_s02_prune50pct_seed123/pruned_iter3.pt

================================================================================
ITERATION 4/5: Prune 10%, Fine-tune 3 epochs
================================================================================

Applying pruning...
Pruned FC Layer 1: 64 → 42 neurons (22 removed, 34.4%)

Evaluating after pruning (before fine-tuning)...
After Pruning: Accuracy = 0.9409 (drop: 0.0231)

Fine-tuning for 3 epochs with LRs: [1e-06, 1e-06, 1e-06]...
  Epoch 1/3: Train Loss = 0.1188, Test Acc = 0.9568, LR = 1.00e-06
  Epoch 2/3: Train Loss = 0.1123, Test Acc = 0.9543, LR = 1.00e-06
  Epoch 3/3: Train Loss = 0.1106, Test Acc = 0.9591, LR = 1.00e-06

Iteration 4 Summary:
  Accuracy:   0.9591
  Recall:     0.8939
  Precision:  0.9447
  Model Size: 106.36 KB
  Parameters: 13,897
  Saved: outputs/pruning/ema_s02_prune50pct_seed123/pruned_iter4.pt

================================================================================
ITERATION 5/5: Prune 10%, Fine-tune 4 epochs
================================================================================

Applying pruning...
Pruned FC Layer 1: 64 → 38 neurons (26 removed, 40.6%)

Evaluating after pruning (before fine-tuning)...
After Pruning: Accuracy = 0.9377 (drop: 0.0263)

Fine-tuning for 4 epochs with LRs: [1e-06, 1e-06, 1e-06, 1e-06]...
  Epoch 1/4: Train Loss = 0.1242, Test Acc = 0.9540, LR = 1.00e-06
  Epoch 2/4: Train Loss = 0.1175, Test Acc = 0.9549, LR = 1.00e-06
  Epoch 3/4: Train Loss = 0.1158, Test Acc = 0.9558, LR = 1.00e-06
  Epoch 4/4: Train Loss = 0.1148, Test Acc = 0.9562, LR = 1.00e-06

Iteration 5 Summary:
  Accuracy:   0.9562
  Recall:     0.8810
  Precision:  0.9448
  Model Size: 106.36 KB
  Parameters: 13,897
  Saved: outputs/pruning/ema_s02_prune50pct_seed123/pruned_iter5.pt

================================================================================
FINALIZING: Making pruning permanent
================================================================================
Made pruning permanent: 106.36 KB → 56.36 KB (50.00 KB saved)
Parameters: 13897 → 13897 (0 removed)

================================================================================
FINAL EVALUATION
================================================================================
Final Accuracy:   0.9562 (baseline: 0.9641)
Accuracy Drop:    0.0079
Final Recall:     0.8810
Final Precision:  0.9448
Final Size:       56.36 KB (baseline: 56.36 KB)
Size Reduction:   0.00 KB (0.0%)
Final Parameters: 13,897 (baseline: 13,897)
Compression Ratio: 1.00×

Saved final model: outputs/pruning/ema_s02_prune50pct_seed123/pruned_final.pt

All results saved to: outputs/pruning/ema_s02_prune50pct_seed123
================================================================================
PRUNING COMPLETE!
================================================================================

================================================
EXPERIMENT COMPLETE
================================================
Exit code: 0
Finished at: Fri 02 Jan 2026 05:18:53 AM IST
✓ Success
