================================================
PRUNING EXPERIMENT
================================================
Job ID: 340970
Config: prune_ema_s06_10pct_seed42.json
Starting at: Thu 01 Jan 2026 06:47:13 AM IST
Node: lambda1

environment: line 38: /usr/bin/tclsh8.6: No such file or directory
environment: line 38: /usr/bin/tclsh8.6: No such file or directory
Python: /home/zina.assi/miniconda3/envs/imugr/bin/python
Conda env: imugr

================================================
STARTING PRUNING
================================================
Loading config from: config/pruning/prune_ema_s06_10pct_seed42.json
Using device: cuda:0
Loading data...
Loading dataset...
Applying ema filter to sensor data...
Filter settings: EMA with alpha=0.3
Filtering training data...
Filtering test data...
Low-pass filtering complete.
Removing irrelevant data...
Concatenating samples...
Normalizaing inputs...
Total samples for train: 2237782.
Total samples for test: 259141.
Train samples: 2237782, Test samples: 259141
Loading pretrained model from: outputs/cnn_filter_comparison/ema_a03_s06_a03/model_weights_10.pt

================================================================================
BASELINE EVALUATION (Before Pruning)
================================================================================
Baseline Accuracy: 0.9600
Baseline Recall:   0.8934
Baseline Precision: 0.9216
Baseline Size:     56.36 KB
Baseline Params:   13,897

Target Pruning: 10%
Pruning Schedule: 2 iterations

================================================================================
ITERATION 1/2: Prune 5%, Fine-tune 3 epochs
================================================================================

Applying pruning...
Pruned FC Layer 1: 64 → 61 neurons (3 removed, 4.7%)

Evaluating after pruning (before fine-tuning)...
After Pruning: Accuracy = 0.9591 (drop: 0.0008)

Fine-tuning for 3 epochs with LRs: [0.0001, 1e-05, 1e-05]...
  Epoch 1/3: Train Loss = 0.0947, Test Acc = 0.9595, LR = 1.00e-04
  Epoch 2/3: Train Loss = 0.0907, Test Acc = 0.9613, LR = 1.00e-05
  Epoch 3/3: Train Loss = 0.0899, Test Acc = 0.9607, LR = 1.00e-05

Iteration 1 Summary:
  Accuracy:   0.9607
  Recall:     0.8906
  Precision:  0.9254
  Model Size: 106.36 KB
  Parameters: 13,897
  Saved: outputs/pruning/ema_s06_prune10pct_seed42/pruned_iter1.pt

================================================================================
ITERATION 2/2: Prune 5%, Fine-tune 3 epochs
================================================================================

Applying pruning...
Pruned FC Layer 1: 64 → 58 neurons (6 removed, 9.4%)

Evaluating after pruning (before fine-tuning)...
After Pruning: Accuracy = 0.9516 (drop: 0.0084)

Fine-tuning for 3 epochs with LRs: [0.0001, 1e-05, 1e-05]...
  Epoch 1/3: Train Loss = 0.0936, Test Acc = 0.9597, LR = 1.00e-04
  Epoch 2/3: Train Loss = 0.0898, Test Acc = 0.9613, LR = 1.00e-05
  Epoch 3/3: Train Loss = 0.0890, Test Acc = 0.9612, LR = 1.00e-05

Iteration 2 Summary:
  Accuracy:   0.9612
  Recall:     0.8928
  Precision:  0.9260
  Model Size: 106.36 KB
  Parameters: 13,897
  Saved: outputs/pruning/ema_s06_prune10pct_seed42/pruned_iter2.pt

================================================================================
FINALIZING: Making pruning permanent
================================================================================
Made pruning permanent: 106.36 KB → 56.36 KB (50.00 KB saved)
Parameters: 13897 → 13897 (0 removed)

================================================================================
FINAL EVALUATION
================================================================================
Final Accuracy:   0.9612 (baseline: 0.9600)
Accuracy Drop:    -0.0012
Final Recall:     0.8928
Final Precision:  0.9260
Final Size:       56.36 KB (baseline: 56.36 KB)
Size Reduction:   0.00 KB (0.0%)
Final Parameters: 13,897 (baseline: 13,897)
Compression Ratio: 1.00×

Saved final model: outputs/pruning/ema_s06_prune10pct_seed42/pruned_final.pt

All results saved to: outputs/pruning/ema_s06_prune10pct_seed42
================================================================================
PRUNING COMPLETE!
================================================================================

================================================
EXPERIMENT COMPLETE
================================================
Exit code: 0
Finished at: Thu 01 Jan 2026 09:36:48 AM IST
✓ Success
