================================================
QUANTIZATION-AWARE TRAINING (QAT)
================================================
Job ID: 344673
Config: qat_s06seed42.json
Starting at: Sun 11 Jan 2026 08:10:15 PM IST
Node: lambda3

Python: /home/badran.abed/miniconda3/envs/imugr/bin/python
Conda env: imugr

================================================
STARTING QAT TRAINING
================================================
======================================================================
Quantization-Aware Training (QAT)
======================================================================

Loading config from: config/quantization/qat_s06seed42.json

================================================
JOB COMPLETED
================================================
Finished at: Sun 11 Jan 2026 08:10:21 PM IST
Exit code: 1
