================================================
QUANTIZATION-AWARE TRAINING (QAT)
================================================
Job ID: 344671
Config: qat_s03_seed42.json
Starting at: Sun 11 Jan 2026 08:09:05 PM IST
Node: lambda3

Python: /home/badran.abed/miniconda3/envs/imugr/bin/python
Conda env: imugr

================================================
STARTING QAT TRAINING
================================================
======================================================================
Quantization-Aware Training (QAT)
======================================================================

Loading config from: config/quantization/qat_s03_seed42.json
Using device: cuda:0

Loading data (LOSO subject 3)...
Loading dataset...
Applying ema filter to sensor data...
Filter settings: EMA with alpha=0.3
Filtering training data...
Filtering test data...
Low-pass filtering complete.
Removing irrelevant data...
Concatenating samples...
Normalizaing inputs...
Total samples for train: 2280081.
Total samples for test: 216842.
✓ Data loaded:
  Train samples: 2280081
  Val samples: 216842

Loading pruned model from: outputs/pruning/ema_s03_prune40pct_seed42/pruned_final.pt

================================================
JOB COMPLETED
================================================
Finished at: Sun 11 Jan 2026 08:39:19 PM IST
Exit code: 1
