================================================
CNN FILTER COMPARISON
================================================
Job ID: 340698
Array Task ID: 3
Starting at: Wed 31 Dec 2025 02:13:17 AM IST
Node: lambda1

Python: /home/badran.abed/miniconda3/envs/imugr/bin/python
Conda env: imugr

Running experiment:
  Config file: cnn_kalman_q00001.json
  Leave-out subject: 2
  Array index: 3 / 8

================================================
STARTING TRAINING
================================================
Loading dataset...
Applying kalman filter to sensor data...
Filter settings: Kalman Q=1e-05 R=1e-05
Filtering training data...
Filtering test data...
Low-pass filtering complete.
Removing irrelevant data...
Concatenating samples...
Normalizaing inputs...
Total samples for train: 2213950.
Total samples for test: 282973.
Started training...
Epoch: 1, Loss: 0.549, Test Loss: 0.268, Accuracy: 0.907, Recall: 0.745, Precision: 0.874.
Epoch: 2, Loss: 0.192, Test Loss: 0.195, Accuracy: 0.932, Recall: 0.833, Precision: 0.901.
Epoch: 3, Loss: 0.150, Test Loss: 0.187, Accuracy: 0.936, Recall: 0.831, Precision: 0.923.
Epoch: 4, Loss: 0.133, Test Loss: 0.153, Accuracy: 0.951, Recall: 0.879, Precision: 0.928.
Epoch: 5, Loss: 0.122, Test Loss: 0.147, Accuracy: 0.954, Recall: 0.882, Precision: 0.935.
Saving weights to outputs/cnn_filter_comparison/kalman_q00001_s02_q00001
Epoch: 6, Loss: 0.115, Test Loss: 0.145, Accuracy: 0.955, Recall: 0.891, Precision: 0.934.
Epoch: 7, Loss: 0.110, Test Loss: 0.139, Accuracy: 0.959, Recall: 0.892, Precision: 0.944.
Epoch: 8, Loss: 0.106, Test Loss: 0.132, Accuracy: 0.961, Recall: 0.894, Precision: 0.951.
Epoch: 9, Loss: 0.103, Test Loss: 0.141, Accuracy: 0.961, Recall: 0.893, Precision: 0.950.
Epoch: 10, Loss: 0.100, Test Loss: 0.135, Accuracy: 0.962, Recall: 0.897, Precision: 0.949.
Saving weights to outputs/cnn_filter_comparison/kalman_q00001_s02_q00001

================================================
EXPERIMENT COMPLETE
================================================
Exit code: 0
Finished at: Wed 31 Dec 2025 06:33:21 AM IST
✓ Success
