================================================
CNN FILTER COMPARISON
================================================
Job ID: 340699
Array Task ID: 4
Starting at: Wed 31 Dec 2025 04:36:51 AM IST
Node: lambda1

Python: /home/badran.abed/miniconda3/envs/imugr/bin/python
Conda env: imugr

Running experiment:
  Config file: cnn_kalman_q00001.json
  Leave-out subject: 3
  Array index: 4 / 8

================================================
STARTING TRAINING
================================================
Loading dataset...
Applying kalman filter to sensor data...
Filter settings: Kalman Q=1e-05 R=1e-05
Filtering training data...
Filtering test data...
Low-pass filtering complete.
Removing irrelevant data...
Concatenating samples...
Normalizaing inputs...
Total samples for train: 2280081.
Total samples for test: 216842.
Started training...
Epoch: 1, Loss: 0.485, Test Loss: 0.271, Accuracy: 0.902, Recall: 0.650, Precision: 0.898.
Epoch: 2, Loss: 0.180, Test Loss: 0.189, Accuracy: 0.934, Recall: 0.772, Precision: 0.933.
Epoch: 3, Loss: 0.143, Test Loss: 0.149, Accuracy: 0.949, Recall: 0.830, Precision: 0.943.
Epoch: 4, Loss: 0.127, Test Loss: 0.135, Accuracy: 0.954, Recall: 0.850, Precision: 0.951.
Epoch: 5, Loss: 0.118, Test Loss: 0.129, Accuracy: 0.957, Recall: 0.862, Precision: 0.949.
Saving weights to outputs/cnn_filter_comparison/kalman_q00001_s03_q00001
Epoch: 6, Loss: 0.111, Test Loss: 0.132, Accuracy: 0.956, Recall: 0.861, Precision: 0.948.
Epoch: 7, Loss: 0.107, Test Loss: 0.123, Accuracy: 0.960, Recall: 0.876, Precision: 0.951.
Epoch: 8, Loss: 0.103, Test Loss: 0.122, Accuracy: 0.961, Recall: 0.878, Precision: 0.953.
Epoch: 9, Loss: 0.101, Test Loss: 0.122, Accuracy: 0.961, Recall: 0.878, Precision: 0.954.
Epoch: 10, Loss: 0.099, Test Loss: 0.120, Accuracy: 0.962, Recall: 0.886, Precision: 0.948.
Saving weights to outputs/cnn_filter_comparison/kalman_q00001_s03_q00001

================================================
EXPERIMENT COMPLETE
================================================
Exit code: 0
Finished at: Wed 31 Dec 2025 08:55:06 AM IST
✓ Success
