================================================
CNN FILTER COMPARISON
================================================
Job ID: 340701
Array Task ID: 6
Starting at: Wed 31 Dec 2025 06:33:22 AM IST
Node: lambda1

Python: /home/badran.abed/miniconda3/envs/imugr/bin/python
Conda env: imugr

Running experiment:
  Config file: cnn_ema_a03.json
  Leave-out subject: 2
  Array index: 6 / 8

================================================
STARTING TRAINING
================================================
Loading dataset...
Applying ema filter to sensor data...
Filter settings: EMA with alpha=0.3
Filtering training data...
Filtering test data...
Low-pass filtering complete.
Removing irrelevant data...
Concatenating samples...
Normalizaing inputs...
Total samples for train: 2213950.
Total samples for test: 282973.
Started training...
Epoch: 1, Loss: 0.480, Test Loss: 0.269, Accuracy: 0.901, Recall: 0.731, Precision: 0.865.
Epoch: 2, Loss: 0.183, Test Loss: 0.189, Accuracy: 0.932, Recall: 0.841, Precision: 0.884.
Epoch: 3, Loss: 0.148, Test Loss: 0.163, Accuracy: 0.945, Recall: 0.860, Precision: 0.914.
Epoch: 4, Loss: 0.132, Test Loss: 0.144, Accuracy: 0.951, Recall: 0.871, Precision: 0.932.
Epoch: 5, Loss: 0.122, Test Loss: 0.145, Accuracy: 0.952, Recall: 0.873, Precision: 0.929.
Saving weights to outputs/cnn_filter_comparison/ema_a03_s02_a03
Epoch: 6, Loss: 0.115, Test Loss: 0.127, Accuracy: 0.958, Recall: 0.892, Precision: 0.940.
Epoch: 7, Loss: 0.110, Test Loss: 0.138, Accuracy: 0.954, Recall: 0.876, Precision: 0.944.
Epoch: 8, Loss: 0.107, Test Loss: 0.129, Accuracy: 0.959, Recall: 0.887, Precision: 0.951.
Epoch: 9, Loss: 0.104, Test Loss: 0.123, Accuracy: 0.962, Recall: 0.899, Precision: 0.951.
Epoch: 10, Loss: 0.101, Test Loss: 0.118, Accuracy: 0.964, Recall: 0.905, Precision: 0.951.
Saving weights to outputs/cnn_filter_comparison/ema_a03_s02_a03

================================================
EXPERIMENT COMPLETE
================================================
Exit code: 0
Finished at: Wed 31 Dec 2025 10:56:44 AM IST
✓ Success
