Config: cnn_kalman_q0001.json
Leave-out Subject: 2
Starting at: Tue 30 Dec 2025 05:39:06 PM IST
Python: /home/badran.abed/miniconda3/envs/imugr/bin/python
Conda env: imugr
Loading dataset...
Applying kalman filter to sensor data...
Filter settings: Kalman Q=0.0001 R=0.0001
Filtering training data...
Filtering test data...
Low-pass filtering complete.
Removing irrelevant data...
Concatenating samples...
Normalizaing inputs...
Total samples for train: 2213950.
Total samples for test: 282973.
Started training...
Epoch: 1, Loss: 0.480, Test Loss: 0.249, Accuracy: 0.913, Recall: 0.740, Precision: 0.894.
Epoch: 2, Loss: 0.184, Test Loss: 0.181, Accuracy: 0.938, Recall: 0.820, Precision: 0.932.
Epoch: 3, Loss: 0.148, Test Loss: 0.156, Accuracy: 0.949, Recall: 0.860, Precision: 0.927.
Epoch: 4, Loss: 0.131, Test Loss: 0.155, Accuracy: 0.950, Recall: 0.865, Precision: 0.934.
Epoch: 5, Loss: 0.121, Test Loss: 0.155, Accuracy: 0.950, Recall: 0.861, Precision: 0.930.
Saving weights to outputs/cnn_filter_comparison/kalman_q0001_s02_q0001
Epoch: 6, Loss: 0.114, Test Loss: 0.155, Accuracy: 0.951, Recall: 0.861, Precision: 0.940.
Epoch: 7, Loss: 0.108, Test Loss: 0.142, Accuracy: 0.955, Recall: 0.876, Precision: 0.940.
Epoch: 8, Loss: 0.104, Test Loss: 0.139, Accuracy: 0.957, Recall: 0.884, Precision: 0.940.
Epoch: 9, Loss: 0.102, Test Loss: 0.146, Accuracy: 0.954, Recall: 0.871, Precision: 0.936.
Epoch: 10, Loss: 0.100, Test Loss: 0.146, Accuracy: 0.956, Recall: 0.874, Precision: 0.941.
Saving weights to outputs/cnn_filter_comparison/kalman_q0001_s02_q0001
Finished at: Tue 30 Dec 2025 09:51:16 PM IST
