================================================
PRUNING EXPERIMENT
================================================
Job ID: 341561
Config: prune_ema_s03_50pct_seed123.json
Starting at: Fri 02 Jan 2026 10:21:45 PM IST
Node: lambda3

Python: /home/zina.assi/miniconda3/envs/imugr/bin/python
Conda env: imugr

================================================
STARTING PRUNING
================================================
Loading config from: config/pruning/prune_ema_s03_50pct_seed123.json
Using device: cuda:0
Loading data...
Loading dataset...
Applying ema filter to sensor data...
Filter settings: EMA with alpha=0.3
Filtering training data...
Filtering test data...
Low-pass filtering complete.
Removing irrelevant data...
Concatenating samples...
Normalizaing inputs...
Total samples for train: 2280081.
Total samples for test: 216842.
Train samples: 2280081, Test samples: 216842
Loading pretrained model from: outputs/cnn_filter_comparison/ema_a03_s03_a03/model_weights_10.pt

================================================================================
BASELINE EVALUATION (Before Pruning)
================================================================================
Baseline Accuracy: 0.9645
Baseline Recall:   0.8969
Baseline Precision: 0.9512
Baseline Size:     56.36 KB
Baseline Params:   13,897

Target Pruning: 50%
Pruning Schedule: 5 iterations

================================================================================
ITERATION 1/5: Prune 10%, Fine-tune 3 epochs
================================================================================

Applying pruning...
Pruned FC Layer 1: 64 → 58 neurons (6 removed, 9.4%)

Evaluating after pruning (before fine-tuning)...
After Pruning: Accuracy = 0.9235 (drop: 0.0410)

Fine-tuning for 3 epochs with LRs: [0.0001, 1e-05, 1e-05]...
  Epoch 1/3: Train Loss = 0.0995, Test Acc = 0.9627, LR = 1.00e-04
  Epoch 2/3: Train Loss = 0.0952, Test Acc = 0.9612, LR = 1.00e-05
  Epoch 3/3: Train Loss = 0.0945, Test Acc = 0.9636, LR = 1.00e-05

Iteration 1 Summary:
  Accuracy:   0.9636
  Recall:     0.8917
  Precision:  0.9508
  Model Size: 106.36 KB
  Parameters: 13,897
  Saved: outputs/pruning/ema_s03_prune50pct_seed123/pruned_iter1.pt

================================================================================
ITERATION 2/5: Prune 10%, Fine-tune 3 epochs
================================================================================

Applying pruning...
Pruned FC Layer 1: 64 → 52 neurons (12 removed, 18.8%)

Evaluating after pruning (before fine-tuning)...
After Pruning: Accuracy = 0.9004 (drop: 0.0641)

Fine-tuning for 3 epochs with LRs: [1e-05, 1e-05, 1e-06]...
  Epoch 1/3: Train Loss = 0.0993, Test Acc = 0.9593, LR = 1.00e-05
  Epoch 2/3: Train Loss = 0.0974, Test Acc = 0.9617, LR = 1.00e-05
  Epoch 3/3: Train Loss = 0.0967, Test Acc = 0.9627, LR = 1.00e-06

Iteration 2 Summary:
  Accuracy:   0.9627
  Recall:     0.8899
  Precision:  0.9494
  Model Size: 106.36 KB
  Parameters: 13,897
  Saved: outputs/pruning/ema_s03_prune50pct_seed123/pruned_iter2.pt

================================================================================
ITERATION 3/5: Prune 10%, Fine-tune 3 epochs
================================================================================

Applying pruning...
Pruned FC Layer 1: 64 → 47 neurons (17 removed, 26.6%)

Evaluating after pruning (before fine-tuning)...
After Pruning: Accuracy = 0.9457 (drop: 0.0188)

Fine-tuning for 3 epochs with LRs: [1e-05, 1e-06, 1e-06]...
  Epoch 1/3: Train Loss = 0.1020, Test Acc = 0.9624, LR = 1.00e-05
  Epoch 2/3: Train Loss = 0.1003, Test Acc = 0.9638, LR = 1.00e-06
  Epoch 3/3: Train Loss = 0.1000, Test Acc = 0.9608, LR = 1.00e-06

Iteration 3 Summary:
  Accuracy:   0.9608
  Recall:     0.8805
  Precision:  0.9493
  Model Size: 106.36 KB
  Parameters: 13,897
  Saved: outputs/pruning/ema_s03_prune50pct_seed123/pruned_iter3.pt

================================================================================
ITERATION 4/5: Prune 10%, Fine-tune 3 epochs
================================================================================

Applying pruning...
Pruned FC Layer 1: 64 → 42 neurons (22 removed, 34.4%)

Evaluating after pruning (before fine-tuning)...
After Pruning: Accuracy = 0.9130 (drop: 0.0515)

Fine-tuning for 3 epochs with LRs: [1e-06, 1e-06, 1e-06]...
  Epoch 1/3: Train Loss = 0.1105, Test Acc = 0.9599, LR = 1.00e-06
  Epoch 2/3: Train Loss = 0.1064, Test Acc = 0.9587, LR = 1.00e-06
  Epoch 3/3: Train Loss = 0.1056, Test Acc = 0.9593, LR = 1.00e-06

Iteration 4 Summary:
  Accuracy:   0.9593
  Recall:     0.8753
  Precision:  0.9475
  Model Size: 106.36 KB
  Parameters: 13,897
  Saved: outputs/pruning/ema_s03_prune50pct_seed123/pruned_iter4.pt

================================================================================
ITERATION 5/5: Prune 10%, Fine-tune 4 epochs
================================================================================

Applying pruning...
Pruned FC Layer 1: 64 → 38 neurons (26 removed, 40.6%)

Evaluating after pruning (before fine-tuning)...
After Pruning: Accuracy = 0.9484 (drop: 0.0161)

Fine-tuning for 4 epochs with LRs: [1e-06, 1e-06, 1e-06, 1e-06]...
  Epoch 1/4: Train Loss = 0.1218, Test Acc = 0.9500, LR = 1.00e-06
  Epoch 2/4: Train Loss = 0.1136, Test Acc = 0.9555, LR = 1.00e-06
  Epoch 3/4: Train Loss = 0.1118, Test Acc = 0.9581, LR = 1.00e-06
  Epoch 4/4: Train Loss = 0.1110, Test Acc = 0.9576, LR = 1.00e-06

Iteration 5 Summary:
  Accuracy:   0.9576
  Recall:     0.8691
  Precision:  0.9413
  Model Size: 106.36 KB
  Parameters: 13,897
  Saved: outputs/pruning/ema_s03_prune50pct_seed123/pruned_iter5.pt

================================================================================
FINALIZING: Making pruning permanent
================================================================================
Made pruning permanent: 106.36 KB → 56.36 KB (50.00 KB saved)
Parameters: 13897 → 13897 (0 removed)

================================================================================
COMPRESSING: Physically removing pruned neurons
================================================================================
Physically removing 26 pruned neurons: 64 → 38
Model size: 56.36 KB → 35.04 KB (21.33 KB saved, 1.61x compression)
Parameters: 13,897 → 8,489 (5,408 removed)

================================================================================
FINAL EVALUATION
================================================================================
Final Accuracy:   0.9543 (baseline: 0.9645)
Accuracy Drop:    0.0102
Final Recall:     0.8559
Final Precision:  0.9315
Final Size:       35.04 KB (baseline: 56.36 KB)
Size Reduction:   21.33 KB (37.8%)
Final Parameters: 8,489 (baseline: 13,897)
Compression Ratio: 1.61×

Saved final model: outputs/pruning/ema_s03_prune50pct_seed123/pruned_final.pt

All results saved to: outputs/pruning/ema_s03_prune50pct_seed123
================================================================================
PRUNING COMPLETE!
================================================================================

================================================
EXPERIMENT COMPLETE
================================================
Exit code: 0
Finished at: Sat 03 Jan 2026 04:56:05 AM IST
✓ Success
