================================================
PRUNING EXPERIMENT
================================================
Job ID: 341554
Config: prune_ema_s02_30pct_seed123.json
Starting at: Sat 03 Jan 2026 07:53:01 AM IST
Node: lambda1

Python: /home/badran.abed/miniconda3/envs/imugr/bin/python
Conda env: imugr

================================================
STARTING PRUNING
================================================
Loading config from: config/pruning/prune_ema_s02_30pct_seed123.json
Using device: cuda:0
Loading data...
Loading dataset...
Applying ema filter to sensor data...
Filter settings: EMA with alpha=0.3
Filtering training data...
Filtering test data...
Low-pass filtering complete.
Removing irrelevant data...
Concatenating samples...
Normalizaing inputs...
Total samples for train: 2213950.
Total samples for test: 282973.
Train samples: 2213950, Test samples: 282973
Loading pretrained model from: outputs/cnn_filter_comparison/ema_a03_s02_a03/model_weights_10.pt

================================================================================
BASELINE EVALUATION (Before Pruning)
================================================================================
Baseline Accuracy: 0.9641
Baseline Recall:   0.9047
Baseline Precision: 0.9512
Baseline Size:     56.36 KB
Baseline Params:   13,897

Target Pruning: 30%
Pruning Schedule: 3 iterations

================================================================================
ITERATION 1/3: Prune 10%, Fine-tune 3 epochs
================================================================================

Applying pruning...
Pruned FC Layer 1: 64 → 58 neurons (6 removed, 9.4%)

Evaluating after pruning (before fine-tuning)...
After Pruning: Accuracy = 0.9159 (drop: 0.0482)

Fine-tuning for 3 epochs with LRs: [0.0001, 1e-05, 1e-05]...
  Epoch 1/3: Train Loss = 0.1025, Test Acc = 0.9579, LR = 1.00e-04
  Epoch 2/3: Train Loss = 0.0984, Test Acc = 0.9618, LR = 1.00e-05
  Epoch 3/3: Train Loss = 0.0977, Test Acc = 0.9610, LR = 1.00e-05

Iteration 1 Summary:
  Accuracy:   0.9610
  Recall:     0.8934
  Precision:  0.9492
  Model Size: 106.36 KB
  Parameters: 13,897
  Saved: outputs/pruning/ema_s02_prune30pct_seed123/pruned_iter1.pt

================================================================================
ITERATION 2/3: Prune 10%, Fine-tune 3 epochs
================================================================================

Applying pruning...
Pruned FC Layer 1: 64 → 52 neurons (12 removed, 18.8%)

Evaluating after pruning (before fine-tuning)...
After Pruning: Accuracy = 0.9124 (drop: 0.0517)

Fine-tuning for 3 epochs with LRs: [0.0001, 1e-05, 1e-05]...
  Epoch 1/3: Train Loss = 0.1012, Test Acc = 0.9595, LR = 1.00e-04
  Epoch 2/3: Train Loss = 0.0975, Test Acc = 0.9625, LR = 1.00e-05
  Epoch 3/3: Train Loss = 0.0966, Test Acc = 0.9615, LR = 1.00e-05

Iteration 2 Summary:
  Accuracy:   0.9615
  Recall:     0.8972
  Precision:  0.9467
  Model Size: 106.36 KB
  Parameters: 13,897
  Saved: outputs/pruning/ema_s02_prune30pct_seed123/pruned_iter2.pt

================================================================================
ITERATION 3/3: Prune 10%, Fine-tune 4 epochs
================================================================================

Applying pruning...
Pruned FC Layer 1: 64 → 47 neurons (17 removed, 26.6%)

Evaluating after pruning (before fine-tuning)...
After Pruning: Accuracy = 0.9362 (drop: 0.0279)

Fine-tuning for 4 epochs with LRs: [1e-05, 1e-05, 1e-06, 1e-06]...
  Epoch 1/4: Train Loss = 0.1028, Test Acc = 0.9598, LR = 1.00e-05
  Epoch 2/4: Train Loss = 0.1006, Test Acc = 0.9609, LR = 1.00e-05
  Epoch 3/4: Train Loss = 0.0999, Test Acc = 0.9595, LR = 1.00e-06
  Epoch 4/4: Train Loss = 0.0998, Test Acc = 0.9591, LR = 1.00e-06

Iteration 3 Summary:
  Accuracy:   0.9591
  Recall:     0.8909
  Precision:  0.9478
  Model Size: 106.36 KB
  Parameters: 13,897
  Saved: outputs/pruning/ema_s02_prune30pct_seed123/pruned_iter3.pt

================================================================================
FINALIZING: Making pruning permanent
================================================================================
Made pruning permanent: 106.36 KB → 56.36 KB (50.00 KB saved)
Parameters: 13897 → 13897 (0 removed)

================================================================================
COMPRESSING: Physically removing pruned neurons
================================================================================
Physically removing 17 pruned neurons: 64 → 47
Model size: 56.36 KB → 42.42 KB (13.95 KB saved, 1.33x compression)
Parameters: 13,897 → 10,361 (3,536 removed)

================================================================================
FINAL EVALUATION
================================================================================
Final Accuracy:   0.9635 (baseline: 0.9641)
Accuracy Drop:    0.0005
Final Recall:     0.9122
Final Precision:  0.9399
Final Size:       42.42 KB (baseline: 56.36 KB)
Size Reduction:   13.95 KB (24.7%)
Final Parameters: 10,361 (baseline: 13,897)
Compression Ratio: 1.33×

Saved final model: outputs/pruning/ema_s02_prune30pct_seed123/pruned_final.pt

All results saved to: outputs/pruning/ema_s02_prune30pct_seed123
================================================================================
PRUNING COMPLETE!
================================================================================

================================================
EXPERIMENT COMPLETE
================================================
Exit code: 0
Finished at: Sat 03 Jan 2026 12:44:25 PM IST
✓ Success
