================================================
PRUNING EXPERIMENT
================================================
Job ID: 341560
Config: prune_ema_s03_50pct_seed42.json
Starting at: Fri 02 Jan 2026 10:21:45 PM IST
Node: lambda3

Python: /home/zina.assi/miniconda3/envs/imugr/bin/python
Conda env: imugr

================================================
STARTING PRUNING
================================================
Loading config from: config/pruning/prune_ema_s03_50pct_seed42.json
Using device: cuda:0
Loading data...
Loading dataset...
Applying ema filter to sensor data...
Filter settings: EMA with alpha=0.3
Filtering training data...
Filtering test data...
Low-pass filtering complete.
Removing irrelevant data...
Concatenating samples...
Normalizaing inputs...
Total samples for train: 2280081.
Total samples for test: 216842.
Train samples: 2280081, Test samples: 216842
Loading pretrained model from: outputs/cnn_filter_comparison/ema_a03_s03_a03/model_weights_10.pt

================================================================================
BASELINE EVALUATION (Before Pruning)
================================================================================
Baseline Accuracy: 0.9645
Baseline Recall:   0.8969
Baseline Precision: 0.9512
Baseline Size:     56.36 KB
Baseline Params:   13,897

Target Pruning: 50%
Pruning Schedule: 5 iterations

================================================================================
ITERATION 1/5: Prune 10%, Fine-tune 3 epochs
================================================================================

Applying pruning...
Pruned FC Layer 1: 64 → 58 neurons (6 removed, 9.4%)

Evaluating after pruning (before fine-tuning)...
After Pruning: Accuracy = 0.9235 (drop: 0.0410)

Fine-tuning for 3 epochs with LRs: [0.0001, 1e-05, 1e-05]...
  Epoch 1/3: Train Loss = 0.0995, Test Acc = 0.9619, LR = 1.00e-04
  Epoch 2/3: Train Loss = 0.0950, Test Acc = 0.9635, LR = 1.00e-05
  Epoch 3/3: Train Loss = 0.0946, Test Acc = 0.9643, LR = 1.00e-05

Iteration 1 Summary:
  Accuracy:   0.9643
  Recall:     0.8997
  Precision:  0.9471
  Model Size: 106.36 KB
  Parameters: 13,897
  Saved: outputs/pruning/ema_s03_prune50pct_seed42/pruned_iter1.pt

================================================================================
ITERATION 2/5: Prune 10%, Fine-tune 3 epochs
================================================================================

Applying pruning...
Pruned FC Layer 1: 64 → 52 neurons (12 removed, 18.8%)

Evaluating after pruning (before fine-tuning)...
After Pruning: Accuracy = 0.9154 (drop: 0.0491)

Fine-tuning for 3 epochs with LRs: [1e-05, 1e-05, 1e-06]...
  Epoch 1/3: Train Loss = 0.0990, Test Acc = 0.9629, LR = 1.00e-05
  Epoch 2/3: Train Loss = 0.0972, Test Acc = 0.9624, LR = 1.00e-05
  Epoch 3/3: Train Loss = 0.0969, Test Acc = 0.9605, LR = 1.00e-06

Iteration 2 Summary:
  Accuracy:   0.9605
  Recall:     0.8770
  Precision:  0.9539
  Model Size: 106.36 KB
  Parameters: 13,897
  Saved: outputs/pruning/ema_s03_prune50pct_seed42/pruned_iter2.pt

================================================================================
ITERATION 3/5: Prune 10%, Fine-tune 3 epochs
================================================================================

Applying pruning...
Pruned FC Layer 1: 64 → 47 neurons (17 removed, 26.6%)

Evaluating after pruning (before fine-tuning)...
After Pruning: Accuracy = 0.9266 (drop: 0.0379)

Fine-tuning for 3 epochs with LRs: [1e-05, 1e-06, 1e-06]...
  Epoch 1/3: Train Loss = 0.1024, Test Acc = 0.9583, LR = 1.00e-05
  Epoch 2/3: Train Loss = 0.1003, Test Acc = 0.9615, LR = 1.00e-06
  Epoch 3/3: Train Loss = 0.1001, Test Acc = 0.9608, LR = 1.00e-06

Iteration 3 Summary:
  Accuracy:   0.9608
  Recall:     0.8805
  Precision:  0.9489
  Model Size: 106.36 KB
  Parameters: 13,897
  Saved: outputs/pruning/ema_s03_prune50pct_seed42/pruned_iter3.pt

================================================================================
ITERATION 4/5: Prune 10%, Fine-tune 3 epochs
================================================================================

Applying pruning...
Pruned FC Layer 1: 64 → 42 neurons (22 removed, 34.4%)

Evaluating after pruning (before fine-tuning)...
After Pruning: Accuracy = 0.9289 (drop: 0.0356)

Fine-tuning for 3 epochs with LRs: [1e-06, 1e-06, 1e-06]...
  Epoch 1/3: Train Loss = 0.1110, Test Acc = 0.9609, LR = 1.00e-06
  Epoch 2/3: Train Loss = 0.1059, Test Acc = 0.9623, LR = 1.00e-06
  Epoch 3/3: Train Loss = 0.1053, Test Acc = 0.9604, LR = 1.00e-06

Iteration 4 Summary:
  Accuracy:   0.9604
  Recall:     0.8798
  Precision:  0.9484
  Model Size: 106.36 KB
  Parameters: 13,897
  Saved: outputs/pruning/ema_s03_prune50pct_seed42/pruned_iter4.pt

================================================================================
ITERATION 5/5: Prune 10%, Fine-tune 4 epochs
================================================================================

Applying pruning...
Pruned FC Layer 1: 64 → 38 neurons (26 removed, 40.6%)

Evaluating after pruning (before fine-tuning)...
After Pruning: Accuracy = 0.9472 (drop: 0.0173)

Fine-tuning for 4 epochs with LRs: [1e-06, 1e-06, 1e-06, 1e-06]...
  Epoch 1/4: Train Loss = 0.1218, Test Acc = 0.9556, LR = 1.00e-06
  Epoch 2/4: Train Loss = 0.1138, Test Acc = 0.9535, LR = 1.00e-06
  Epoch 3/4: Train Loss = 0.1119, Test Acc = 0.9576, LR = 1.00e-06
  Epoch 4/4: Train Loss = 0.1110, Test Acc = 0.9532, LR = 1.00e-06

Iteration 5 Summary:
  Accuracy:   0.9532
  Recall:     0.8461
  Precision:  0.9462
  Model Size: 106.36 KB
  Parameters: 13,897
  Saved: outputs/pruning/ema_s03_prune50pct_seed42/pruned_iter5.pt

================================================================================
FINALIZING: Making pruning permanent
================================================================================
Made pruning permanent: 106.36 KB → 56.36 KB (50.00 KB saved)
Parameters: 13897 → 13897 (0 removed)

================================================================================
COMPRESSING: Physically removing pruned neurons
================================================================================
Physically removing 26 pruned neurons: 64 → 38
Model size: 56.36 KB → 35.04 KB (21.33 KB saved, 1.61x compression)
Parameters: 13,897 → 8,489 (5,408 removed)

================================================================================
FINAL EVALUATION
================================================================================
Final Accuracy:   0.9505 (baseline: 0.9645)
Accuracy Drop:    0.0140
Final Recall:     0.8334
Final Precision:  0.9388
Final Size:       35.04 KB (baseline: 56.36 KB)
Size Reduction:   21.33 KB (37.8%)
Final Parameters: 8,489 (baseline: 13,897)
Compression Ratio: 1.61×

Saved final model: outputs/pruning/ema_s03_prune50pct_seed42/pruned_final.pt

All results saved to: outputs/pruning/ema_s03_prune50pct_seed42
================================================================================
PRUNING COMPLETE!
================================================================================

================================================
EXPERIMENT COMPLETE
================================================
Exit code: 0
Finished at: Sat 03 Jan 2026 05:06:15 AM IST
✓ Success
