================================================
PRUNING EXPERIMENT
================================================
Job ID: 341603
Config: prune_ema_s06_50pct_seed42.json
Starting at: Sun 04 Jan 2026 06:01:18 AM IST
Node: lambda1

environment: line 38: /usr/bin/tclsh8.6: No such file or directory
environment: line 38: /usr/bin/tclsh8.6: No such file or directory
Python: /home/zina.assi/miniconda3/envs/imugr/bin/python
Conda env: imugr

================================================
STARTING PRUNING
================================================
Loading config from: config/pruning/prune_ema_s06_50pct_seed42.json
Using device: cuda:0
Loading data...
Loading dataset...
Applying ema filter to sensor data...
Filter settings: EMA with alpha=0.3
Filtering training data...
Filtering test data...
Low-pass filtering complete.
Removing irrelevant data...
Concatenating samples...
Normalizaing inputs...
Total samples for train: 2237782.
Total samples for test: 259141.
Train samples: 2237782, Test samples: 259141
Loading pretrained model from: outputs/cnn_filter_comparison/ema_a03_s06_a03/model_weights_10.pt

================================================================================
BASELINE EVALUATION (Before Pruning)
================================================================================
Baseline Accuracy: 0.9600
Baseline Recall:   0.8934
Baseline Precision: 0.9216
Baseline Size:     56.36 KB
Baseline Params:   13,897

Target Pruning: 50%
Pruning Schedule: 5 iterations

================================================================================
ITERATION 1/5: Prune 10%, Fine-tune 3 epochs
================================================================================

Applying pruning...
Pruned FC Layer 1: 64 → 58 neurons (6 removed, 9.4%)

Evaluating after pruning (before fine-tuning)...
After Pruning: Accuracy = 0.9481 (drop: 0.0119)

Fine-tuning for 3 epochs with LRs: [0.0001, 1e-05, 1e-05]...
  Epoch 1/3: Train Loss = 0.0961, Test Acc = 0.9593, LR = 1.00e-04
  Epoch 2/3: Train Loss = 0.0919, Test Acc = 0.9612, LR = 1.00e-05
  Epoch 3/3: Train Loss = 0.0910, Test Acc = 0.9608, LR = 1.00e-05

Iteration 1 Summary:
  Accuracy:   0.9608
  Recall:     0.8919
  Precision:  0.9250
  Model Size: 106.36 KB
  Parameters: 13,897
  Saved: outputs/pruning/ema_s06_prune50pct_seed42/pruned_iter1.pt

================================================================================
ITERATION 2/5: Prune 10%, Fine-tune 3 epochs
================================================================================

Applying pruning...
Pruned FC Layer 1: 64 → 52 neurons (12 removed, 18.8%)

Evaluating after pruning (before fine-tuning)...
After Pruning: Accuracy = 0.9567 (drop: 0.0033)

Fine-tuning for 3 epochs with LRs: [1e-05, 1e-05, 1e-06]...
  Epoch 1/3: Train Loss = 0.0957, Test Acc = 0.9598, LR = 1.00e-05
  Epoch 2/3: Train Loss = 0.0939, Test Acc = 0.9602, LR = 1.00e-05
  Epoch 3/3: Train Loss = 0.0933, Test Acc = 0.9602, LR = 1.00e-06

Iteration 2 Summary:
  Accuracy:   0.9602
  Recall:     0.8925
  Precision:  0.9228
  Model Size: 106.36 KB
  Parameters: 13,897
  Saved: outputs/pruning/ema_s06_prune50pct_seed42/pruned_iter2.pt

================================================================================
ITERATION 3/5: Prune 10%, Fine-tune 3 epochs
================================================================================

Applying pruning...
Pruned FC Layer 1: 64 → 47 neurons (17 removed, 26.6%)

Evaluating after pruning (before fine-tuning)...
After Pruning: Accuracy = 0.9513 (drop: 0.0087)

Fine-tuning for 3 epochs with LRs: [1e-05, 1e-06, 1e-06]...
  Epoch 1/3: Train Loss = 0.0979, Test Acc = 0.9594, LR = 1.00e-05
  Epoch 2/3: Train Loss = 0.0964, Test Acc = 0.9592, LR = 1.00e-06
  Epoch 3/3: Train Loss = 0.0962, Test Acc = 0.9594, LR = 1.00e-06

Iteration 3 Summary:
  Accuracy:   0.9594
  Recall:     0.8852
  Precision:  0.9248
  Model Size: 106.36 KB
  Parameters: 13,897
  Saved: outputs/pruning/ema_s06_prune50pct_seed42/pruned_iter3.pt

================================================================================
ITERATION 4/5: Prune 10%, Fine-tune 3 epochs
================================================================================

Applying pruning...
Pruned FC Layer 1: 64 → 42 neurons (22 removed, 34.4%)

Evaluating after pruning (before fine-tuning)...
After Pruning: Accuracy = 0.9541 (drop: 0.0059)

Fine-tuning for 3 epochs with LRs: [1e-06, 1e-06, 1e-06]...
  Epoch 1/3: Train Loss = 0.1100, Test Acc = 0.9578, LR = 1.00e-06
  Epoch 2/3: Train Loss = 0.1044, Test Acc = 0.9577, LR = 1.00e-06
  Epoch 3/3: Train Loss = 0.1033, Test Acc = 0.9578, LR = 1.00e-06

Iteration 4 Summary:
  Accuracy:   0.9578
  Recall:     0.8809
  Precision:  0.9229
  Model Size: 106.36 KB
  Parameters: 13,897
  Saved: outputs/pruning/ema_s06_prune50pct_seed42/pruned_iter4.pt

================================================================================
ITERATION 5/5: Prune 10%, Fine-tune 4 epochs
================================================================================

Applying pruning...
Pruned FC Layer 1: 64 → 38 neurons (26 removed, 40.6%)

Evaluating after pruning (before fine-tuning)...
After Pruning: Accuracy = 0.9487 (drop: 0.0113)

Fine-tuning for 4 epochs with LRs: [1e-06, 1e-06, 1e-06, 1e-06]...
  Epoch 1/4: Train Loss = 0.1171, Test Acc = 0.9550, LR = 1.00e-06
  Epoch 2/4: Train Loss = 0.1117, Test Acc = 0.9560, LR = 1.00e-06
  Epoch 3/4: Train Loss = 0.1100, Test Acc = 0.9559, LR = 1.00e-06
