================================================
PRUNING EXPERIMENT
================================================
Job ID: 341606
Config: prune_ema_s02_50pct_seed42.json
Starting at: Sat 03 Jan 2026 12:44:25 PM IST
Node: lambda1

Python: /home/badran.abed/miniconda3/envs/imugr/bin/python
Conda env: imugr

================================================
STARTING PRUNING
================================================
Loading config from: config/pruning/prune_ema_s02_50pct_seed42.json
Using device: cuda:0
Loading data...
Loading dataset...
Applying ema filter to sensor data...
Filter settings: EMA with alpha=0.3
Filtering training data...
Filtering test data...
Low-pass filtering complete.
Removing irrelevant data...
Concatenating samples...
Normalizaing inputs...
Total samples for train: 2213950.
Total samples for test: 282973.
Train samples: 2213950, Test samples: 282973
Loading pretrained model from: outputs/cnn_filter_comparison/ema_a03_s02_a03/model_weights_10.pt

================================================================================
BASELINE EVALUATION (Before Pruning)
================================================================================
Baseline Accuracy: 0.9641
Baseline Recall:   0.9047
Baseline Precision: 0.9512
Baseline Size:     56.36 KB
Baseline Params:   13,897

Target Pruning: 50%
Pruning Schedule: 5 iterations

================================================================================
ITERATION 1/5: Prune 10%, Fine-tune 3 epochs
================================================================================

Applying pruning...
Pruned FC Layer 1: 64 → 58 neurons (6 removed, 9.4%)

Evaluating after pruning (before fine-tuning)...
After Pruning: Accuracy = 0.9159 (drop: 0.0482)

Fine-tuning for 3 epochs with LRs: [0.0001, 1e-05, 1e-05]...
  Epoch 1/3: Train Loss = 0.1026, Test Acc = 0.9622, LR = 1.00e-04
  Epoch 2/3: Train Loss = 0.0983, Test Acc = 0.9605, LR = 1.00e-05
  Epoch 3/3: Train Loss = 0.0976, Test Acc = 0.9619, LR = 1.00e-05

Iteration 1 Summary:
  Accuracy:   0.9619
  Recall:     0.8952
  Precision:  0.9537
  Model Size: 106.36 KB
  Parameters: 13,897
  Saved: outputs/pruning/ema_s02_prune50pct_seed42/pruned_iter1.pt

================================================================================
ITERATION 2/5: Prune 10%, Fine-tune 3 epochs
================================================================================

Applying pruning...
Pruned FC Layer 1: 64 → 52 neurons (12 removed, 18.8%)

Evaluating after pruning (before fine-tuning)...
After Pruning: Accuracy = 0.9253 (drop: 0.0388)

Fine-tuning for 3 epochs with LRs: [1e-05, 1e-05, 1e-06]...
  Epoch 1/3: Train Loss = 0.1014, Test Acc = 0.9612, LR = 1.00e-05
  Epoch 2/3: Train Loss = 0.0995, Test Acc = 0.9582, LR = 1.00e-05
  Epoch 3/3: Train Loss = 0.0990, Test Acc = 0.9619, LR = 1.00e-06

Iteration 2 Summary:
  Accuracy:   0.9619
  Recall:     0.8975
  Precision:  0.9490
  Model Size: 106.36 KB
  Parameters: 13,897
  Saved: outputs/pruning/ema_s02_prune50pct_seed42/pruned_iter2.pt

================================================================================
ITERATION 3/5: Prune 10%, Fine-tune 3 epochs
================================================================================

Applying pruning...
Pruned FC Layer 1: 64 → 47 neurons (17 removed, 26.6%)

Evaluating after pruning (before fine-tuning)...
After Pruning: Accuracy = 0.9146 (drop: 0.0495)

Fine-tuning for 3 epochs with LRs: [1e-05, 1e-06, 1e-06]...
  Epoch 1/3: Train Loss = 0.1059, Test Acc = 0.9587, LR = 1.00e-05
  Epoch 2/3: Train Loss = 0.1033, Test Acc = 0.9573, LR = 1.00e-06
  Epoch 3/3: Train Loss = 0.1032, Test Acc = 0.9576, LR = 1.00e-06

Iteration 3 Summary:
  Accuracy:   0.9576
  Recall:     0.8815
  Precision:  0.9520
  Model Size: 106.36 KB
  Parameters: 13,897
  Saved: outputs/pruning/ema_s02_prune50pct_seed42/pruned_iter3.pt

================================================================================
ITERATION 4/5: Prune 10%, Fine-tune 3 epochs
================================================================================

Applying pruning...
Pruned FC Layer 1: 64 → 42 neurons (22 removed, 34.4%)

Evaluating after pruning (before fine-tuning)...
After Pruning: Accuracy = 0.9405 (drop: 0.0236)

Fine-tuning for 3 epochs with LRs: [1e-06, 1e-06, 1e-06]...
  Epoch 1/3: Train Loss = 0.1190, Test Acc = 0.9578, LR = 1.00e-06
  Epoch 2/3: Train Loss = 0.1120, Test Acc = 0.9573, LR = 1.00e-06
  Epoch 3/3: Train Loss = 0.1106, Test Acc = 0.9574, LR = 1.00e-06

Iteration 4 Summary:
  Accuracy:   0.9574
  Recall:     0.8850
  Precision:  0.9419
  Model Size: 106.36 KB
  Parameters: 13,897
  Saved: outputs/pruning/ema_s02_prune50pct_seed42/pruned_iter4.pt

================================================================================
ITERATION 5/5: Prune 10%, Fine-tune 4 epochs
================================================================================

Applying pruning...
Pruned FC Layer 1: 64 → 38 neurons (26 removed, 40.6%)

Evaluating after pruning (before fine-tuning)...
After Pruning: Accuracy = 0.9435 (drop: 0.0206)

Fine-tuning for 4 epochs with LRs: [1e-06, 1e-06, 1e-06, 1e-06]...
  Epoch 1/4: Train Loss = 0.1224, Test Acc = 0.9518, LR = 1.00e-06
  Epoch 2/4: Train Loss = 0.1170, Test Acc = 0.9550, LR = 1.00e-06
  Epoch 3/4: Train Loss = 0.1156, Test Acc = 0.9536, LR = 1.00e-06
