================================================
PRUNING EXPERIMENT
================================================
Job ID: 341600
Config: prune_ema_s06_40pct_seed42.json
Starting at: Sat Jan  3 17:41:12 IST 2026
Node: lambda2

environment: line 38: /usr/bin/tclsh8.6: No such file or directory
environment: line 38: /usr/bin/tclsh8.6: No such file or directory
Python: /home/zina.assi/miniconda3/envs/imugr/bin/python
Conda env: imugr

================================================
STARTING PRUNING
================================================
Loading config from: config/pruning/prune_ema_s06_40pct_seed42.json
Using device: cuda:0
Loading data...
Loading dataset...
Applying ema filter to sensor data...
Filter settings: EMA with alpha=0.3
Filtering training data...
Filtering test data...
Low-pass filtering complete.
Removing irrelevant data...
Concatenating samples...
Normalizaing inputs...
Total samples for train: 2237782.
Total samples for test: 259141.
Train samples: 2237782, Test samples: 259141
Loading pretrained model from: outputs/cnn_filter_comparison/ema_a03_s06_a03/model_weights_10.pt

================================================================================
BASELINE EVALUATION (Before Pruning)
================================================================================
Baseline Accuracy: 0.9600
Baseline Recall:   0.8934
Baseline Precision: 0.9216
Baseline Size:     56.36 KB
Baseline Params:   13,897

Target Pruning: 40%
Pruning Schedule: 4 iterations

================================================================================
ITERATION 1/4: Prune 10%, Fine-tune 3 epochs
================================================================================

Applying pruning...
Pruned FC Layer 1: 64 → 58 neurons (6 removed, 9.4%)

Evaluating after pruning (before fine-tuning)...
After Pruning: Accuracy = 0.9481 (drop: 0.0119)

Fine-tuning for 3 epochs with LRs: [0.0001, 1e-05, 1e-05]...
  Epoch 1/3: Train Loss = 0.0961, Test Acc = 0.9593, LR = 1.00e-04
  Epoch 2/3: Train Loss = 0.0919, Test Acc = 0.9609, LR = 1.00e-05
  Epoch 3/3: Train Loss = 0.0910, Test Acc = 0.9608, LR = 1.00e-05

Iteration 1 Summary:
  Accuracy:   0.9608
  Recall:     0.8916
  Precision:  0.9251
  Model Size: 106.36 KB
  Parameters: 13,897
  Saved: outputs/pruning/ema_s06_prune40pct_seed42/pruned_iter1.pt

================================================================================
ITERATION 2/4: Prune 10%, Fine-tune 3 epochs
================================================================================

Applying pruning...
Pruned FC Layer 1: 64 → 52 neurons (12 removed, 18.8%)

Evaluating after pruning (before fine-tuning)...
After Pruning: Accuracy = 0.9470 (drop: 0.0130)

Fine-tuning for 3 epochs with LRs: [1e-05, 1e-05, 1e-06]...
  Epoch 1/3: Train Loss = 0.0954, Test Acc = 0.9599, LR = 1.00e-05
  Epoch 2/3: Train Loss = 0.0937, Test Acc = 0.9602, LR = 1.00e-05
  Epoch 3/3: Train Loss = 0.0931, Test Acc = 0.9602, LR = 1.00e-06

Iteration 2 Summary:
  Accuracy:   0.9602
  Recall:     0.8924
  Precision:  0.9229
  Model Size: 106.36 KB
  Parameters: 13,897
  Saved: outputs/pruning/ema_s06_prune40pct_seed42/pruned_iter2.pt

================================================================================
ITERATION 3/4: Prune 10%, Fine-tune 3 epochs
================================================================================

Applying pruning...
Pruned FC Layer 1: 64 → 47 neurons (17 removed, 26.6%)

Evaluating after pruning (before fine-tuning)...
After Pruning: Accuracy = 0.9356 (drop: 0.0244)

Fine-tuning for 3 epochs with LRs: [1e-05, 1e-05, 1e-06]...
  Epoch 1/3: Train Loss = 0.0991, Test Acc = 0.9590, LR = 1.00e-05
  Epoch 2/3: Train Loss = 0.0967, Test Acc = 0.9587, LR = 1.00e-05
  Epoch 3/3: Train Loss = 0.0960, Test Acc = 0.9592, LR = 1.00e-06

Iteration 3 Summary:
  Accuracy:   0.9592
  Recall:     0.8856
  Precision:  0.9238
  Model Size: 106.36 KB
  Parameters: 13,897
  Saved: outputs/pruning/ema_s06_prune40pct_seed42/pruned_iter3.pt

================================================================================
ITERATION 4/4: Prune 10%, Fine-tune 4 epochs
================================================================================

Applying pruning...
Pruned FC Layer 1: 64 → 42 neurons (22 removed, 34.4%)

Evaluating after pruning (before fine-tuning)...
After Pruning: Accuracy = 0.9535 (drop: 0.0065)

Fine-tuning for 4 epochs with LRs: [1e-05, 1e-06, 1e-06, 1e-06]...
  Epoch 1/4: Train Loss = 0.1023, Test Acc = 0.9587, LR = 1.00e-05
  Epoch 2/4: Train Loss = 0.0999, Test Acc = 0.9586, LR = 1.00e-06
  Epoch 3/4: Train Loss = 0.0998, Test Acc = 0.9584, LR = 1.00e-06
  Epoch 4/4: Train Loss = 0.0995, Test Acc = 0.9577, LR = 1.00e-06

Iteration 4 Summary:
  Accuracy:   0.9577
  Recall:     0.8780
  Precision:  0.9247
  Model Size: 106.36 KB
  Parameters: 13,897
  Saved: outputs/pruning/ema_s06_prune40pct_seed42/pruned_iter4.pt

================================================================================
FINALIZING: Making pruning permanent
================================================================================
Made pruning permanent: 106.36 KB → 56.36 KB (50.00 KB saved)
Parameters: 13897 → 13897 (0 removed)

================================================================================
COMPRESSING: Physically removing pruned neurons
================================================================================
Physically removing 22 pruned neurons: 64 → 42
Model size: 56.36 KB → 38.32 KB (18.05 KB saved, 1.47x compression)
Parameters: 13,897 → 9,321 (4,576 removed)

================================================================================
FINAL EVALUATION
================================================================================
Final Accuracy:   0.9575 (baseline: 0.9600)
Accuracy Drop:    0.0025
Final Recall:     0.8713
Final Precision:  0.9303
Final Size:       38.32 KB (baseline: 56.36 KB)
Size Reduction:   18.05 KB (32.0%)
Final Parameters: 9,321 (baseline: 13,897)
Compression Ratio: 1.47×

Saved final model: outputs/pruning/ema_s06_prune40pct_seed42/pruned_final.pt

All results saved to: outputs/pruning/ema_s06_prune40pct_seed42
================================================================================
PRUNING COMPLETE!
================================================================================

================================================
EXPERIMENT COMPLETE
================================================
Exit code: 0
Finished at: Sat Jan  3 23:01:50 IST 2026
✓ Success
