================================================
PRUNING EXPERIMENT
================================================
Job ID: 341566
Config: prune_ema_s06_20pct_seed42.json
Starting at: Sat 03 Jan 2026 07:58:31 AM IST
Node: lambda1

Python: /home/zina.assi/miniconda3/envs/imugr/bin/python
Conda env: imugr

================================================
STARTING PRUNING
================================================
Loading config from: config/pruning/prune_ema_s06_20pct_seed42.json
Using device: cuda:0
Loading data...
Loading dataset...
Applying ema filter to sensor data...
Filter settings: EMA with alpha=0.3
Filtering training data...
Filtering test data...
Low-pass filtering complete.
Removing irrelevant data...
Concatenating samples...
Normalizaing inputs...
Total samples for train: 2237782.
Total samples for test: 259141.
Train samples: 2237782, Test samples: 259141
Loading pretrained model from: outputs/cnn_filter_comparison/ema_a03_s06_a03/model_weights_10.pt

================================================================================
BASELINE EVALUATION (Before Pruning)
================================================================================
Baseline Accuracy: 0.9600
Baseline Recall:   0.8934
Baseline Precision: 0.9216
Baseline Size:     56.36 KB
Baseline Params:   13,897

Target Pruning: 20%
Pruning Schedule: 2 iterations

================================================================================
ITERATION 1/2: Prune 10%, Fine-tune 3 epochs
================================================================================

Applying pruning...
Pruned FC Layer 1: 64 → 58 neurons (6 removed, 9.4%)

Evaluating after pruning (before fine-tuning)...
After Pruning: Accuracy = 0.9481 (drop: 0.0119)

Fine-tuning for 3 epochs with LRs: [0.0001, 1e-05, 1e-05]...
  Epoch 1/3: Train Loss = 0.0961, Test Acc = 0.9594, LR = 1.00e-04
  Epoch 2/3: Train Loss = 0.0919, Test Acc = 0.9612, LR = 1.00e-05
  Epoch 3/3: Train Loss = 0.0910, Test Acc = 0.9609, LR = 1.00e-05

Iteration 1 Summary:
  Accuracy:   0.9609
  Recall:     0.8918
  Precision:  0.9255
  Model Size: 106.36 KB
  Parameters: 13,897
  Saved: outputs/pruning/ema_s06_prune20pct_seed42/pruned_iter1.pt

================================================================================
ITERATION 2/2: Prune 10%, Fine-tune 4 epochs
================================================================================

Applying pruning...
Pruned FC Layer 1: 64 → 52 neurons (12 removed, 18.8%)

Evaluating after pruning (before fine-tuning)...
After Pruning: Accuracy = 0.9473 (drop: 0.0127)

Fine-tuning for 4 epochs with LRs: [0.0001, 1e-05, 1e-05, 1e-06]...
  Epoch 1/4: Train Loss = 0.0959, Test Acc = 0.9598, LR = 1.00e-04
  Epoch 2/4: Train Loss = 0.0921, Test Acc = 0.9604, LR = 1.00e-05
  Epoch 3/4: Train Loss = 0.0913, Test Acc = 0.9606, LR = 1.00e-05
  Epoch 4/4: Train Loss = 0.0909, Test Acc = 0.9592, LR = 1.00e-06

Iteration 2 Summary:
  Accuracy:   0.9592
  Recall:     0.8888
  Precision:  0.9217
  Model Size: 106.36 KB
  Parameters: 13,897
  Saved: outputs/pruning/ema_s06_prune20pct_seed42/pruned_iter2.pt

================================================================================
FINALIZING: Making pruning permanent
================================================================================
Made pruning permanent: 106.36 KB → 56.36 KB (50.00 KB saved)
Parameters: 13897 → 13897 (0 removed)

================================================================================
COMPRESSING: Physically removing pruned neurons
================================================================================
Physically removing 12 pruned neurons: 64 → 52
Model size: 56.36 KB → 46.52 KB (9.84 KB saved, 1.21x compression)
Parameters: 13,897 → 11,401 (2,496 removed)

================================================================================
FINAL EVALUATION
================================================================================
Final Accuracy:   0.9595 (baseline: 0.9600)
Accuracy Drop:    0.0005
Final Recall:     0.8866
Final Precision:  0.9245
Final Size:       46.52 KB (baseline: 56.36 KB)
Size Reduction:   9.84 KB (17.5%)
Final Parameters: 11,401 (baseline: 13,897)
Compression Ratio: 1.21×

Saved final model: outputs/pruning/ema_s06_prune20pct_seed42/pruned_final.pt

All results saved to: outputs/pruning/ema_s06_prune20pct_seed42
================================================================================
PRUNING COMPLETE!
================================================================================

================================================
EXPERIMENT COMPLETE
================================================
Exit code: 0
Finished at: Sat 03 Jan 2026 11:31:32 AM IST
✓ Success
