================================================
PRUNING EXPERIMENT
================================================
Job ID: 341847
Config: prune_ema_s03_40pct_seed456.json
Starting at: Sun 04 Jan 2026 06:42:27 AM IST
Node: lambda1

Python: /home/badran.abed/miniconda3/envs/imugr/bin/python
Conda env: imugr

================================================
STARTING PRUNING
================================================
Loading config from: config/pruning/prune_ema_s03_40pct_seed456.json
Using device: cuda:0
Loading data...
Loading dataset...
Applying ema filter to sensor data...
Filter settings: EMA with alpha=0.3
Filtering training data...
Filtering test data...
Low-pass filtering complete.
Removing irrelevant data...
Concatenating samples...
Normalizaing inputs...
Total samples for train: 2280081.
Total samples for test: 216842.
Train samples: 2280081, Test samples: 216842
Loading pretrained model from: outputs/cnn_filter_comparison/ema_a03_s03_a03/model_weights_10.pt

================================================================================
BASELINE EVALUATION (Before Pruning)
================================================================================
Baseline Accuracy: 0.9645
Baseline Recall:   0.8969
Baseline Precision: 0.9512
Baseline Size:     56.36 KB
Baseline Params:   13,897

Target Pruning: 40%
Pruning Schedule: 4 iterations

================================================================================
ITERATION 1/4: Prune 10%, Fine-tune 3 epochs
================================================================================

Applying pruning...
Pruned FC Layer 1: 64 → 58 neurons (6 removed, 9.4%)

Evaluating after pruning (before fine-tuning)...
After Pruning: Accuracy = 0.9235 (drop: 0.0410)

Fine-tuning for 3 epochs with LRs: [0.0001, 1e-05, 1e-05]...
  Epoch 1/3: Train Loss = 0.0995, Test Acc = 0.9610, LR = 1.00e-04
  Epoch 2/3: Train Loss = 0.0952, Test Acc = 0.9636, LR = 1.00e-05
  Epoch 3/3: Train Loss = 0.0943, Test Acc = 0.9622, LR = 1.00e-05

Iteration 1 Summary:
  Accuracy:   0.9622
  Recall:     0.8860
  Precision:  0.9492
  Model Size: 106.36 KB
  Parameters: 13,897
  Saved: outputs/pruning/ema_s03_prune40pct_seed456/pruned_iter1.pt

================================================================================
ITERATION 2/4: Prune 10%, Fine-tune 3 epochs
================================================================================

Applying pruning...
Pruned FC Layer 1: 64 → 52 neurons (12 removed, 18.8%)

Evaluating after pruning (before fine-tuning)...
After Pruning: Accuracy = 0.8881 (drop: 0.0764)

Fine-tuning for 3 epochs with LRs: [1e-05, 1e-05, 1e-06]...
  Epoch 1/3: Train Loss = 0.0985, Test Acc = 0.9628, LR = 1.00e-05
  Epoch 2/3: Train Loss = 0.0970, Test Acc = 0.9633, LR = 1.00e-05
  Epoch 3/3: Train Loss = 0.0963, Test Acc = 0.9613, LR = 1.00e-06

Iteration 2 Summary:
  Accuracy:   0.9613
  Recall:     0.8838
  Precision:  0.9491
  Model Size: 106.36 KB
  Parameters: 13,897
  Saved: outputs/pruning/ema_s03_prune40pct_seed456/pruned_iter2.pt

================================================================================
ITERATION 3/4: Prune 10%, Fine-tune 3 epochs
================================================================================

Applying pruning...
Pruned FC Layer 1: 64 → 47 neurons (17 removed, 26.6%)

Evaluating after pruning (before fine-tuning)...
After Pruning: Accuracy = 0.9467 (drop: 0.0178)

Fine-tuning for 3 epochs with LRs: [1e-05, 1e-05, 1e-06]...
  Epoch 1/3: Train Loss = 0.1024, Test Acc = 0.9592, LR = 1.00e-05
  Epoch 2/3: Train Loss = 0.1002, Test Acc = 0.9622, LR = 1.00e-05
  Epoch 3/3: Train Loss = 0.0996, Test Acc = 0.9611, LR = 1.00e-06

Iteration 3 Summary:
  Accuracy:   0.9611
  Recall:     0.8809
  Precision:  0.9492
  Model Size: 106.36 KB
  Parameters: 13,897
  Saved: outputs/pruning/ema_s03_prune40pct_seed456/pruned_iter3.pt

================================================================================
ITERATION 4/4: Prune 10%, Fine-tune 4 epochs
================================================================================

Applying pruning...
Pruned FC Layer 1: 64 → 42 neurons (22 removed, 34.4%)

Evaluating after pruning (before fine-tuning)...
After Pruning: Accuracy = 0.9257 (drop: 0.0388)

Fine-tuning for 4 epochs with LRs: [1e-05, 1e-06, 1e-06, 1e-06]...
  Epoch 1/4: Train Loss = 0.1049, Test Acc = 0.9602, LR = 1.00e-05
  Epoch 2/4: Train Loss = 0.1027, Test Acc = 0.9601, LR = 1.00e-06
  Epoch 3/4: Train Loss = 0.1025, Test Acc = 0.9613, LR = 1.00e-06
  Epoch 4/4: Train Loss = 0.1025, Test Acc = 0.9625, LR = 1.00e-06

Iteration 4 Summary:
  Accuracy:   0.9625
  Recall:     0.8901
  Precision:  0.9485
  Model Size: 106.36 KB
  Parameters: 13,897
  Saved: outputs/pruning/ema_s03_prune40pct_seed456/pruned_iter4.pt

================================================================================
FINALIZING: Making pruning permanent
================================================================================
Made pruning permanent: 106.36 KB → 56.36 KB (50.00 KB saved)
Parameters: 13897 → 13897 (0 removed)

================================================================================
COMPRESSING: Physically removing pruned neurons
================================================================================
Physically removing 22 pruned neurons: 64 → 42
Model size: 56.36 KB → 38.32 KB (18.05 KB saved, 1.47x compression)
Parameters: 13,897 → 9,321 (4,576 removed)

================================================================================
FINAL EVALUATION
================================================================================
Final Accuracy:   0.9624 (baseline: 0.9645)
Accuracy Drop:    0.0021
Final Recall:     0.8923
Final Precision:  0.9431
Final Size:       38.32 KB (baseline: 56.36 KB)
Size Reduction:   18.05 KB (32.0%)
Final Parameters: 9,321 (baseline: 13,897)
Compression Ratio: 1.47×

Saved final model: outputs/pruning/ema_s03_prune40pct_seed456/pruned_final.pt

All results saved to: outputs/pruning/ema_s03_prune40pct_seed456
================================================================================
PRUNING COMPLETE!
================================================================================

================================================
EXPERIMENT COMPLETE
================================================
Exit code: 0
Finished at: Sun 04 Jan 2026 12:34:56 PM IST
✓ Success
