================================================
PRUNING EXPERIMENT
================================================
Job ID: 341550
Config: prune_ema_s02_20pct_seed42.json
Starting at: Sat 03 Jan 2026 12:55:08 AM IST
Node: lambda1

Python: /home/badran.abed/miniconda3/envs/imugr/bin/python
Conda env: imugr

================================================
STARTING PRUNING
================================================
Loading config from: config/pruning/prune_ema_s02_20pct_seed42.json
Using device: cuda:0
Loading data...
Loading dataset...
Applying ema filter to sensor data...
Filter settings: EMA with alpha=0.3
Filtering training data...
Filtering test data...
Low-pass filtering complete.
Removing irrelevant data...
Concatenating samples...
Normalizaing inputs...
Total samples for train: 2213950.
Total samples for test: 282973.
Train samples: 2213950, Test samples: 282973
Loading pretrained model from: outputs/cnn_filter_comparison/ema_a03_s02_a03/model_weights_10.pt

================================================================================
BASELINE EVALUATION (Before Pruning)
================================================================================
Baseline Accuracy: 0.9641
Baseline Recall:   0.9047
Baseline Precision: 0.9512
Baseline Size:     56.36 KB
Baseline Params:   13,897

Target Pruning: 20%
Pruning Schedule: 2 iterations

================================================================================
ITERATION 1/2: Prune 10%, Fine-tune 3 epochs
================================================================================

Applying pruning...
Pruned FC Layer 1: 64 → 58 neurons (6 removed, 9.4%)

Evaluating after pruning (before fine-tuning)...
After Pruning: Accuracy = 0.9159 (drop: 0.0482)

Fine-tuning for 3 epochs with LRs: [0.0001, 1e-05, 1e-05]...
  Epoch 1/3: Train Loss = 0.1026, Test Acc = 0.9610, LR = 1.00e-04
  Epoch 2/3: Train Loss = 0.0983, Test Acc = 0.9606, LR = 1.00e-05
  Epoch 3/3: Train Loss = 0.0976, Test Acc = 0.9620, LR = 1.00e-05

Iteration 1 Summary:
  Accuracy:   0.9620
  Recall:     0.8956
  Precision:  0.9538
  Model Size: 106.36 KB
  Parameters: 13,897
  Saved: outputs/pruning/ema_s02_prune20pct_seed42/pruned_iter1.pt

================================================================================
ITERATION 2/2: Prune 10%, Fine-tune 4 epochs
================================================================================

Applying pruning...
Pruned FC Layer 1: 64 → 52 neurons (12 removed, 18.8%)

Evaluating after pruning (before fine-tuning)...
After Pruning: Accuracy = 0.9254 (drop: 0.0386)

Fine-tuning for 4 epochs with LRs: [0.0001, 1e-05, 1e-05, 1e-06]...
  Epoch 1/4: Train Loss = 0.1015, Test Acc = 0.9625, LR = 1.00e-04
  Epoch 2/4: Train Loss = 0.0976, Test Acc = 0.9595, LR = 1.00e-05
  Epoch 3/4: Train Loss = 0.0971, Test Acc = 0.9629, LR = 1.00e-05
  Epoch 4/4: Train Loss = 0.0964, Test Acc = 0.9629, LR = 1.00e-06

Iteration 2 Summary:
  Accuracy:   0.9629
  Recall:     0.8967
  Precision:  0.9559
  Model Size: 106.36 KB
  Parameters: 13,897
  Saved: outputs/pruning/ema_s02_prune20pct_seed42/pruned_iter2.pt

================================================================================
FINALIZING: Making pruning permanent
================================================================================
Made pruning permanent: 106.36 KB → 56.36 KB (50.00 KB saved)
Parameters: 13897 → 13897 (0 removed)

================================================================================
COMPRESSING: Physically removing pruned neurons
================================================================================
Physically removing 12 pruned neurons: 64 → 52
Model size: 56.36 KB → 46.52 KB (9.84 KB saved, 1.21x compression)
Parameters: 13,897 → 11,401 (2,496 removed)

================================================================================
FINAL EVALUATION
================================================================================
Final Accuracy:   0.9637 (baseline: 0.9641)
Accuracy Drop:    0.0003
Final Recall:     0.9013
Final Precision:  0.9548
Final Size:       46.52 KB (baseline: 56.36 KB)
Size Reduction:   9.84 KB (17.5%)
Final Parameters: 11,401 (baseline: 13,897)
Compression Ratio: 1.21×

Saved final model: outputs/pruning/ema_s02_prune20pct_seed42/pruned_final.pt

All results saved to: outputs/pruning/ema_s02_prune20pct_seed42
================================================================================
PRUNING COMPLETE!
================================================================================

================================================
EXPERIMENT COMPLETE
================================================
Exit code: 0
Finished at: Sat 03 Jan 2026 04:19:35 AM IST
✓ Success
