================================================
PRUNING EXPERIMENT
================================================
Job ID: 341562
Config: prune_ema_s03_50pct_seed456.json
Starting at: Fri 02 Jan 2026 10:21:45 PM IST
Node: lambda3

Python: /home/zina.assi/miniconda3/envs/imugr/bin/python
Conda env: imugr

================================================
STARTING PRUNING
================================================
Loading config from: config/pruning/prune_ema_s03_50pct_seed456.json
Using device: cuda:0
Loading data...
Loading dataset...
Applying ema filter to sensor data...
Filter settings: EMA with alpha=0.3
Filtering training data...
Filtering test data...
Low-pass filtering complete.
Removing irrelevant data...
Concatenating samples...
Normalizaing inputs...
Total samples for train: 2280081.
Total samples for test: 216842.
Train samples: 2280081, Test samples: 216842
Loading pretrained model from: outputs/cnn_filter_comparison/ema_a03_s03_a03/model_weights_10.pt

================================================================================
BASELINE EVALUATION (Before Pruning)
================================================================================
Baseline Accuracy: 0.9645
Baseline Recall:   0.8969
Baseline Precision: 0.9512
Baseline Size:     56.36 KB
Baseline Params:   13,897

Target Pruning: 50%
Pruning Schedule: 5 iterations

================================================================================
ITERATION 1/5: Prune 10%, Fine-tune 3 epochs
================================================================================

Applying pruning...
Pruned FC Layer 1: 64 → 58 neurons (6 removed, 9.4%)

Evaluating after pruning (before fine-tuning)...
After Pruning: Accuracy = 0.9235 (drop: 0.0410)

Fine-tuning for 3 epochs with LRs: [0.0001, 1e-05, 1e-05]...
  Epoch 1/3: Train Loss = 0.0995, Test Acc = 0.9611, LR = 1.00e-04
  Epoch 2/3: Train Loss = 0.0952, Test Acc = 0.9635, LR = 1.00e-05
  Epoch 3/3: Train Loss = 0.0943, Test Acc = 0.9623, LR = 1.00e-05

Iteration 1 Summary:
  Accuracy:   0.9623
  Recall:     0.8862
  Precision:  0.9498
  Model Size: 106.36 KB
  Parameters: 13,897
  Saved: outputs/pruning/ema_s03_prune50pct_seed456/pruned_iter1.pt

================================================================================
ITERATION 2/5: Prune 10%, Fine-tune 3 epochs
================================================================================

Applying pruning...
Pruned FC Layer 1: 64 → 52 neurons (12 removed, 18.8%)

Evaluating after pruning (before fine-tuning)...
After Pruning: Accuracy = 0.8880 (drop: 0.0765)

Fine-tuning for 3 epochs with LRs: [1e-05, 1e-05, 1e-06]...
  Epoch 1/3: Train Loss = 0.0985, Test Acc = 0.9628, LR = 1.00e-05
  Epoch 2/3: Train Loss = 0.0970, Test Acc = 0.9634, LR = 1.00e-05
  Epoch 3/3: Train Loss = 0.0963, Test Acc = 0.9612, LR = 1.00e-06

Iteration 2 Summary:
  Accuracy:   0.9612
  Recall:     0.8837
  Precision:  0.9491
  Model Size: 106.36 KB
  Parameters: 13,897
  Saved: outputs/pruning/ema_s03_prune50pct_seed456/pruned_iter2.pt

================================================================================
ITERATION 3/5: Prune 10%, Fine-tune 3 epochs
================================================================================

Applying pruning...
Pruned FC Layer 1: 64 → 47 neurons (17 removed, 26.6%)

Evaluating after pruning (before fine-tuning)...
After Pruning: Accuracy = 0.9470 (drop: 0.0175)

Fine-tuning for 3 epochs with LRs: [1e-05, 1e-06, 1e-06]...
  Epoch 1/3: Train Loss = 0.1018, Test Acc = 0.9610, LR = 1.00e-05
  Epoch 2/3: Train Loss = 0.1001, Test Acc = 0.9628, LR = 1.00e-06
  Epoch 3/3: Train Loss = 0.1000, Test Acc = 0.9619, LR = 1.00e-06

Iteration 3 Summary:
  Accuracy:   0.9619
  Recall:     0.8851
  Precision:  0.9496
  Model Size: 106.36 KB
  Parameters: 13,897
  Saved: outputs/pruning/ema_s03_prune50pct_seed456/pruned_iter3.pt

================================================================================
ITERATION 4/5: Prune 10%, Fine-tune 3 epochs
================================================================================

Applying pruning...
Pruned FC Layer 1: 64 → 42 neurons (22 removed, 34.4%)

Evaluating after pruning (before fine-tuning)...
After Pruning: Accuracy = 0.9260 (drop: 0.0385)

Fine-tuning for 3 epochs with LRs: [1e-06, 1e-06, 1e-06]...
  Epoch 1/3: Train Loss = 0.1100, Test Acc = 0.9578, LR = 1.00e-06
  Epoch 2/3: Train Loss = 0.1065, Test Acc = 0.9583, LR = 1.00e-06
  Epoch 3/3: Train Loss = 0.1056, Test Acc = 0.9600, LR = 1.00e-06

Iteration 4 Summary:
  Accuracy:   0.9600
  Recall:     0.8773
  Precision:  0.9472
  Model Size: 106.36 KB
  Parameters: 13,897
  Saved: outputs/pruning/ema_s03_prune50pct_seed456/pruned_iter4.pt

================================================================================
ITERATION 5/5: Prune 10%, Fine-tune 4 epochs
================================================================================

Applying pruning...
Pruned FC Layer 1: 64 → 38 neurons (26 removed, 40.6%)

Evaluating after pruning (before fine-tuning)...
After Pruning: Accuracy = 0.9340 (drop: 0.0305)

Fine-tuning for 4 epochs with LRs: [1e-06, 1e-06, 1e-06, 1e-06]...
  Epoch 1/4: Train Loss = 0.1186, Test Acc = 0.9533, LR = 1.00e-06
  Epoch 2/4: Train Loss = 0.1133, Test Acc = 0.9520, LR = 1.00e-06
  Epoch 3/4: Train Loss = 0.1119, Test Acc = 0.9562, LR = 1.00e-06
  Epoch 4/4: Train Loss = 0.1109, Test Acc = 0.9550, LR = 1.00e-06

Iteration 5 Summary:
  Accuracy:   0.9550
  Recall:     0.8565
  Precision:  0.9388
  Model Size: 106.36 KB
  Parameters: 13,897
  Saved: outputs/pruning/ema_s03_prune50pct_seed456/pruned_iter5.pt

================================================================================
FINALIZING: Making pruning permanent
================================================================================
Made pruning permanent: 106.36 KB → 56.36 KB (50.00 KB saved)
Parameters: 13897 → 13897 (0 removed)

================================================================================
COMPRESSING: Physically removing pruned neurons
================================================================================
Physically removing 26 pruned neurons: 64 → 38
Model size: 56.36 KB → 35.04 KB (21.33 KB saved, 1.61x compression)
Parameters: 13,897 → 8,489 (5,408 removed)

================================================================================
FINAL EVALUATION
================================================================================
Final Accuracy:   0.9508 (baseline: 0.9645)
Accuracy Drop:    0.0137
Final Recall:     0.8391
Final Precision:  0.9287
Final Size:       35.04 KB (baseline: 56.36 KB)
Size Reduction:   21.33 KB (37.8%)
Final Parameters: 8,489 (baseline: 13,897)
Compression Ratio: 1.61×

Saved final model: outputs/pruning/ema_s03_prune50pct_seed456/pruned_final.pt

All results saved to: outputs/pruning/ema_s03_prune50pct_seed456
================================================================================
PRUNING COMPLETE!
================================================================================

================================================
EXPERIMENT COMPLETE
================================================
Exit code: 0
Finished at: Sat 03 Jan 2026 04:55:52 AM IST
✓ Success
