================================================
FILTER EXPERIMENT - REDO
================================================
Job ID: 340199
Node: lambda1
Config: biquad_30hz_q10
Subject: 3
Config file: config/filter_redo/biquad_30hz_q10_s03.json
Starting at: Mon 29 Dec 2025 10:33:30 PM IST

environment: line 38: /usr/bin/tclsh8.6: No such file or directory
environment: line 38: /usr/bin/tclsh8.6: No such file or directory
Python: /home/badran.abed/miniconda3/envs/imugr/bin/python
Conda env: imugr

================================================
STARTING TRAINING
================================================
Loading dataset...
Applying biquad filter to sensor data...
Filter settings: Biquad 30Hz Q=1.0
Filtering training data...
Filtering test data...
Low-pass filtering complete.
Removing irrelevant data...
Concatenating samples...
Normalizaing inputs...
Total samples for train: 2280081.
Total samples for test: 216842.
Started training...
Epoch: 1, Loss: 0.574, Test Loss: 0.275, Accuracy: 0.906, Recall: 0.673, Precision: 0.875.
Epoch: 2, Loss: 0.189, Test Loss: 0.162, Accuracy: 0.945, Recall: 0.828, Precision: 0.931.
Epoch: 3, Loss: 0.149, Test Loss: 0.146, Accuracy: 0.951, Recall: 0.843, Precision: 0.946.
Epoch: 4, Loss: 0.131, Test Loss: 0.128, Accuracy: 0.959, Recall: 0.876, Precision: 0.949.
Epoch: 5, Loss: 0.121, Test Loss: 0.127, Accuracy: 0.959, Recall: 0.870, Precision: 0.954.
Saving weights to outputs/filter_redo/biquad_30hz_q10_s03
Epoch: 6, Loss: 0.115, Test Loss: 0.123, Accuracy: 0.960, Recall: 0.877, Precision: 0.951.
Epoch: 7, Loss: 0.109, Test Loss: 0.118, Accuracy: 0.963, Recall: 0.887, Precision: 0.953.
Epoch: 8, Loss: 0.106, Test Loss: 0.122, Accuracy: 0.962, Recall: 0.884, Precision: 0.953.
Epoch: 9, Loss: 0.103, Test Loss: 0.119, Accuracy: 0.963, Recall: 0.891, Precision: 0.949.
Epoch: 10, Loss: 0.100, Test Loss: 0.126, Accuracy: 0.960, Recall: 0.878, Precision: 0.953.
Saving weights to outputs/filter_redo/biquad_30hz_q10_s03

================================================
EXPERIMENT COMPLETE
================================================
Exit code: 0
Finished at: Tue 30 Dec 2025 02:48:32 AM IST
✓ Success: biquad_30hz_q10 subject 3
