================================================
FILTER EXPERIMENT - REDO
================================================
Job ID: 340122
Node: lambda3
Config: butterworth_40hz_o2
Subject: 6
Config file: config/filter_redo/butterworth_40hz_o2_s06.json
Starting at: Mon 29 Dec 2025 02:47:47 PM IST

environment: line 38: /usr/bin/tclsh8.6: No such file or directory
environment: line 38: /usr/bin/tclsh8.6: No such file or directory
Python: /home/badran.abed/miniconda3/envs/imugr/bin/python
Conda env: imugr

================================================
STARTING TRAINING
================================================
Loading dataset...
Applying butterworth filter to sensor data...
Filter settings: Butterworth 40Hz Order=2
Filtering training data...
Filtering test data...
Low-pass filtering complete.
Removing irrelevant data...
Concatenating samples...
Normalizaing inputs...
Total samples for train: 2237782.
Total samples for test: 259141.
Started training...
Epoch: 1, Loss: 0.513, Test Loss: 0.211, Accuracy: 0.944, Recall: 0.823, Precision: 0.901.
Epoch: 2, Loss: 0.185, Test Loss: 0.182, Accuracy: 0.951, Recall: 0.864, Precision: 0.907.
Epoch: 3, Loss: 0.147, Test Loss: 0.175, Accuracy: 0.953, Recall: 0.877, Precision: 0.906.
Epoch: 4, Loss: 0.129, Test Loss: 0.169, Accuracy: 0.954, Recall: 0.885, Precision: 0.904.
