================================================
FILTER EXPERIMENT - REDO
================================================
Job ID: 340057
Node: lambda2
Config: butterworth_40hz_o2
Subject: 6
Config file: config/filter_redo/butterworth_40hz_o2_s06.json
Starting at: Mon Dec 29 12:15:40 IST 2025

environment: line 38: /usr/bin/tclsh8.6: No such file or directory
environment: line 38: /usr/bin/tclsh8.6: No such file or directory
Python: /home/badran.abed/miniconda3/envs/imugr/bin/python
Conda env: imugr

================================================
STARTING TRAINING
================================================
Loading dataset...
Applying butterworth filter to sensor data...
Filter settings: Butterworth 40Hz Order=2
Filtering training data...
Filtering test data...
Low-pass filtering complete.
Removing irrelevant data...
Concatenating samples...
Normalizaing inputs...

================================================
EXPERIMENT COMPLETE
================================================
Exit code: 1
Finished at: Mon Dec 29 12:46:42 IST 2025
✗ Failed: butterworth_40hz_o2 subject 6 (exit code 1)
