================================================
FILTER EXPERIMENT - REDO
================================================
Job ID: 340109
Node: lambda2
Config: kalman_q0001_r0001
Subject: 2
Config file: config/filter_redo/kalman_q0001_r0001_s02.json
Starting at: Mon Dec 29 14:47:16 IST 2025

environment: line 38: /usr/bin/tclsh8.6: No such file or directory
environment: line 38: /usr/bin/tclsh8.6: No such file or directory
Python: /home/zina.assi/miniconda3/envs/imugr/bin/python
Conda env: imugr

================================================
STARTING TRAINING
================================================
Loading dataset...
Applying kalman filter to sensor data...
Filter settings: Kalman Q=0.0001 R=0.0001
Filtering training data...
Filtering test data...
Low-pass filtering complete.
Removing irrelevant data...
Concatenating samples...
Normalizaing inputs...
Total samples for train: 2213950.
Total samples for test: 282973.
Started training...
Epoch: 1, Loss: 0.482, Test Loss: 0.253, Accuracy: 0.910, Recall: 0.734, Precision: 0.905.
Epoch: 2, Loss: 0.182, Test Loss: 0.178, Accuracy: 0.937, Recall: 0.846, Precision: 0.914.
Epoch: 3, Loss: 0.145, Test Loss: 0.159, Accuracy: 0.942, Recall: 0.858, Precision: 0.912.
