================================================
FILTER EXPERIMENT - REDO
================================================
Job ID: 340067
Node: lambda2
Config: kalman_q0001_r0001
Subject: 6
Config file: config/filter_redo/kalman_q0001_r0001_s06.json
Starting at: Mon Dec 29 12:20:09 IST 2025

environment: line 38: /usr/bin/tclsh8.6: No such file or directory
environment: line 38: /usr/bin/tclsh8.6: No such file or directory
Python: /home/zina.assi/miniconda3/envs/imugr/bin/python
Conda env: imugr

================================================
STARTING TRAINING
================================================
Loading dataset...
Applying kalman filter to sensor data...
Filter settings: Kalman Q=0.0001 R=0.0001
Filtering training data...
Filtering test data...
Low-pass filtering complete.
Removing irrelevant data...
Concatenating samples...
Normalizaing inputs...

================================================
EXPERIMENT COMPLETE
================================================
Exit code: 1
Finished at: Mon Dec 29 12:50:47 IST 2025
✗ Failed: kalman_q0001_r0001 subject 6 (exit code 1)
