================================================
FILTER EXPERIMENT - REDO
================================================
Job ID: 340197
Node: lambda3
Config: butterworth_40hz_o2
Subject: 6
Config file: config/filter_redo/butterworth_40hz_o2_s06.json
Starting at: Mon 29 Dec 2025 06:17:47 PM IST

environment: line 38: /usr/bin/tclsh8.6: No such file or directory
environment: line 38: /usr/bin/tclsh8.6: No such file or directory
Python: /home/badran.abed/miniconda3/envs/imugr/bin/python
Conda env: imugr

================================================
STARTING TRAINING
================================================
Loading dataset...
Applying butterworth filter to sensor data...
Filter settings: Butterworth 40Hz Order=2
Filtering training data...
Filtering test data...
Low-pass filtering complete.
Removing irrelevant data...
Concatenating samples...
Normalizaing inputs...
Total samples for train: 2237782.
Total samples for test: 259141.
Started training...
Epoch: 1, Loss: 0.511, Test Loss: 0.213, Accuracy: 0.939, Recall: 0.799, Precision: 0.893.
Epoch: 2, Loss: 0.190, Test Loss: 0.177, Accuracy: 0.950, Recall: 0.866, Precision: 0.900.
Epoch: 3, Loss: 0.149, Test Loss: 0.165, Accuracy: 0.954, Recall: 0.872, Precision: 0.913.
Epoch: 4, Loss: 0.131, Test Loss: 0.153, Accuracy: 0.956, Recall: 0.876, Precision: 0.918.
Epoch: 5, Loss: 0.119, Test Loss: 0.149, Accuracy: 0.958, Recall: 0.883, Precision: 0.922.
Saving weights to outputs/filter_redo/butterworth_40hz_o2_s06
Epoch: 6, Loss: 0.111, Test Loss: 0.150, Accuracy: 0.958, Recall: 0.877, Precision: 0.926.
Epoch: 7, Loss: 0.106, Test Loss: 0.148, Accuracy: 0.960, Recall: 0.877, Precision: 0.936.
Epoch: 8, Loss: 0.102, Test Loss: 0.141, Accuracy: 0.960, Recall: 0.884, Precision: 0.931.
Epoch: 9, Loss: 0.099, Test Loss: 0.144, Accuracy: 0.961, Recall: 0.887, Precision: 0.929.
Epoch: 10, Loss: 0.096, Test Loss: 0.140, Accuracy: 0.962, Recall: 0.890, Precision: 0.932.
Saving weights to outputs/filter_redo/butterworth_40hz_o2_s06

================================================
EXPERIMENT COMPLETE
================================================
Exit code: 0
Finished at: Mon 29 Dec 2025 10:14:21 PM IST
✓ Success: butterworth_40hz_o2 subject 6
