================================================
FILTER EXPERIMENT - REDO
================================================
Job ID: 340111
Node: lambda2
Config: kalman_q0001_r0001
Subject: 6
Config file: config/filter_redo/kalman_q0001_r0001_s06.json
Starting at: Mon Dec 29 14:47:16 IST 2025

environment: line 38: /usr/bin/tclsh8.6: No such file or directory
environment: line 38: /usr/bin/tclsh8.6: No such file or directory
Python: /home/zina.assi/miniconda3/envs/imugr/bin/python
Conda env: imugr

================================================
STARTING TRAINING
================================================
Loading dataset...
Applying kalman filter to sensor data...
Filter settings: Kalman Q=0.0001 R=0.0001
Filtering training data...
Filtering test data...
Low-pass filtering complete.
Removing irrelevant data...
Concatenating samples...
Normalizaing inputs...
Total samples for train: 2237782.
Total samples for test: 259141.
Started training...
Epoch: 1, Loss: 0.547, Test Loss: 0.203, Accuracy: 0.943, Recall: 0.807, Precision: 0.912.
Epoch: 2, Loss: 0.189, Test Loss: 0.184, Accuracy: 0.951, Recall: 0.858, Precision: 0.909.
Epoch: 3, Loss: 0.149, Test Loss: 0.178, Accuracy: 0.952, Recall: 0.860, Precision: 0.913.
