================================================
FILTER EXPERIMENT - REDO
================================================
Job ID: 340189
Node: lambda1
Config: kalman_smooth_q001_r01
Subject: 2
Config file: config/filter_redo/kalman_smooth_q001_r01_s02.json
Starting at: Tue 30 Dec 2025 02:47:05 AM IST

environment: line 38: /usr/bin/tclsh8.6: No such file or directory
environment: line 38: /usr/bin/tclsh8.6: No such file or directory
Python: /home/zina.assi/miniconda3/envs/imugr/bin/python
Conda env: imugr

================================================
STARTING TRAINING
================================================
Loading dataset...
Applying kalman filter to sensor data...
Filter settings: Kalman Q=0.001 R=0.1
Filtering training data...
Filtering test data...
Low-pass filtering complete.
Removing irrelevant data...
Concatenating samples...
Normalizaing inputs...
Total samples for train: 2213950.
Total samples for test: 282973.
Started training...
Epoch: 1, Loss: 0.539, Test Loss: 0.246, Accuracy: 0.915, Recall: 0.744, Precision: 0.884.
Epoch: 2, Loss: 0.188, Test Loss: 0.174, Accuracy: 0.943, Recall: 0.847, Precision: 0.914.
Epoch: 3, Loss: 0.151, Test Loss: 0.156, Accuracy: 0.950, Recall: 0.868, Precision: 0.927.
Epoch: 4, Loss: 0.133, Test Loss: 0.156, Accuracy: 0.950, Recall: 0.864, Precision: 0.934.
Epoch: 5, Loss: 0.122, Test Loss: 0.154, Accuracy: 0.951, Recall: 0.866, Precision: 0.938.
Saving weights to outputs/filter_redo/kalman_smooth_q001_r01_s02
Epoch: 6, Loss: 0.114, Test Loss: 0.145, Accuracy: 0.954, Recall: 0.874, Precision: 0.942.
Epoch: 7, Loss: 0.109, Test Loss: 0.138, Accuracy: 0.957, Recall: 0.885, Precision: 0.944.
Epoch: 8, Loss: 0.105, Test Loss: 0.131, Accuracy: 0.961, Recall: 0.894, Precision: 0.950.
Epoch: 9, Loss: 0.102, Test Loss: 0.143, Accuracy: 0.957, Recall: 0.878, Precision: 0.946.
Epoch: 10, Loss: 0.099, Test Loss: 0.138, Accuracy: 0.959, Recall: 0.889, Precision: 0.942.
Saving weights to outputs/filter_redo/kalman_smooth_q001_r01_s02

================================================
EXPERIMENT COMPLETE
================================================
Exit code: 0
Finished at: Tue 30 Dec 2025 07:28:55 AM IST
✓ Success: kalman_smooth_q001_r01 subject 2
